Archive member included to satisfy reference by file (symbol)

C:/ST/STM32CubeIDE_1.16.1/STM32CubeIDE/plugins/com.st.stm32cube.ide.mcu.externaltools.gnu-tools-for-stm32.12.3.rel1.win32_1.0.200.202406191623/tools/bin/../lib/gcc/arm-none-eabi/12.3.1/../../../../arm-none-eabi/lib/thumb/v8-m.main+fp/hard\libc_nano.a(libc_a-exit.o)
                              C:/ST/STM32CubeIDE_1.16.1/STM32CubeIDE/plugins/com.st.stm32cube.ide.mcu.externaltools.gnu-tools-for-stm32.12.3.rel1.win32_1.0.200.202406191623/tools/bin/../lib/gcc/arm-none-eabi/12.3.1/../../../../arm-none-eabi/lib/thumb/v8-m.main+fp/hard/crt0.o (exit)
C:/ST/STM32CubeIDE_1.16.1/STM32CubeIDE/plugins/com.st.stm32cube.ide.mcu.externaltools.gnu-tools-for-stm32.12.3.rel1.win32_1.0.200.202406191623/tools/bin/../lib/gcc/arm-none-eabi/12.3.1/../../../../arm-none-eabi/lib/thumb/v8-m.main+fp/hard\libc_nano.a(libc_a-findfp.o)
                              C:/ST/STM32CubeIDE_1.16.1/STM32CubeIDE/plugins/com.st.stm32cube.ide.mcu.externaltools.gnu-tools-for-stm32.12.3.rel1.win32_1.0.200.202406191623/tools/bin/../lib/gcc/arm-none-eabi/12.3.1/../../../../arm-none-eabi/lib/thumb/v8-m.main+fp/hard\libc_nano.a(libc_a-exit.o) (__stdio_exit_handler)
C:/ST/STM32CubeIDE_1.16.1/STM32CubeIDE/plugins/com.st.stm32cube.ide.mcu.externaltools.gnu-tools-for-stm32.12.3.rel1.win32_1.0.200.202406191623/tools/bin/../lib/gcc/arm-none-eabi/12.3.1/../../../../arm-none-eabi/lib/thumb/v8-m.main+fp/hard\libc_nano.a(libc_a-fwalk.o)
                              C:/ST/STM32CubeIDE_1.16.1/STM32CubeIDE/plugins/com.st.stm32cube.ide.mcu.externaltools.gnu-tools-for-stm32.12.3.rel1.win32_1.0.200.202406191623/tools/bin/../lib/gcc/arm-none-eabi/12.3.1/../../../../arm-none-eabi/lib/thumb/v8-m.main+fp/hard\libc_nano.a(libc_a-findfp.o) (_fwalk_sglue)
C:/ST/STM32CubeIDE_1.16.1/STM32CubeIDE/plugins/com.st.stm32cube.ide.mcu.externaltools.gnu-tools-for-stm32.12.3.rel1.win32_1.0.200.202406191623/tools/bin/../lib/gcc/arm-none-eabi/12.3.1/../../../../arm-none-eabi/lib/thumb/v8-m.main+fp/hard\libc_nano.a(libc_a-stdio.o)
                              C:/ST/STM32CubeIDE_1.16.1/STM32CubeIDE/plugins/com.st.stm32cube.ide.mcu.externaltools.gnu-tools-for-stm32.12.3.rel1.win32_1.0.200.202406191623/tools/bin/../lib/gcc/arm-none-eabi/12.3.1/../../../../arm-none-eabi/lib/thumb/v8-m.main+fp/hard\libc_nano.a(libc_a-findfp.o) (__sread)
C:/ST/STM32CubeIDE_1.16.1/STM32CubeIDE/plugins/com.st.stm32cube.ide.mcu.externaltools.gnu-tools-for-stm32.12.3.rel1.win32_1.0.200.202406191623/tools/bin/../lib/gcc/arm-none-eabi/12.3.1/../../../../arm-none-eabi/lib/thumb/v8-m.main+fp/hard\libc_nano.a(libc_a-memmove.o)
                              ./Drivers/STM32H5xx_HAL_Driver/Src/stm32h5xx_hal_dma_ex.o (memmove)
C:/ST/STM32CubeIDE_1.16.1/STM32CubeIDE/plugins/com.st.stm32cube.ide.mcu.externaltools.gnu-tools-for-stm32.12.3.rel1.win32_1.0.200.202406191623/tools/bin/../lib/gcc/arm-none-eabi/12.3.1/../../../../arm-none-eabi/lib/thumb/v8-m.main+fp/hard\libc_nano.a(libc_a-memset.o)
                              C:/ST/STM32CubeIDE_1.16.1/STM32CubeIDE/plugins/com.st.stm32cube.ide.mcu.externaltools.gnu-tools-for-stm32.12.3.rel1.win32_1.0.200.202406191623/tools/bin/../lib/gcc/arm-none-eabi/12.3.1/../../../../arm-none-eabi/lib/thumb/v8-m.main+fp/hard/crt0.o (memset)
C:/ST/STM32CubeIDE_1.16.1/STM32CubeIDE/plugins/com.st.stm32cube.ide.mcu.externaltools.gnu-tools-for-stm32.12.3.rel1.win32_1.0.200.202406191623/tools/bin/../lib/gcc/arm-none-eabi/12.3.1/../../../../arm-none-eabi/lib/thumb/v8-m.main+fp/hard\libc_nano.a(libc_a-closer.o)
                              C:/ST/STM32CubeIDE_1.16.1/STM32CubeIDE/plugins/com.st.stm32cube.ide.mcu.externaltools.gnu-tools-for-stm32.12.3.rel1.win32_1.0.200.202406191623/tools/bin/../lib/gcc/arm-none-eabi/12.3.1/../../../../arm-none-eabi/lib/thumb/v8-m.main+fp/hard\libc_nano.a(libc_a-stdio.o) (_close_r)
C:/ST/STM32CubeIDE_1.16.1/STM32CubeIDE/plugins/com.st.stm32cube.ide.mcu.externaltools.gnu-tools-for-stm32.12.3.rel1.win32_1.0.200.202406191623/tools/bin/../lib/gcc/arm-none-eabi/12.3.1/../../../../arm-none-eabi/lib/thumb/v8-m.main+fp/hard\libc_nano.a(libc_a-reent.o)
                              C:/ST/STM32CubeIDE_1.16.1/STM32CubeIDE/plugins/com.st.stm32cube.ide.mcu.externaltools.gnu-tools-for-stm32.12.3.rel1.win32_1.0.200.202406191623/tools/bin/../lib/gcc/arm-none-eabi/12.3.1/../../../../arm-none-eabi/lib/thumb/v8-m.main+fp/hard\libc_nano.a(libc_a-closer.o) (errno)
C:/ST/STM32CubeIDE_1.16.1/STM32CubeIDE/plugins/com.st.stm32cube.ide.mcu.externaltools.gnu-tools-for-stm32.12.3.rel1.win32_1.0.200.202406191623/tools/bin/../lib/gcc/arm-none-eabi/12.3.1/../../../../arm-none-eabi/lib/thumb/v8-m.main+fp/hard\libc_nano.a(libc_a-impure.o)
[...]
Memory Configuration

Name             Origin             Length             Attributes
RAM              0x20000000         0x00044000         xrw
FLASH            0x08000000         0x00080000         xr
*default*        0x00000000         0xffffffff

Linker script and memory map

LOAD C:/ST/STM32CubeIDE_1.16.1/STM32CubeIDE/plugins/com.st.stm32cube.ide.mcu.externaltools.gnu-tools-for-stm32.12.3.rel1.win32_1.0.200.202406191623/tools/bin/../lib/gcc/arm-none-eabi/12.3.1/thumb/v8-m.main+fp/hard/crti.o
LOAD C:/ST/STM32CubeIDE_1.16.1/STM32CubeIDE/plugins/com.st.stm32cube.ide.mcu.externaltools.gnu-tools-for-stm32.12.3.rel1.win32_1.0.200.202406191623/tools/bin/../lib/gcc/arm-none-eabi/12.3.1/thumb/v8-m.main+fp/hard/crtbegin.o
LOAD C:/ST/STM32CubeIDE_1.16.1/STM32CubeIDE/plugins/com.st.stm32cube.ide.mcu.externaltools.gnu-tools-for-stm32.12.3.rel1.win32_1.0.200.202406191623/tools/bin/../lib/gcc/arm-none-eabi/12.3.1/../../../../arm-none-eabi/lib/thumb/v8-m.main+fp/hard/crt0.o
LOAD ./Core/Src/app_freertos.o
LOAD ./Core/Src/main.o
LOAD ./Core/Src/stm32h5xx_hal_msp.o
LOAD ./Core/Src/stm32h5xx_hal_timebase_tim.o
LOAD ./Core/Src/stm32h5xx_it.o
LOAD ./Core/Src/syscalls.o
LOAD ./Core/Src/sysmem.o
LOAD ./Core/Src/system_stm32h5xx.o
LOAD ./Core/Startup/startup_stm32h533retx.o
LOAD ./Drivers/STM32H5xx_HAL_Driver/Src/stm32h5xx_hal.o
LOAD ./Drivers/STM32H5xx_HAL_Driver/Src/stm32h5xx_hal_cortex.o
LOAD ./Drivers/STM32H5xx_HAL_Driver/Src/stm32h5xx_hal_dma.o
LOAD ./Drivers/STM32H5xx_HAL_Driver/Src/stm32h5xx_hal_dma_ex.o
LOAD ./Drivers/STM32H5xx_HAL_Driver/Src/stm32h5xx_hal_exti.o
LOAD ./Drivers/STM32H5xx_HAL_Driver/Src/stm32h5xx_hal_flash.o
LOAD ./Drivers/STM32H5xx_HAL_Driver/Src/stm32h5xx_hal_flash_ex.o
LOAD ./Drivers/STM32H5xx_HAL_Driver/Src/stm32h5xx_hal_gpio.o
LOAD ./Drivers/STM32H5xx_HAL_Driver/Src/stm32h5xx_hal_icache.o
LOAD ./Drivers/STM32H5xx_HAL_Driver/Src/stm32h5xx_hal_pwr.o
LOAD ./Drivers/STM32H5xx_HAL_Driver/Src/stm32h5xx_hal_pwr_ex.o
LOAD ./Drivers/STM32H5xx_HAL_Driver/Src/stm32h5xx_hal_rcc.o
LOAD ./Drivers/STM32H5xx_HAL_Driver/Src/stm32h5xx_hal_rcc_ex.o
LOAD ./Drivers/STM32H5xx_HAL_Driver/Src/stm32h5xx_hal_tim.o
LOAD ./Drivers/STM32H5xx_HAL_Driver/Src/stm32h5xx_hal_tim_ex.o
LOAD ./Middlewares/Third_Party/FreeRTOS/Source/CMSIS_RTOS_V2/cmsis_os2.o
LOAD ./Middlewares/Third_Party/FreeRTOS/Source/croutine.o
LOAD ./Middlewares/Third_Party/FreeRTOS/Source/event_groups.o
LOAD ./Middlewares/Third_Party/FreeRTOS/Source/list.o
LOAD ./Middlewares/Third_Party/FreeRTOS/Source/queue.o
LOAD ./Middlewares/Third_Party/FreeRTOS/Source/stream_buffer.o
LOAD ./Middlewares/Third_Party/FreeRTOS/Source/tasks.o
LOAD ./Middlewares/Third_Party/FreeRTOS/Source/timers.o
LOAD ./Middlewares/Third_Party/FreeRTOS/Source/portable/GCC/ARM_CM33_NTZ/non_secure/port.o
LOAD ./Middlewares/Third_Party/FreeRTOS/Source/portable/GCC/ARM_CM33_NTZ/non_secure/portasm.o
LOAD ./Middlewares/Third_Party/FreeRTOS/Source/portable/MemMang/heap_4.o
START GROUP
LOAD C:/ST/STM32CubeIDE_1.16.1/STM32CubeIDE/plugins/com.st.stm32cube.ide.mcu.externaltools.gnu-tools-for-stm32.12.3.rel1.win32_1.0.200.202406191623/tools/bin/../lib/gcc/arm-none-eabi/12.3.1/../../../../arm-none-eabi/lib/thumb/v8-m.main+fp/hard\libc_nano.a
LOAD C:/ST/STM32CubeIDE_1.16.1/STM32CubeIDE/plugins/com.st.stm32cube.ide.mcu.externaltools.gnu-tools-for-stm32.12.3.rel1.win32_1.0.200.202406191623/tools/bin/../lib/gcc/arm-none-eabi/12.3.1/../../../../arm-none-eabi/lib/thumb/v8-m.main+fp/hard\libm.a
END GROUP
START GROUP
LOAD C:/ST/STM32CubeIDE_1.16.1/STM32CubeIDE/plugins/com.st.stm32cube.ide.mcu.externaltools.gnu-tools-for-stm32.12.3.rel1.win32_1.0.200.202406191623/tools/bin/../lib/gcc/arm-none-eabi/12.3.1/thumb/v8-m.main+fp/hard\libgcc.a
LOAD C:/ST/STM32CubeIDE_1.16.1/STM32CubeIDE/plugins/com.st.stm32cube.ide.mcu.externaltools.gnu-tools-for-stm32.12.3.rel1.win32_1.0.200.202406191623/tools/bin/../lib/gcc/arm-none-eabi/12.3.1/../../../../arm-none-eabi/lib/thumb/v8-m.main+fp/hard\libc_nano.a
END GROUP
START GROUP
LOAD C:/ST/STM32CubeIDE_1.16.1/STM32CubeIDE/plugins/com.st.stm32cube.ide.mcu.externaltools.gnu-tools-for-stm32.12.3.rel1.win32_1.0.200.202406191623/tools/bin/../lib/gcc/arm-none-eabi/12.3.1/thumb/v8-m.main+fp/hard\libgcc.a
LOAD C:/ST/STM32CubeIDE_1.16.1/STM32CubeIDE/plugins/com.st.stm32cube.ide.mcu.externaltools.gnu-tools-for-stm32.12.3.rel1.win32_1.0.200.202406191623/tools/bin/../lib/gcc/arm-none-eabi/12.3.1/../../../../arm-none-eabi/lib/thumb/v8-m.main+fp/hard\libc_nano.a
LOAD C:/ST/STM32CubeIDE_1.16.1/STM32CubeIDE/plugins/com.st.stm32cube.ide.mcu.externaltools.gnu-tools-for-stm32.12.3.rel1.win32_1.0.200.202406191623/tools/bin/../lib/gcc/arm-none-eabi/12.3.1/../../../../arm-none-eabi/lib/thumb/v8-m.main+fp/hard\libnosys.a
END GROUP
START GROUP
LOAD C:/ST/STM32CubeIDE_1.16.1/STM32CubeIDE/plugins/com.st.stm32cube.ide.mcu.externaltools.gnu-tools-for-stm32.12.3.rel1.win32_1.0.200.202406191623/tools/bin/../lib/gcc/arm-none-eabi/12.3.1/thumb/v8-m.main+fp/hard\libgcc.a
LOAD C:/ST/STM32CubeIDE_1.16.1/STM32CubeIDE/plugins/com.st.stm32cube.ide.mcu.externaltools.gnu-tools-for-stm32.12.3.rel1.win32_1.0.200.202406191623/tools/bin/../lib/gcc/arm-none-eabi/12.3.1/../../../../arm-none-eabi/lib/thumb/v8-m.main+fp/hard\libc_nano.a
LOAD C:/ST/STM32CubeIDE_1.16.1/STM32CubeIDE/plugins/com.st.stm32cube.ide.mcu.externaltools.gnu-tools-for-stm32.12.3.rel1.win32_1.0.200.202406191623/tools/bin/../lib/gcc/arm-none-eabi/12.3.1/../../../../arm-none-eabi/lib/thumb/v8-m.main+fp/hard\libnosys.a
END GROUP
LOAD C:/ST/STM32CubeIDE_1.16.1/STM32CubeIDE/plugins/com.st.stm32cube.ide.mcu.externaltools.gnu-tools-for-stm32.12.3.rel1.win32_1.0.200.202406191623/tools/bin/../lib/gcc/arm-none-eabi/12.3.1/thumb/v8-m.main+fp/hard/crtend.o
LOAD C:/ST/STM32CubeIDE_1.16.1/STM32CubeIDE/plugins/com.st.stm32cube.ide.mcu.externaltools.gnu-tools-for-stm32.12.3.rel1.win32_1.0.200.202406191623/tools/bin/../lib/gcc/arm-none-eabi/12.3.1/thumb/v8-m.main+fp/hard/crtn.o
                0x20044000                        _estack = (ORIGIN (RAM) + LENGTH (RAM))
                0x00000200                        _Min_Heap_Size = 0x200
                0x00000400                        _Min_Stack_Size = 0x400

.isr_vector     0x08000000      0x254
                0x08000000                        . = ALIGN (0x4)
 *(.isr_vector)
 .isr_vector    0x08000000      0x254 ./Core/Startup/startup_stm32h533retx.o
                0x08000000                g_pfnVectors
                0x08000254                        . = ALIGN (0x4)

.text           0x08000260     0x2920
                0x08000260                        . = ALIGN (0x4)
 *(.text)
 .text          0x08000260       0x40 C:/ST/STM32CubeIDE_1.16.1/STM32CubeIDE/plugins/com.st.stm32cube.ide.mcu.externaltools.gnu-tools-for-stm32.12.3.rel1.win32_1.0.200.202406191623/tools/bin/../lib/gcc/arm-none-eabi/12.3.1/thumb/v8-m.main+fp/hard/crtbegin.o
 *(.text*)
 .text.Bsw_1ms  0x080002a0        0xa ./Core/Src/app_freertos.o
                0x080002a0                Bsw_1ms
 .text.App_10ms
                0x080002aa        0xa ./Core/Src/app_freertos.o
                0x080002aa                App_10ms
 .text.App_1ms  0x080002b4        0xa ./Core/Src/app_freertos.o
                0x080002b4                App_1ms
 .text.Bsw_10ms
                0x080002be        0xa ./Core/Src/app_freertos.o
                0x080002be                Bsw_10ms
 .text.MX_FREERTOS_Init
                0x080002c8       0x6c ./Core/Src/app_freertos.o
                0x080002c8                MX_FREERTOS_Init
 .text.SystemClock_Config
                0x08000334       0xa4 ./Core/Src/main.o
                0x08000334                SystemClock_Config
 .text.startup.main
                0x080003d8       0x94 ./Core/Src/main.o
                0x080003d8                main
 .text.HAL_TIM_PeriodElapsedCallback
                0x0800046c        0xe ./Core/Src/main.o
                0x0800046c                HAL_TIM_PeriodElapsedCallback
 .text.HAL_MspInit
                0x0800047a        0xc ./Core/Src/stm32h5xx_hal_msp.o
                0x0800047a                HAL_MspInit
 *fill*         0x08000486        0x2 
 .text.HAL_InitTick
                0x08000488       0x9c ./Core/Src/stm32h5xx_hal_timebase_tim.o
                0x08000488                HAL_InitTick
 .text.NMI_Handler
                0x08000524        0x2 ./Core/Src/stm32h5xx_it.o
                0x08000524                NMI_Handler
 .text.HardFault_Handler
                0x08000526        0x2 ./Core/Src/stm32h5xx_it.o
                0x08000526                HardFault_Handler
 .text.MemManage_Handler
                0x08000528        0x2 ./Core/Src/stm32h5xx_it.o
                0x08000528                MemManage_Handler
 .text.BusFault_Handler
                0x0800052a        0x2 ./Core/Src/stm32h5xx_it.o
                0x0800052a                BusFault_Handler
 .text.UsageFault_Handler
                0x0800052c        0x2 ./Core/Src/stm32h5xx_it.o
                0x0800052c                UsageFault_Handler
 .text.DebugMon_Handler
                0x0800052e        0x2 ./Core/Src/stm32h5xx_it.o
                0x0800052e                DebugMon_Handler
 .text.TIM2_IRQHandler
                0x08000530        0xc ./Core/Src/stm32h5xx_it.o
                0x08000530                TIM2_IRQHandler
 .text.SystemInit
                0x0800053c       0x90 ./Core/Src/system_stm32h5xx.o
                0x0800053c                SystemInit
 .text.Reset_Handler
                0x080005cc       0x50 ./Core/Startup/startup_stm32h533retx.o
                0x080005cc                Reset_Handler
 .text.Default_Handler
                0x0800061c        0x2 ./Core/Startup/startup_stm32h533retx.o
                0x0800061c                EXTI2_IRQHandler
                0x0800061c                TIM8_TRG_COM_IRQHandler
                0x0800061c                TIM8_CC_IRQHandler
                0x0800061c                EXTI5_IRQHandler
                0x0800061c                I3C1_ER_IRQHandler
                0x0800061c                SPI4_IRQHandler
                0x0800061c                GPDMA2_Channel1_IRQHandler
                0x0800061c                FLASH_S_IRQHandler
                0x0800061c                EXTI13_IRQHandler
                0x0800061c                TIM1_CC_IRQHandler
                0x0800061c                GPDMA2_Channel3_IRQHandler
                0x0800061c                TAMP_IRQHandler
                0x0800061c                TIM6_IRQHandler
                0x0800061c                EXTI12_IRQHandler
                0x0800061c                USB_DRD_FS_IRQHandler
                0x0800061c                EXTI3_IRQHandler
                0x0800061c                GPDMA1_Channel5_IRQHandler
                0x0800061c                EXTI8_IRQHandler
                0x0800061c                GPDMA2_Channel5_IRQHandler
                0x0800061c                LPTIM2_IRQHandler
                0x0800061c                I2C3_ER_IRQHandler
                0x0800061c                GPDMA2_Channel2_IRQHandler
                0x0800061c                EXTI0_IRQHandler
                0x0800061c                I2C2_EV_IRQHandler
                0x0800061c                FPU_IRQHandler
                0x0800061c                GPDMA1_Channel3_IRQHandler
                0x0800061c                GPDMA1_Channel7_IRQHandler
                0x0800061c                FDCAN1_IT1_IRQHandler
                0x0800061c                RAMCFG_IRQHandler
                0x0800061c                DCACHE1_IRQHandler
                0x0800061c                SPI1_IRQHandler
                0x0800061c                OCTOSPI1_IRQHandler
                0x0800061c                GPDMA1_Channel2_IRQHandler
                0x0800061c                TIM8_UP_IRQHandler
                0x0800061c                RCC_S_IRQHandler
                0x0800061c                ADC1_IRQHandler
                0x0800061c                PKA_IRQHandler
                0x0800061c                USART6_IRQHandler
                0x0800061c                I3C2_ER_IRQHandler
                0x0800061c                EXTI15_IRQHandler
                0x0800061c                USART3_IRQHandler
                0x0800061c                RTC_IRQHandler
                0x0800061c                EXTI9_IRQHandler
                0x0800061c                UART5_IRQHandler
                0x0800061c                TIM4_IRQHandler
                0x0800061c                I3C2_EV_IRQHandler
                0x0800061c                I2C1_EV_IRQHandler
                0x0800061c                GPDMA1_Channel1_IRQHandler
                0x0800061c                UART4_IRQHandler
                0x0800061c                SecureFault_Handler
                0x0800061c                TIM3_IRQHandler
                0x0800061c                RCC_IRQHandler
                0x0800061c                TIM1_TRG_COM_IRQHandler
                0x0800061c                Default_Handler
                0x0800061c                CEC_IRQHandler
                0x0800061c                OTFDEC1_IRQHandler
                0x0800061c                GPDMA2_Channel4_IRQHandler
                0x0800061c                TIM12_IRQHandler
                0x0800061c                TIM7_IRQHandler
                0x0800061c                SDMMC1_IRQHandler
                0x0800061c                SAES_IRQHandler
                0x0800061c                TIM5_IRQHandler
                0x0800061c                UCPD1_IRQHandler
                0x0800061c                GPDMA1_Channel0_IRQHandler
                0x0800061c                I3C1_EV_IRQHandler
                0x0800061c                TIM15_IRQHandler
                0x0800061c                PVD_AVD_IRQHandler
                0x0800061c                I2C3_EV_IRQHandler
                0x0800061c                ADC2_IRQHandler
                0x0800061c                SPI2_IRQHandler
                0x0800061c                EXTI14_IRQHandler
                0x0800061c                EXTI11_IRQHandler
                0x0800061c                CRS_IRQHandler
                0x0800061c                EXTI4_IRQHandler
                0x0800061c                GPDMA2_Channel0_IRQHandler
                0x0800061c                RTC_S_IRQHandler
                0x0800061c                RNG_IRQHandler
                0x0800061c                FDCAN2_IT1_IRQHandler
                0x0800061c                GPDMA2_Channel6_IRQHandler
                0x0800061c                TIM1_UP_IRQHandler
                0x0800061c                WWDG_IRQHandler
                0x0800061c                FDCAN2_IT0_IRQHandler
                0x0800061c                IWDG_IRQHandler
                0x0800061c                LPUART1_IRQHandler
                0x0800061c                FDCAN1_IT0_IRQHandler
                0x0800061c                GPDMA1_Channel4_IRQHandler
                0x0800061c                EXTI7_IRQHandler
                0x0800061c                TIM1_BRK_IRQHandler
                0x0800061c                EXTI1_IRQHandler
                0x0800061c                AES_IRQHandler
                0x0800061c                DAC1_IRQHandler
                0x0800061c                DTS_IRQHandler
                0x0800061c                GTZC_IRQHandler
                0x0800061c                USART2_IRQHandler
                0x0800061c                GPDMA1_Channel6_IRQHandler
                0x0800061c                GPDMA2_Channel7_IRQHandler
                0x0800061c                I2C2_ER_IRQHandler
                0x0800061c                TIM8_BRK_IRQHandler
                0x0800061c                FLASH_IRQHandler
                0x0800061c                USART1_IRQHandler
                0x0800061c                EXTI10_IRQHandler
                0x0800061c                SPI3_IRQHandler
                0x0800061c                I2C1_ER_IRQHandler
                0x0800061c                FMC_IRQHandler
                0x0800061c                EXTI6_IRQHandler
                0x0800061c                LPTIM1_IRQHandler
                0x0800061c                DCMI_PSSI_IRQHandler
                0x0800061c                ICACHE_IRQHandler
                0x0800061c                HASH_IRQHandler
 *fill*         0x0800061e        0x2 
 .text.HAL_Init
                0x08000620       0x48 ./Drivers/STM32H5xx_HAL_Driver/Src/stm32h5xx_hal.o
                0x08000620                HAL_Init
 .text.HAL_IncTick
                0x08000668       0x18 ./Drivers/STM32H5xx_HAL_Driver/Src/stm32h5xx_hal.o
                0x08000668                HAL_IncTick
 .text.HAL_GetTick
                0x08000680        0xc ./Drivers/STM32H5xx_HAL_Driver/Src/stm32h5xx_hal.o
                0x08000680                HAL_GetTick
 .text.HAL_NVIC_SetPriorityGrouping
                0x0800068c       0x24 ./Drivers/STM32H5xx_HAL_Driver/Src/stm32h5xx_hal_cortex.o
                0x0800068c                HAL_NVIC_SetPriorityGrouping
 .text.HAL_NVIC_SetPriority
                0x080006b0       0x60 ./Drivers/STM32H5xx_HAL_Driver/Src/stm32h5xx_hal_cortex.o
                0x080006b0                HAL_NVIC_SetPriority
 .text.HAL_NVIC_EnableIRQ
                0x08000710       0x1c ./Drivers/STM32H5xx_HAL_Driver/Src/stm32h5xx_hal_cortex.o
                0x08000710                HAL_NVIC_EnableIRQ
 .text.HAL_SYSTICK_CLKSourceConfig
                0x0800072c       0x74 ./Drivers/STM32H5xx_HAL_Driver/Src/stm32h5xx_hal_cortex.o
                0x0800072c                HAL_SYSTICK_CLKSourceConfig
 .text.HAL_ICACHE_ConfigAssociativityMode
                0x080007a0       0x20 ./Drivers/STM32H5xx_HAL_Driver/Src/stm32h5xx_hal_icache.o
                0x080007a0                HAL_ICACHE_ConfigAssociativityMode
 .text.HAL_ICACHE_Enable
                0x080007c0       0x14 ./Drivers/STM32H5xx_HAL_Driver/Src/stm32h5xx_hal_icache.o
                0x080007c0                HAL_ICACHE_Enable
 .text.HAL_RCC_GetSysClockFreq
                0x080007d4      0x158 ./Drivers/STM32H5xx_HAL_Driver/Src/stm32h5xx_hal_rcc.o
                0x080007d4                HAL_RCC_GetSysClockFreq
 .text.HAL_RCC_ClockConfig
                0x0800092c      0x240 ./Drivers/STM32H5xx_HAL_Driver/Src/stm32h5xx_hal_rcc.o
                0x0800092c                HAL_RCC_ClockConfig
 .text.HAL_RCC_GetHCLKFreq
                0x08000b6c       0x2c ./Drivers/STM32H5xx_HAL_Driver/Src/stm32h5xx_hal_rcc.o
                0x08000b6c                HAL_RCC_GetHCLKFreq
 .text.HAL_RCC_OscConfig
                0x08000b98      0x568 ./Drivers/STM32H5xx_HAL_Driver/Src/stm32h5xx_hal_rcc.o
                0x08000b98                HAL_RCC_OscConfig
 .text.HAL_RCC_GetPCLK1Freq
                0x08001100       0x24 ./Drivers/STM32H5xx_HAL_Driver/Src/stm32h5xx_hal_rcc.o
                0x08001100                HAL_RCC_GetPCLK1Freq
 .text.HAL_RCC_GetClockConfig
                0x08001124       0x40 ./Drivers/STM32H5xx_HAL_Driver/Src/stm32h5xx_hal_rcc.o
                0x08001124                HAL_RCC_GetClockConfig
 .text.HAL_TIM_Base_MspInit
                0x08001164        0x2 ./Drivers/STM32H5xx_HAL_Driver/Src/stm32h5xx_hal_tim.o
                0x08001164                HAL_TIM_Base_MspInit
 *fill*         0x08001166        0x2 
 .text.HAL_TIM_Base_Start_IT
                0x08001168       0xc8 ./Drivers/STM32H5xx_HAL_Driver/Src/stm32h5xx_hal_tim.o
                0x08001168                HAL_TIM_Base_Start_IT
 .text.HAL_TIM_OC_DelayElapsedCallback
                0x08001230        0x2 ./Drivers/STM32H5xx_HAL_Driver/Src/stm32h5xx_hal_tim.o
                0x08001230                HAL_TIM_OC_DelayElapsedCallback
 .text.HAL_TIM_IC_CaptureCallback
                0x08001232        0x2 ./Drivers/STM32H5xx_HAL_Driver/Src/stm32h5xx_hal_tim.o
                0x08001232                HAL_TIM_IC_CaptureCallback
 .text.HAL_TIM_PWM_PulseFinishedCallback
                0x08001234        0x2 ./Drivers/STM32H5xx_HAL_Driver/Src/stm32h5xx_hal_tim.o
                0x08001234                HAL_TIM_PWM_PulseFinishedCallback
 .text.HAL_TIM_TriggerCallback
                0x08001236        0x2 ./Drivers/STM32H5xx_HAL_Driver/Src/stm32h5xx_hal_tim.o
                0x08001236                HAL_TIM_TriggerCallback
 .text.HAL_TIM_IRQHandler
                0x08001238      0x19e ./Drivers/STM32H5xx_HAL_Driver/Src/stm32h5xx_hal_tim.o
                0x08001238                HAL_TIM_IRQHandler
 *fill*         0x080013d6        0x2 
 .text.TIM_Base_SetConfig
                0x080013d8      0x144 ./Drivers/STM32H5xx_HAL_Driver/Src/stm32h5xx_hal_tim.o
                0x080013d8                TIM_Base_SetConfig
 .text.HAL_TIM_Base_Init
                0x0800151c       0x60 ./Drivers/STM32H5xx_HAL_Driver/Src/stm32h5xx_hal_tim.o
                0x0800151c                HAL_TIM_Base_Init
 .text.HAL_TIMEx_CommutCallback
                0x0800157c        0x2 ./Drivers/STM32H5xx_HAL_Driver/Src/stm32h5xx_hal_tim_ex.o
                0x0800157c                HAL_TIMEx_CommutCallback
 .text.HAL_TIMEx_BreakCallback
                0x0800157e        0x2 ./Drivers/STM32H5xx_HAL_Driver/Src/stm32h5xx_hal_tim_ex.o
                0x0800157e                HAL_TIMEx_BreakCallback
 .text.HAL_TIMEx_Break2Callback
                0x08001580        0x2 ./Drivers/STM32H5xx_HAL_Driver/Src/stm32h5xx_hal_tim_ex.o
                0x08001580                HAL_TIMEx_Break2Callback
 .text.HAL_TIMEx_EncoderIndexCallback
                0x08001582        0x2 ./Drivers/STM32H5xx_HAL_Driver/Src/stm32h5xx_hal_tim_ex.o
                0x08001582                HAL_TIMEx_EncoderIndexCallback
 .text.HAL_TIMEx_DirectionChangeCallback
                0x08001584        0x2 ./Drivers/STM32H5xx_HAL_Driver/Src/stm32h5xx_hal_tim_ex.o
                0x08001584                HAL_TIMEx_DirectionChangeCallback
 .text.HAL_TIMEx_IndexErrorCallback
                0x08001586        0x2 ./Drivers/STM32H5xx_HAL_Driver/Src/stm32h5xx_hal_tim_ex.o
                0x08001586                HAL_TIMEx_IndexErrorCallback
 .text.HAL_TIMEx_TransitionErrorCallback
                0x08001588        0x2 ./Drivers/STM32H5xx_HAL_Driver/Src/stm32h5xx_hal_tim_ex.o
                0x08001588                HAL_TIMEx_TransitionErrorCallback
 .text.IRQ_Context
                0x0800158a       0x2a ./Middlewares/Third_Party/FreeRTOS/Source/CMSIS_RTOS_V2/cmsis_os2.o
 .text.SysTick_Handler
                0x080015b4       0x1a ./Middlewares/Third_Party/FreeRTOS/Source/CMSIS_RTOS_V2/cmsis_os2.o
                0x080015b4                SysTick_Handler
 *fill*         0x080015ce        0x2 
 .text.osKernelInitialize
                0x080015d0       0x2c ./Middlewares/Third_Party/FreeRTOS/Source/CMSIS_RTOS_V2/cmsis_os2.o
                0x080015d0                osKernelInitialize
 .text.osKernelStart
                0x080015fc       0x40 ./Middlewares/Third_Party/FreeRTOS/Source/CMSIS_RTOS_V2/cmsis_os2.o
                0x080015fc                osKernelStart
 .text.osThreadNew
                0x0800163c       0x96 ./Middlewares/Third_Party/FreeRTOS/Source/CMSIS_RTOS_V2/cmsis_os2.o
                0x0800163c                osThreadNew
 .text.osDelay  0x080016d2       0x1c ./Middlewares/Third_Party/FreeRTOS/Source/CMSIS_RTOS_V2/cmsis_os2.o
                0x080016d2                osDelay
 *fill*         0x080016ee        0x2 
 .text.vApplicationGetIdleTaskMemory
                0x080016f0       0x18 ./Middlewares/Third_Party/FreeRTOS/Source/CMSIS_RTOS_V2/cmsis_os2.o
                0x080016f0                vApplicationGetIdleTaskMemory
 .text.vApplicationGetTimerTaskMemory
                0x08001708       0x18 ./Middlewares/Third_Party/FreeRTOS/Source/CMSIS_RTOS_V2/cmsis_os2.o
                0x08001708                vApplicationGetTimerTaskMemory
 .text.vListInitialise
                0x08001720       0x16 ./Middlewares/Third_Party/FreeRTOS/Source/list.o
                0x08001720                vListInitialise
 .text.vListInitialiseItem
                0x08001736        0x6 ./Middlewares/Third_Party/FreeRTOS/Source/list.o
                0x08001736                vListInitialiseItem
 .text.vListInsert
                0x0800173c       0x2e ./Middlewares/Third_Party/FreeRTOS/Source/list.o
                0x0800173c                vListInsert
 .text.uxListRemove
                0x0800176a       0x20 ./Middlewares/Third_Party/FreeRTOS/Source/list.o
                0x0800176a                uxListRemove
 .text.prvIsQueueEmpty
                0x0800178a       0x16 ./Middlewares/Third_Party/FreeRTOS/Source/queue.o
 .text.prvCopyDataFromQueue
                0x080017a0       0x2c ./Middlewares/Third_Party/FreeRTOS/Source/queue.o
 .text.prvUnlockQueue
                0x080017cc       0x70 ./Middlewares/Third_Party/FreeRTOS/Source/queue.o
 .text.xQueueGenericReset
                0x0800183c       0x72 ./Middlewares/Third_Party/FreeRTOS/Source/queue.o
                0x0800183c                xQueueGenericReset
 .text.xQueueGenericCreateStatic
                0x080018ae       0x56 ./Middlewares/Third_Party/FreeRTOS/Source/queue.o
                0x080018ae                xQueueGenericCreateStatic
 .text.xQueueReceive
                0x08001904       0xf8 ./Middlewares/Third_Party/FreeRTOS/Source/queue.o
                0x08001904                xQueueReceive
 .text.vQueueAddToRegistry
                0x080019fc       0x44 ./Middlewares/Third_Party/FreeRTOS/Source/queue.o
                0x080019fc                vQueueAddToRegistry
 .text.vQueueWaitForMessageRestricted
                0x08001a40       0x46 ./Middlewares/Third_Party/FreeRTOS/Source/queue.o
                0x08001a40                vQueueWaitForMessageRestricted
 *fill*         0x08001a86        0x2 
 .text.prvAddNewTaskToReadyList
                0x08001a88      0x100 ./Middlewares/Third_Party/FreeRTOS/Source/tasks.o
 .text.prvAddCurrentTaskToDelayedList
                0x08001b88       0x88 ./Middlewares/Third_Party/FreeRTOS/Source/tasks.o
 .text.prvResetNextTaskUnblockTime
                0x08001c10       0x24 ./Middlewares/Third_Party/FreeRTOS/Source/tasks.o
 .text.prvDeleteTCB
                0x08001c34       0x2a ./Middlewares/Third_Party/FreeRTOS/Source/tasks.o
 *fill*         0x08001c5e        0x2 
 .text.prvIdleTask
                0x08001c60       0x50 ./Middlewares/Third_Party/FreeRTOS/Source/tasks.o
 .text.prvInitialiseNewTask.constprop.0
                0x08001cb0       0x8e ./Middlewares/Third_Party/FreeRTOS/Source/tasks.o
 .text.xTaskCreateStatic
                0x08001d3e       0x6e ./Middlewares/Third_Party/FreeRTOS/Source/tasks.o
                0x08001d3e                xTaskCreateStatic
 .text.xTaskCreate
                0x08001dac       0x5e ./Middlewares/Third_Party/FreeRTOS/Source/tasks.o
                0x08001dac                xTaskCreate
 *fill*         0x08001e0a        0x2 
 .text.vTaskStartScheduler
                0x08001e0c       0x78 ./Middlewares/Third_Party/FreeRTOS/Source/tasks.o
                0x08001e0c                vTaskStartScheduler
 .text.vTaskSuspendAll
                0x08001e84       0x10 ./Middlewares/Third_Party/FreeRTOS/Source/tasks.o
                0x08001e84                vTaskSuspendAll
 .text.xTaskGetTickCount
                0x08001e94        0xc ./Middlewares/Third_Party/FreeRTOS/Source/tasks.o
                0x08001e94                xTaskGetTickCount
 .text.xTaskIncrementTick
                0x08001ea0      0x160 ./Middlewares/Third_Party/FreeRTOS/Source/tasks.o
                0x08001ea0                xTaskIncrementTick
 .text.xTaskResumeAll
                0x08002000      0x11c ./Middlewares/Third_Party/FreeRTOS/Source/tasks.o
                0x08002000                xTaskResumeAll
 .text.vTaskDelay
                0x0800211c       0x30 ./Middlewares/Third_Party/FreeRTOS/Source/tasks.o
                0x0800211c                vTaskDelay
 .text.vTaskSwitchContext
                0x0800214c       0x6c ./Middlewares/Third_Party/FreeRTOS/Source/tasks.o
                0x0800214c                vTaskSwitchContext
 .text.vTaskPlaceOnEventList
                0x080021b8       0x28 ./Middlewares/Third_Party/FreeRTOS/Source/tasks.o
                0x080021b8                vTaskPlaceOnEventList
 .text.vTaskPlaceOnEventListRestricted
                0x080021e0       0x50 ./Middlewares/Third_Party/FreeRTOS/Source/tasks.o
                0x080021e0                vTaskPlaceOnEventListRestricted
 .text.xTaskRemoveFromEventList
                0x08002230       0xbc ./Middlewares/Third_Party/FreeRTOS/Source/tasks.o
                0x08002230                xTaskRemoveFromEventList
 .text.vTaskInternalSetTimeOutState
                0x080022ec       0x18 ./Middlewares/Third_Party/FreeRTOS/Source/tasks.o
                0x080022ec                vTaskInternalSetTimeOutState
 .text.xTaskCheckForTimeOut
                0x08002304       0x60 ./Middlewares/Third_Party/FreeRTOS/Source/tasks.o
                0x08002304                xTaskCheckForTimeOut
 .text.vTaskMissedYield
                0x08002364        0xc ./Middlewares/Third_Party/FreeRTOS/Source/tasks.o
                0x08002364                vTaskMissedYield
 .text.xTaskGetSchedulerState
                0x08002370       0x20 ./Middlewares/Third_Party/FreeRTOS/Source/tasks.o
                0x08002370                xTaskGetSchedulerState
 .text.prvInsertTimerInActiveList
                0x08002390       0x3c ./Middlewares/Third_Party/FreeRTOS/Source/timers.o
 .text.prvReloadTimer
                0x080023cc       0x26 ./Middlewares/Third_Party/FreeRTOS/Source/timers.o
 *fill*         0x080023f2        0x2 
 .text.prvProcessExpiredTimer
                0x080023f4       0x40 ./Middlewares/Third_Party/FreeRTOS/Source/timers.o
 .text.prvSampleTimeNow
                0x08002434       0x4c ./Middlewares/Third_Party/FreeRTOS/Source/timers.o
 .text.prvTimerTask
                0x08002480      0x158 ./Middlewares/Third_Party/FreeRTOS/Source/timers.o
 .text.prvCheckForValidListAndQueue
                0x080025d8       0x68 ./Middlewares/Third_Party/FreeRTOS/Source/timers.o
 .text.xTimerCreateTimerTask
                0x08002640       0x58 ./Middlewares/Third_Party/FreeRTOS/Source/timers.o
                0x08002640                xTimerCreateTimerTask
 .text.prvTaskExitError
                0x08002698       0x28 ./Middlewares/Third_Party/FreeRTOS/Source/portable/GCC/ARM_CM33_NTZ/non_secure/port.o
 .text.vPortSetupTimerInterrupt
                0x080026c0       0x24 ./Middlewares/Third_Party/FreeRTOS/Source/portable/GCC/ARM_CM33_NTZ/non_secure/port.o
                0x080026c0                vPortSetupTimerInterrupt
 .text.vPortYield
                0x080026e4       0x16 ./Middlewares/Third_Party/FreeRTOS/Source/portable/GCC/ARM_CM33_NTZ/non_secure/port.o
                0x080026e4                vPortYield
 *fill*         0x080026fa        0x2 
 .text.vPortEnterCritical
                0x080026fc       0x1c ./Middlewares/Third_Party/FreeRTOS/Source/portable/GCC/ARM_CM33_NTZ/non_secure/port.o
                0x080026fc                vPortEnterCritical
 .text.vPortExitCritical
                0x08002718       0x28 ./Middlewares/Third_Party/FreeRTOS/Source/portable/GCC/ARM_CM33_NTZ/non_secure/port.o
                0x08002718                vPortExitCritical
 .text.xPortSysTickHandler
                0x08002740       0x24 ./Middlewares/Third_Party/FreeRTOS/Source/portable/GCC/ARM_CM33_NTZ/non_secure/port.o
                0x08002740                xPortSysTickHandler
 .text.vPortSVCHandler_C
                0x08002764       0x1a ./Middlewares/Third_Party/FreeRTOS/Source/portable/GCC/ARM_CM33_NTZ/non_secure/port.o
                0x08002764                vPortSVCHandler_C
 *fill*         0x0800277e        0x2 
 .text.pxPortInitialiseStack
                0x08002780       0x70 ./Middlewares/Third_Party/FreeRTOS/Source/portable/GCC/ARM_CM33_NTZ/non_secure/port.o
                0x08002780                pxPortInitialiseStack
 .text.xPortStartScheduler
                0x080027f0       0x3c ./Middlewares/Third_Party/FreeRTOS/Source/portable/GCC/ARM_CM33_NTZ/non_secure/port.o
                0x080027f0                xPortStartScheduler
 *fill*         0x0800282c        0x4 
 .text.vRestoreContextOfFirstTask
                0x08002830       0x34 ./Middlewares/Third_Party/FreeRTOS/Source/portable/GCC/ARM_CM33_NTZ/non_secure/portasm.o
                0x08002830                vRestoreContextOfFirstTask
 *fill*         0x08002864        0xc 
 .text.vStartFirstTask
                0x08002870       0x24 ./Middlewares/Third_Party/FreeRTOS/Source/portable/GCC/ARM_CM33_NTZ/non_secure/portasm.o
                0x08002870                vStartFirstTask
 .text.ulSetInterruptMask
                0x08002894       0x16 ./Middlewares/Third_Party/FreeRTOS/Source/portable/GCC/ARM_CM33_NTZ/non_secure/portasm.o
                0x08002894                ulSetInterruptMask
 .text.vClearInterruptMask
                0x080028aa        0xe ./Middlewares/Third_Party/FreeRTOS/Source/portable/GCC/ARM_CM33_NTZ/non_secure/portasm.o
                0x080028aa                vClearInterruptMask
 *fill*         0x080028b8        0x8 
 .text.PendSV_Handler
                0x080028c0       0x54 ./Middlewares/Third_Party/FreeRTOS/Source/portable/GCC/ARM_CM33_NTZ/non_secure/portasm.o
                0x080028c0                PendSV_Handler
 *fill*         0x08002914        0xc 
 .text.SVC_Handler
                0x08002920       0x24 ./Middlewares/Third_Party/FreeRTOS/Source/portable/GCC/ARM_CM33_NTZ/non_secure/portasm.o
                0x08002920                SVC_Handler
 .text.prvInsertBlockIntoFreeList
                0x08002944       0x4c ./Middlewares/Third_Party/FreeRTOS/Source/portable/MemMang/heap_4.o
 .text.pvPortMalloc
                0x08002990      0x108 ./Middlewares/Third_Party/FreeRTOS/Source/portable/MemMang/heap_4.o
                0x08002990                pvPortMalloc
 .text.vPortFree
                0x08002a98       0x5c ./Middlewares/Third_Party/FreeRTOS/Source/portable/MemMang/heap_4.o
                0x08002a98                vPortFree
 .text.memset   0x08002af4       0x10 C:/ST/STM32CubeIDE_1.16.1/STM32CubeIDE/plugins/com.st.stm32cube.ide.mcu.externaltools.gnu-tools-for-stm32.12.3.rel1.win32_1.0.200.202406191623/tools/bin/../lib/gcc/arm-none-eabi/12.3.1/../../../../arm-none-eabi/lib/thumb/v8-m.main+fp/hard\libc_nano.a(libc_a-memset.o)
                0x08002af4                memset
 .text.__libc_init_array
                0x08002b04       0x48 C:/ST/STM32CubeIDE_1.16.1/STM32CubeIDE/plugins/com.st.stm32cube.ide.mcu.externaltools.gnu-tools-for-stm32.12.3.rel1.win32_1.0.200.202406191623/tools/bin/../lib/gcc/arm-none-eabi/12.3.1/../../../../arm-none-eabi/lib/thumb/v8-m.main+fp/hard\libc_nano.a(libc_a-init.o)
                0x08002b04                __libc_init_array
 .text.memcpy   0x08002b4c       0x1a C:/ST/STM32CubeIDE_1.16.1/STM32CubeIDE/plugins/com.st.stm32cube.ide.mcu.externaltools.gnu-tools-for-stm32.12.3.rel1.win32_1.0.200.202406191623/tools/bin/../lib/gcc/arm-none-eabi/12.3.1/../../../../arm-none-eabi/lib/thumb/v8-m.main+fp/hard\libc_nano.a(libc_a-memcpy-stub.o)
                0x08002b4c                memcpy
 *(.glue_7)
 .glue_7        0x08002b66        0x0 linker stubs
 *(.glue_7t)
 .glue_7t       0x08002b66        0x0 linker stubs
 *(.eh_frame)
 *fill*         0x08002b66        0x2 
 .eh_frame      0x08002b68        0x0 C:/ST/STM32CubeIDE_1.16.1/STM32CubeIDE/plugins/com.st.stm32cube.ide.mcu.externaltools.gnu-tools-for-stm32.12.3.rel1.win32_1.0.200.202406191623/tools/bin/../lib/gcc/arm-none-eabi/12.3.1/thumb/v8-m.main+fp/hard/crtbegin.o
 *(.init)
 .init          0x08002b68        0x4 C:/ST/STM32CubeIDE_1.16.1/STM32CubeIDE/plugins/com.st.stm32cube.ide.mcu.externaltools.gnu-tools-for-stm32.12.3.rel1.win32_1.0.200.202406191623/tools/bin/../lib/gcc/arm-none-eabi/12.3.1/thumb/v8-m.main+fp/hard/crti.o
                0x08002b68                _init
 .init          0x08002b6c        0x8 C:/ST/STM32CubeIDE_1.16.1/STM32CubeIDE/plugins/com.st.stm32cube.ide.mcu.externaltools.gnu-tools-for-stm32.12.3.rel1.win32_1.0.200.202406191623/tools/bin/../lib/gcc/arm-none-eabi/12.3.1/thumb/v8-m.main+fp/hard/crtn.o
 *(.fini)
 .fini          0x08002b74        0x4 C:/ST/STM32CubeIDE_1.16.1/STM32CubeIDE/plugins/com.st.stm32cube.ide.mcu.externaltools.gnu-tools-for-stm32.12.3.rel1.win32_1.0.200.202406191623/tools/bin/../lib/gcc/arm-none-eabi/12.3.1/thumb/v8-m.main+fp/hard/crti.o
                0x08002b74                _fini
 .fini          0x08002b78        0x8 C:/ST/STM32CubeIDE_1.16.1/STM32CubeIDE/plugins/com.st.stm32cube.ide.mcu.externaltools.gnu-tools-for-stm32.12.3.rel1.win32_1.0.200.202406191623/tools/bin/../lib/gcc/arm-none-eabi/12.3.1/thumb/v8-m.main+fp/hard/crtn.o
                0x08002b80                        . = ALIGN (0x4)
                0x08002b80                        _etext = .

.vfp11_veneer   0x08002b80        0x0
 .vfp11_veneer  0x08002b80        0x0 linker stubs

.v4_bx          0x08002b80        0x0
 .v4_bx         0x08002b80        0x0 linker stubs

.iplt           0x08002b80        0x0
 .iplt          0x08002b80        0x0 C:/ST/STM32CubeIDE_1.16.1/STM32CubeIDE/plugins/com.st.stm32cube.ide.mcu.externaltools.gnu-tools-for-stm32.12.3.rel1.win32_1.0.200.202406191623/tools/bin/../lib/gcc/arm-none-eabi/12.3.1/thumb/v8-m.main+fp/hard/crtbegin.o

.rodata         0x08002b80       0xf4
                0x08002b80                        . = ALIGN (0x4)
 *(.rodata)
 *(.rodata*)
 .rodata.str1.1
                0x08002b80       0x36 ./Core/Src/app_freertos.o
 *fill*         0x08002bb6        0x2 
 .rodata.Task_App_10ms_attributes
                0x08002bb8       0x24 ./Core/Src/app_freertos.o
                0x08002bb8                Task_App_10ms_attributes
 .rodata.Task_Bsw_10ms_attributes
                0x08002bdc       0x24 ./Core/Src/app_freertos.o
                0x08002bdc                Task_Bsw_10ms_attributes
 .rodata.Task_App_1ms_attributes
                0x08002c00       0x24 ./Core/Src/app_freertos.o
                0x08002c00                Task_App_1ms_attributes
 .rodata.Task_Bsw_1ms_attributes
                0x08002c24       0x24 ./Core/Src/app_freertos.o
                0x08002c24                Task_Bsw_1ms_attributes
 .rodata.APBPrescTable
                0x08002c48        0x8 ./Core/Src/system_stm32h5xx.o
                0x08002c48                APBPrescTable
 .rodata.AHBPrescTable
                0x08002c50       0x10 ./Core/Src/system_stm32h5xx.o
                0x08002c50                AHBPrescTable
 .rodata.vTaskStartScheduler.str1.1
                0x08002c60        0x5 ./Middlewares/Third_Party/FreeRTOS/Source/tasks.o
 .rodata.prvCheckForValidListAndQueue.str1.1
                0x08002c65        0x5 ./Middlewares/Third_Party/FreeRTOS/Source/timers.o
 .rodata.xTimerCreateTimerTask.str1.1
                0x08002c6a        0x8 ./Middlewares/Third_Party/FreeRTOS/Source/timers.o
                0x08002c74                        . = ALIGN (0x4)
 *fill*         0x08002c72        0x2 

.ARM.extab      0x08002c74        0x0
                0x08002c74                        . = ALIGN (0x4)
 *(.ARM.extab* .gnu.linkonce.armextab.*)
                0x08002c74                        . = ALIGN (0x4)

.ARM            0x08002c74        0x0
                0x08002c74                        . = ALIGN (0x4)
                0x08002c74                        __exidx_start = .
 *(.ARM.exidx*)
                0x08002c74                        __exidx_end = .
                0x08002c74                        . = ALIGN (0x4)

.preinit_array  0x08002c74        0x0
                0x08002c74                        . = ALIGN (0x4)
                0x08002c74                        PROVIDE (__preinit_array_start = .)
 *(.preinit_array*)
                0x08002c74                        PROVIDE (__preinit_array_end = .)
                0x08002c74                        . = ALIGN (0x4)

.init_array     0x08002c74        0x4
                0x08002c74                        . = ALIGN (0x4)
                0x08002c74                        PROVIDE (__init_array_start = .)
 *(SORT_BY_NAME(.init_array.*))
 *(.init_array*)
 .init_array    0x08002c74        0x4 C:/ST/STM32CubeIDE_1.16.1/STM32CubeIDE/plugins/com.st.stm32cube.ide.mcu.externaltools.gnu-tools-for-stm32.12.3.rel1.win32_1.0.200.202406191623/tools/bin/../lib/gcc/arm-none-eabi/12.3.1/thumb/v8-m.main+fp/hard/crtbegin.o
                0x08002c78                        PROVIDE (__init_array_end = .)
                0x08002c78                        . = ALIGN (0x4)

.fini_array     0x08002c78        0x4
                0x08002c78                        . = ALIGN (0x4)
                [!provide]                        PROVIDE (__fini_array_start = .)
 *(SORT_BY_NAME(.fini_array.*))
 *(.fini_array*)
 .fini_array    0x08002c78        0x4 C:/ST/STM32CubeIDE_1.16.1/STM32CubeIDE/plugins/com.st.stm32cube.ide.mcu.externaltools.gnu-tools-for-stm32.12.3.rel1.win32_1.0.200.202406191623/tools/bin/../lib/gcc/arm-none-eabi/12.3.1/thumb/v8-m.main+fp/hard/crtbegin.o
                [!provide]                        PROVIDE (__fini_array_end = .)
                0x08002c7c                        . = ALIGN (0x4)
                0x08002c7c                        _sidata = LOADADDR (.data)

.rel.dyn        0x08002c7c        0x0
 .rel.iplt      0x08002c7c        0x0 C:/ST/STM32CubeIDE_1.16.1/STM32CubeIDE/plugins/com.st.stm32cube.ide.mcu.externaltools.gnu-tools-for-stm32.12.3.rel1.win32_1.0.200.202406191623/tools/bin/../lib/gcc/arm-none-eabi/12.3.1/thumb/v8-m.main+fp/hard/crtbegin.o

.data           0x20000000       0x14 load address 0x08002c7c
                0x20000000                        . = ALIGN (0x4)
                0x20000000                        _sdata = .
 *(.data)
 *(.data*)
 .data.SystemCoreClock
                0x20000000        0x4 ./Core/Src/system_stm32h5xx.o
                0x20000000                SystemCoreClock
 .data.uwTickFreq
                0x20000004        0x1 ./Drivers/STM32H5xx_HAL_Driver/Src/stm32h5xx_hal.o
                0x20000004                uwTickFreq
 *fill*         0x20000005        0x3 
 .data.uwTickPrio
                0x20000008        0x4 ./Drivers/STM32H5xx_HAL_Driver/Src/stm32h5xx_hal.o
                0x20000008                uwTickPrio
 .data.uxTopUsedPriority
                0x2000000c        0x4 ./Middlewares/Third_Party/FreeRTOS/Source/tasks.o
                0x2000000c                uxTopUsedPriority
 .data.ulCriticalNesting
                0x20000010        0x4 ./Middlewares/Third_Party/FreeRTOS/Source/portable/GCC/ARM_CM33_NTZ/non_secure/port.o
 *(.RamFunc)
 *(.RamFunc*)
                0x20000014                        . = ALIGN (0x4)
                0x20000014                        _edata = .

.igot.plt       0x20000014        0x0 load address 0x08002c90
 .igot.plt      0x20000014        0x0 C:/ST/STM32CubeIDE_1.16.1/STM32CubeIDE/plugins/com.st.stm32cube.ide.mcu.externaltools.gnu-tools-for-stm32.12.3.rel1.win32_1.0.200.202406191623/tools/bin/../lib/gcc/arm-none-eabi/12.3.1/thumb/v8-m.main+fp/hard/crtbegin.o
                0x20000014                        . = ALIGN (0x4)

.bss            0x20000014     0x2bbc load address 0x08002c90
                0x20000014                        _sbss = .
                0x20000014                        __bss_start__ = _sbss
 *(.bss)
 .bss           0x20000014       0x1c C:/ST/STM32CubeIDE_1.16.1/STM32CubeIDE/plugins/com.st.stm32cube.ide.mcu.externaltools.gnu-tools-for-stm32.12.3.rel1.win32_1.0.200.202406191623/tools/bin/../lib/gcc/arm-none-eabi/12.3.1/thumb/v8-m.main+fp/hard/crtbegin.o
 *(.bss*)
 .bss.Task_App_10msHandle
                0x20000030        0x4 ./Core/Src/app_freertos.o
                0x20000030                Task_App_10msHandle
 .bss.Task_Bsw_10msHandle
                0x20000034        0x4 ./Core/Src/app_freertos.o
                0x20000034                Task_Bsw_10msHandle
 .bss.Task_App_1msHandle
                0x20000038        0x4 ./Core/Src/app_freertos.o
                0x20000038                Task_App_1msHandle
 .bss.Task_Bsw_1msHandle
                0x2000003c        0x4 ./Core/Src/app_freertos.o
                0x2000003c                Task_Bsw_1msHandle
 .bss.htim2     0x20000040       0x4c ./Core/Src/stm32h5xx_hal_timebase_tim.o
                0x20000040                htim2
 .bss.uwTick    0x2000008c        0x4 ./Drivers/STM32H5xx_HAL_Driver/Src/stm32h5xx_hal.o
                0x2000008c                uwTick
 .bss.Timer_Stack.0
                0x20000090      0x200 ./Middlewares/Third_Party/FreeRTOS/Source/CMSIS_RTOS_V2/cmsis_os2.o
 .bss.Timer_TCB.1
                0x20000290       0x5c ./Middlewares/Third_Party/FreeRTOS/Source/CMSIS_RTOS_V2/cmsis_os2.o
 .bss.Idle_Stack.2
                0x200002ec      0x200 ./Middlewares/Third_Party/FreeRTOS/Source/CMSIS_RTOS_V2/cmsis_os2.o
 .bss.Idle_TCB.3
                0x200004ec       0x5c ./Middlewares/Third_Party/FreeRTOS/Source/CMSIS_RTOS_V2/cmsis_os2.o
 .bss.KernelState
                0x20000548        0x4 ./Middlewares/Third_Party/FreeRTOS/Source/CMSIS_RTOS_V2/cmsis_os2.o
 .bss.xQueueRegistry
                0x2000054c       0x40 ./Middlewares/Third_Party/FreeRTOS/Source/queue.o
                0x2000054c                xQueueRegistry
 .bss.uxSchedulerSuspended
                0x2000058c        0x4 ./Middlewares/Third_Party/FreeRTOS/Source/tasks.o
 .bss.xNextTaskUnblockTime
                0x20000590        0x4 ./Middlewares/Third_Party/FreeRTOS/Source/tasks.o
 .bss.uxTaskNumber
                0x20000594        0x4 ./Middlewares/Third_Party/FreeRTOS/Source/tasks.o
 .bss.xNumOfOverflows
                0x20000598        0x4 ./Middlewares/Third_Party/FreeRTOS/Source/tasks.o
 .bss.xYieldPending
                0x2000059c        0x4 ./Middlewares/Third_Party/FreeRTOS/Source/tasks.o
 .bss.xPendedTicks
                0x200005a0        0x4 ./Middlewares/Third_Party/FreeRTOS/Source/tasks.o
 .bss.xSchedulerRunning
                0x200005a4        0x4 ./Middlewares/Third_Party/FreeRTOS/Source/tasks.o
 .bss.uxTopReadyPriority
                0x200005a8        0x4 ./Middlewares/Third_Party/FreeRTOS/Source/tasks.o
 .bss.xTickCount
                0x200005ac        0x4 ./Middlewares/Third_Party/FreeRTOS/Source/tasks.o
 .bss.uxCurrentNumberOfTasks
                0x200005b0        0x4 ./Middlewares/Third_Party/FreeRTOS/Source/tasks.o
 .bss.xSuspendedTaskList
                0x200005b4       0x14 ./Middlewares/Third_Party/FreeRTOS/Source/tasks.o
 .bss.uxDeletedTasksWaitingCleanUp
                0x200005c8        0x4 ./Middlewares/Third_Party/FreeRTOS/Source/tasks.o
 .bss.xTasksWaitingTermination
                0x200005cc       0x14 ./Middlewares/Third_Party/FreeRTOS/Source/tasks.o
 .bss.xPendingReadyList
                0x200005e0       0x14 ./Middlewares/Third_Party/FreeRTOS/Source/tasks.o
 .bss.pxOverflowDelayedTaskList
                0x200005f4        0x4 ./Middlewares/Third_Party/FreeRTOS/Source/tasks.o
 .bss.pxDelayedTaskList
                0x200005f8        0x4 ./Middlewares/Third_Party/FreeRTOS/Source/tasks.o
 .bss.xDelayedTaskList2
                0x200005fc       0x14 ./Middlewares/Third_Party/FreeRTOS/Source/tasks.o
 .bss.xDelayedTaskList1
                0x20000610       0x14 ./Middlewares/Third_Party/FreeRTOS/Source/tasks.o
 .bss.pxReadyTasksLists
                0x20000624      0x460 ./Middlewares/Third_Party/FreeRTOS/Source/tasks.o
 .bss.pxCurrentTCB
                0x20000a84        0x4 ./Middlewares/Third_Party/FreeRTOS/Source/tasks.o
                0x20000a84                pxCurrentTCB
 .bss.xStaticTimerQueue.0
                0x20000a88       0x50 ./Middlewares/Third_Party/FreeRTOS/Source/timers.o
 .bss.ucStaticTimerQueueStorage.1
                0x20000ad8       0xa0 ./Middlewares/Third_Party/FreeRTOS/Source/timers.o
 .bss.xLastTime.2
                0x20000b78        0x4 ./Middlewares/Third_Party/FreeRTOS/Source/timers.o
 .bss.xTimerTaskHandle
                0x20000b7c        0x4 ./Middlewares/Third_Party/FreeRTOS/Source/timers.o
 .bss.xTimerQueue
                0x20000b80        0x4 ./Middlewares/Third_Party/FreeRTOS/Source/timers.o
 .bss.pxOverflowTimerList
                0x20000b84        0x4 ./Middlewares/Third_Party/FreeRTOS/Source/timers.o
 .bss.pxCurrentTimerList
                0x20000b88        0x4 ./Middlewares/Third_Party/FreeRTOS/Source/timers.o
 .bss.xActiveTimerList2
                0x20000b8c       0x14 ./Middlewares/Third_Party/FreeRTOS/Source/timers.o
 .bss.xActiveTimerList1
                0x20000ba0       0x14 ./Middlewares/Third_Party/FreeRTOS/Source/timers.o
 .bss.xNumberOfSuccessfulFrees
                0x20000bb4        0x4 ./Middlewares/Third_Party/FreeRTOS/Source/portable/MemMang/heap_4.o
 .bss.xNumberOfSuccessfulAllocations
                0x20000bb8        0x4 ./Middlewares/Third_Party/FreeRTOS/Source/portable/MemMang/heap_4.o
 .bss.xMinimumEverFreeBytesRemaining
                0x20000bbc        0x4 ./Middlewares/Third_Party/FreeRTOS/Source/portable/MemMang/heap_4.o
 .bss.xFreeBytesRemaining
                0x20000bc0        0x4 ./Middlewares/Third_Party/FreeRTOS/Source/portable/MemMang/heap_4.o
 .bss.pxEnd     0x20000bc4        0x4 ./Middlewares/Third_Party/FreeRTOS/Source/portable/MemMang/heap_4.o
 .bss.xStart    0x20000bc8        0x8 ./Middlewares/Third_Party/FreeRTOS/Source/portable/MemMang/heap_4.o
 .bss.ucHeap    0x20000bd0     0x2000 ./Middlewares/Third_Party/FreeRTOS/Source/portable/MemMang/heap_4.o
 *(COMMON)
                0x20002bd0                        . = ALIGN (0x4)
                0x20002bd0                        _ebss = .
                0x20002bd0                        __bss_end__ = _ebss

._user_heap_stack
                0x20002bd0      0x600 load address 0x08002c90
                0x20002bd0                        . = ALIGN (0x8)
                [!provide]                        PROVIDE (end = .)
                0x20002bd0                        PROVIDE (_end = .)
                0x20002dd0                        . = (. + _Min_Heap_Size)
 *fill*         0x20002bd0      0x200 
                0x200031d0                        . = (. + _Min_Stack_Size)
 *fill*         0x20002dd0      0x400 
                0x200031d0                        . = ALIGN (0x8)

/DISCARD/
 libc.a(*)
 libm.a(*)
 libgcc.a(*)

.ARM.attributes
                0x00000000       0x36
 *(.ARM.attributes)
 .ARM.attributes
                0x00000000       0x26 C:/ST/STM32CubeIDE_1.16.1/STM32CubeIDE/plugins/com.st.stm32cube.ide.mcu.externaltools.gnu-tools-for-stm32.12.3.rel1.win32_1.0.200.202406191623/tools/bin/../lib/gcc/arm-none-eabi/12.3.1/thumb/v8-m.main+fp/hard/crti.o
 .ARM.attributes
                0x00000026       0x38 C:/ST/STM32CubeIDE_1.16.1/STM32CubeIDE/plugins/com.st.stm32cube.ide.mcu.externaltools.gnu-tools-for-stm32.12.3.rel1.win32_1.0.200.202406191623/tools/bin/../lib/gcc/arm-none-eabi/12.3.1/thumb/v8-m.main+fp/hard/crtbegin.o
 .ARM.attributes
                0x0000005e       0x3a ./Core/Src/app_freertos.o
 .ARM.attributes
                0x00000098       0x3a ./Core/Src/main.o
 .ARM.attributes
                0x000000d2       0x3a ./Core/Src/stm32h5xx_hal_msp.o
 .ARM.attributes
                0x0000010c       0x3a ./Core/Src/stm32h5xx_hal_timebase_tim.o
 .ARM.attributes
                0x00000146       0x3a ./Core/Src/stm32h5xx_it.o
 .ARM.attributes
                0x00000180       0x3a ./Core/Src/system_stm32h5xx.o
 .ARM.attributes
                0x000001ba       0x24 ./Core/Startup/startup_stm32h533retx.o
 .ARM.attributes
                0x000001de       0x3a ./Drivers/STM32H5xx_HAL_Driver/Src/stm32h5xx_hal.o
 .ARM.attributes
                0x00000218       0x3a ./Drivers/STM32H5xx_HAL_Driver/Src/stm32h5xx_hal_cortex.o
 .ARM.attributes
                0x00000252       0x3a ./Drivers/STM32H5xx_HAL_Driver/Src/stm32h5xx_hal_icache.o
 .ARM.attributes
                0x0000028c       0x3a ./Drivers/STM32H5xx_HAL_Driver/Src/stm32h5xx_hal_rcc.o
 .ARM.attributes
                0x000002c6       0x3a ./Drivers/STM32H5xx_HAL_Driver/Src/stm32h5xx_hal_tim.o
 .ARM.attributes
                0x00000300       0x3a ./Drivers/STM32H5xx_HAL_Driver/Src/stm32h5xx_hal_tim_ex.o
 .ARM.attributes
                0x0000033a       0x3a ./Middlewares/Third_Party/FreeRTOS/Source/CMSIS_RTOS_V2/cmsis_os2.o
 .ARM.attributes
                0x00000374       0x3a ./Middlewares/Third_Party/FreeRTOS/Source/list.o
 .ARM.attributes
                0x000003ae       0x3a ./Middlewares/Third_Party/FreeRTOS/Source/queue.o
 .ARM.attributes
                0x000003e8       0x3a ./Middlewares/Third_Party/FreeRTOS/Source/tasks.o
 .ARM.attributes
                0x00000422       0x3a ./Middlewares/Third_Party/FreeRTOS/Source/timers.o
 .ARM.attributes
                0x0000045c       0x3a ./Middlewares/Third_Party/FreeRTOS/Source/portable/GCC/ARM_CM33_NTZ/non_secure/port.o
 .ARM.attributes
                0x00000496       0x3a ./Middlewares/Third_Party/FreeRTOS/Source/portable/GCC/ARM_CM33_NTZ/non_secure/portasm.o
 .ARM.attributes
                0x000004d0       0x3a ./Middlewares/Third_Party/FreeRTOS/Source/portable/MemMang/heap_4.o
 .ARM.attributes
                0x0000050a       0x38 C:/ST/STM32CubeIDE_1.16.1/STM32CubeIDE/plugins/com.st.stm32cube.ide.mcu.externaltools.gnu-tools-for-stm32.12.3.rel1.win32_1.0.200.202406191623/tools/bin/../lib/gcc/arm-none-eabi/12.3.1/../../../../arm-none-eabi/lib/thumb/v8-m.main+fp/hard\libc_nano.a(libc_a-memset.o)
 .ARM.attributes
                0x00000542       0x38 C:/ST/STM32CubeIDE_1.16.1/STM32CubeIDE/plugins/com.st.stm32cube.ide.mcu.externaltools.gnu-tools-for-stm32.12.3.rel1.win32_1.0.200.202406191623/tools/bin/../lib/gcc/arm-none-eabi/12.3.1/../../../../arm-none-eabi/lib/thumb/v8-m.main+fp/hard\libc_nano.a(libc_a-init.o)
 .ARM.attributes
                0x0000057a       0x38 C:/ST/STM32CubeIDE_1.16.1/STM32CubeIDE/plugins/com.st.stm32cube.ide.mcu.externaltools.gnu-tools-for-stm32.12.3.rel1.win32_1.0.200.202406191623/tools/bin/../lib/gcc/arm-none-eabi/12.3.1/../../../../arm-none-eabi/lib/thumb/v8-m.main+fp/hard\libc_nano.a(libc_a-memcpy-stub.o)
 .ARM.attributes
                0x000005b2       0x26 C:/ST/STM32CubeIDE_1.16.1/STM32CubeIDE/plugins/com.st.stm32cube.ide.mcu.externaltools.gnu-tools-for-stm32.12.3.rel1.win32_1.0.200.202406191623/tools/bin/../lib/gcc/arm-none-eabi/12.3.1/thumb/v8-m.main+fp/hard/crtn.o
OUTPUT(Release_LightControlUnit.elf elf32-littlearm)
LOAD linker stubs
LOAD C:/ST/STM32CubeIDE_1.16.1/STM32CubeIDE/plugins/com.st.stm32cube.ide.mcu.externaltools.gnu-tools-for-stm32.12.3.rel1.win32_1.0.200.202406191623/tools/bin/../lib/gcc/arm-none-eabi/12.3.1/../../../../arm-none-eabi/lib/thumb/v8-m.main+fp/hard\libc.a
LOAD C:/ST/STM32CubeIDE_1.16.1/STM32CubeIDE/plugins/com.st.stm32cube.ide.mcu.externaltools.gnu-tools-for-stm32.12.3.rel1.win32_1.0.200.202406191623/tools/bin/../lib/gcc/arm-none-eabi/12.3.1/../../../../arm-none-eabi/lib/thumb/v8-m.main+fp/hard\libm.a
LOAD C:/ST/STM32CubeIDE_1.16.1/STM32CubeIDE/plugins/com.st.stm32cube.ide.mcu.externaltools.gnu-tools-for-stm32.12.3.rel1.win32_1.0.200.202406191623/tools/bin/../lib/gcc/arm-none-eabi/12.3.1/thumb/v8-m.main+fp/hard\libgcc.a

.comment        0x00000000       0x43
 .comment       0x00000000       0x43 ./Core/Src/app_freertos.o
                                 0x44 (size before relaxing)
 .comment       0x00000043       0x44 ./Core/Src/main.o
 .comment       0x00000043       0x44 ./Core/Src/stm32h5xx_hal_msp.o
 .comment       0x00000043       0x44 ./Core/Src/stm32h5xx_hal_timebase_tim.o
 .comment       0x00000043       0x44 ./Core/Src/stm32h5xx_it.o
 .comment       0x00000043       0x44 ./Core/Src/system_stm32h5xx.o
 .comment       0x00000043       0x44 ./Drivers/STM32H5xx_HAL_Driver/Src/stm32h5xx_hal.o
 .comment       0x00000043       0x44 ./Drivers/STM32H5xx_HAL_Driver/Src/stm32h5xx_hal_cortex.o
 .comment       0x00000043       0x44 ./Drivers/STM32H5xx_HAL_Driver/Src/stm32h5xx_hal_icache.o
 .comment       0x00000043       0x44 ./Drivers/STM32H5xx_HAL_Driver/Src/stm32h5xx_hal_rcc.o
 .comment       0x00000043       0x44 ./Drivers/STM32H5xx_HAL_Driver/Src/stm32h5xx_hal_tim.o
 .comment       0x00000043       0x44 ./Drivers/STM32H5xx_HAL_Driver/Src/stm32h5xx_hal_tim_ex.o
 .comment       0x00000043       0x44 ./Middlewares/Third_Party/FreeRTOS/Source/CMSIS_RTOS_V2/cmsis_os2.o
 .comment       0x00000043       0x44 ./Middlewares/Third_Party/FreeRTOS/Source/list.o
 .comment       0x00000043       0x44 ./Middlewares/Third_Party/FreeRTOS/Source/queue.o
 .comment       0x00000043       0x44 ./Middlewares/Third_Party/FreeRTOS/Source/tasks.o
 .comment       0x00000043       0x44 ./Middlewares/Third_Party/FreeRTOS/Source/timers.o
 .comment       0x00000043       0x44 ./Middlewares/Third_Party/FreeRTOS/Source/portable/GCC/ARM_CM33_NTZ/non_secure/port.o
 .comment       0x00000043       0x44 ./Middlewares/Third_Party/FreeRTOS/Source/portable/GCC/ARM_CM33_NTZ/non_secure/portasm.o
 .comment       0x00000043       0x44 ./Middlewares/Third_Party/FreeRTOS/Source/portable/MemMang/heap_4.o

.debug_frame    0x00000000       0x74
 .debug_frame   0x00000000       0x20 C:/ST/STM32CubeIDE_1.16.1/STM32CubeIDE/plugins/com.st.stm32cube.ide.mcu.externaltools.gnu-tools-for-stm32.12.3.rel1.win32_1.0.200.202406191623/tools/bin/../lib/gcc/arm-none-eabi/12.3.1/../../../../arm-none-eabi/lib/thumb/v8-m.main+fp/hard\libc_nano.a(libc_a-memset.o)
 .debug_frame   0x00000020       0x2c C:/ST/STM32CubeIDE_1.16.1/STM32CubeIDE/plugins/com.st.stm32cube.ide.mcu.externaltools.gnu-tools-for-stm32.12.3.rel1.win32_1.0.200.202406191623/tools/bin/../lib/gcc/arm-none-eabi/12.3.1/../../../../arm-none-eabi/lib/thumb/v8-m.main+fp/hard\libc_nano.a(libc_a-init.o)
 .debug_frame   0x0000004c       0x28 C:/ST/STM32CubeIDE_1.16.1/STM32CubeIDE/plugins/com.st.stm32cube.ide.mcu.externaltools.gnu-tools-for-stm32.12.3.rel1.win32_1.0.200.202406191623/tools/bin/../lib/gcc/arm-none-eabi/12.3.1/../../../../arm-none-eabi/lib/thumb/v8-m.main+fp/hard\libc_nano.a(libc_a-memcpy-stub.o)
