../FreeRTOS/source/queue.c:303:12:xQueueGenericReset	24	static,ignoring_inline_asm
../FreeRTOS/source/queue.c:376:19:xQueueGenericCreateStatic	40	static,ignoring_inline_asm
../FreeRTOS/source/queue.c:446:16:xQueueGenericGetStaticBuffers	32	static,ignoring_inline_asm
../FreeRTOS/source/queue.c:502:19:xQueueGenericCreate	48	static,ignoring_inline_asm
../FreeRTOS/source/queue.c:569:13:prvInitialiseNewQueue	24	static
../FreeRTOS/source/queue.c:617:17:prvInitialiseMutex	16	static
../FreeRTOS/source/queue.c:647:19:xQueueCreateMutex	32	static
../FreeRTOS/source/queue.c:667:19:xQueueCreateMutexStatic	40	static
../FreeRTOS/source/queue.c:759:16:xQueueGiveMutexRecursive	32	static,ignoring_inline_asm
../FreeRTOS/source/queue.c:818:16:xQueueTakeMutexRecursive	32	static,ignoring_inline_asm
../FreeRTOS/source/queue.c:872:19:xQueueCreateCountingSemaphoreStatic	40	static,ignoring_inline_asm
../FreeRTOS/source/queue.c:912:19:xQueueCreateCountingSemaphore	24	static,ignoring_inline_asm
../FreeRTOS/source/queue.c:949:12:xQueueGenericSend	48	static,ignoring_inline_asm
../FreeRTOS/source/queue.c:1167:12:xQueueGenericSendFromISR	48	static,ignoring_inline_asm
../FreeRTOS/source/queue.c:1338:12:xQueueGiveFromISR	40	static,ignoring_inline_asm
../FreeRTOS/source/queue.c:1509:12:xQueueReceive	48	static,ignoring_inline_asm
../FreeRTOS/source/queue.c:1659:12:xQueueSemaphoreTake	48	static,ignoring_inline_asm
../FreeRTOS/source/queue.c:1884:12:xQueuePeek	48	static,ignoring_inline_asm
../FreeRTOS/source/queue.c:2039:12:xQueueReceiveFromISR	48	static,ignoring_inline_asm
../FreeRTOS/source/queue.c:2139:12:xQueuePeekFromISR	32	static,ignoring_inline_asm
../FreeRTOS/source/queue.c:2200:13:uxQueueMessagesWaiting	24	static,ignoring_inline_asm
../FreeRTOS/source/queue.c:2220:13:uxQueueSpacesAvailable	24	static,ignoring_inline_asm
../FreeRTOS/source/queue.c:2241:13:uxQueueMessagesWaitingFromISR	24	static,ignoring_inline_asm
../FreeRTOS/source/queue.c:2257:6:vQueueDelete	24	static,ignoring_inline_asm
../FreeRTOS/source/queue.c:2348:13:uxQueueGetQueueItemSize	16	static
../FreeRTOS/source/queue.c:2358:13:uxQueueGetQueueLength	16	static
../FreeRTOS/source/queue.c:2370:24:prvGetHighestPriorityOfWaitToReceiveList	24	static
../FreeRTOS/source/queue.c:2395:19:prvCopyDataToQueue	32	static
../FreeRTOS/source/queue.c:2478:13:prvCopyDataFromQueue	16	static
../FreeRTOS/source/queue.c:2499:13:prvUnlockQueue	24	static
../FreeRTOS/source/queue.c:2619:19:prvIsQueueEmpty	24	static
../FreeRTOS/source/queue.c:2640:12:xQueueIsQueueEmptyFromISR	24	static,ignoring_inline_asm
../FreeRTOS/source/queue.c:2664:19:prvIsQueueFull	24	static
../FreeRTOS/source/queue.c:2685:12:xQueueIsQueueFullFromISR	24	static,ignoring_inline_asm
../FreeRTOS/source/queue.c:3137:10:vQueueWaitForMessageRestricted	32	static
