Archive member included to satisfy reference by file (symbol)

C:/ST/STM32CubeIDE_1.16.1/STM32CubeIDE/plugins/com.st.stm32cube.ide.mcu.externaltools.gnu-tools-for-stm32.12.3.rel1.win32_1.0.200.202406191623/tools/bin/../lib/gcc/arm-none-eabi/12.3.1/../../../../arm-none-eabi/lib/thumb/v8-m.main+fp/hard\libc_nano.a(libc_a-exit.o)
                              C:/ST/STM32CubeIDE_1.16.1/STM32CubeIDE/plugins/com.st.stm32cube.ide.mcu.externaltools.gnu-tools-for-stm32.12.3.rel1.win32_1.0.200.202406191623/tools/bin/../lib/gcc/arm-none-eabi/12.3.1/../../../../arm-none-eabi/lib/thumb/v8-m.main+fp/hard/crt0.o (exit)
C:/ST/STM32CubeIDE_1.16.1/STM32CubeIDE/plugins/com.st.stm32cube.ide.mcu.externaltools.gnu-tools-for-stm32.12.3.rel1.win32_1.0.200.202406191623/tools/bin/../lib/gcc/arm-none-eabi/12.3.1/../../../../arm-none-eabi/lib/thumb/v8-m.main+fp/hard\libc_nano.a(libc_a-findfp.o)
                              C:/ST/STM32CubeIDE_1.16.1/STM32CubeIDE/plugins/com.st.stm32cube.ide.mcu.externaltools.gnu-tools-for-stm32.12.3.rel1.win32_1.0.200.202406191623/tools/bin/../lib/gcc/arm-none-eabi/12.3.1/../../../../arm-none-eabi/lib/thumb/v8-m.main+fp/hard\libc_nano.a(libc_a-exit.o) (__stdio_exit_handler)
C:/ST/STM32CubeIDE_1.16.1/STM32CubeIDE/plugins/com.st.stm32cube.ide.mcu.externaltools.gnu-tools-for-stm32.12.3.rel1.win32_1.0.200.202406191623/tools/bin/../lib/gcc/arm-none-eabi/12.3.1/../../../../arm-none-eabi/lib/thumb/v8-m.main+fp/hard\libc_nano.a(libc_a-fwalk.o)
                              C:/ST/STM32CubeIDE_1.16.1/STM32CubeIDE/plugins/com.st.stm32cube.ide.mcu.externaltools.gnu-tools-for-stm32.12.3.rel1.win32_1.0.200.202406191623/tools/bin/../lib/gcc/arm-none-eabi/12.3.1/../../../../arm-none-eabi/lib/thumb/v8-m.main+fp/hard\libc_nano.a(libc_a-findfp.o) (_fwalk_sglue)
C:/ST/STM32CubeIDE_1.16.1/STM32CubeIDE/plugins/com.st.stm32cube.ide.mcu.externaltools.gnu-tools-for-stm32.12.3.rel1.win32_1.0.200.202406191623/tools/bin/../lib/gcc/arm-none-eabi/12.3.1/../../../../arm-none-eabi/lib/thumb/v8-m.main+fp/hard\libc_nano.a(libc_a-stdio.o)
                              C:/ST/STM32CubeIDE_1.16.1/STM32CubeIDE/plugins/com.st.stm32cube.ide.mcu.externaltools.gnu-tools-for-stm32.12.3.rel1.win32_1.0.200.202406191623/tools/bin/../lib/gcc/arm-none-eabi/12.3.1/../../../../arm-none-eabi/lib/thumb/v8-m.main+fp/hard\libc_nano.a(libc_a-findfp.o) (__sread)
C:/ST/STM32CubeIDE_1.16.1/STM32CubeIDE/plugins/com.st.stm32cube.ide.mcu.externaltools.gnu-tools-for-stm32.12.3.rel1.win32_1.0.200.202406191623/tools/bin/../lib/gcc/arm-none-eabi/12.3.1/../../../../arm-none-eabi/lib/thumb/v8-m.main+fp/hard\libc_nano.a(libc_a-memset.o)
                              C:/ST/STM32CubeIDE_1.16.1/STM32CubeIDE/plugins/com.st.stm32cube.ide.mcu.externaltools.gnu-tools-for-stm32.12.3.rel1.win32_1.0.200.202406191623/tools/bin/../lib/gcc/arm-none-eabi/12.3.1/../../../../arm-none-eabi/lib/thumb/v8-m.main+fp/hard/crt0.o (memset)
C:/ST/STM32CubeIDE_1.16.1/STM32CubeIDE/plugins/com.st.stm32cube.ide.mcu.externaltools.gnu-tools-for-stm32.12.3.rel1.win32_1.0.200.202406191623/tools/bin/../lib/gcc/arm-none-eabi/12.3.1/../../../../arm-none-eabi/lib/thumb/v8-m.main+fp/hard\libc_nano.a(libc_a-closer.o)
                              C:/ST/STM32CubeIDE_1.16.1/STM32CubeIDE/plugins/com.st.stm32cube.ide.mcu.externaltools.gnu-tools-for-stm32.12.3.rel1.win32_1.0.200.202406191623/tools/bin/../lib/gcc/arm-none-eabi/12.3.1/../../../../arm-none-eabi/lib/thumb/v8-m.main+fp/hard\libc_nano.a(libc_a-stdio.o) (_close_r)
C:/ST/STM32CubeIDE_1.16.1/STM32CubeIDE/plugins/com.st.stm32cube.ide.mcu.externaltools.gnu-tools-for-stm32.12.3.rel1.win32_1.0.200.202406191623/tools/bin/../lib/gcc/arm-none-eabi/12.3.1/../../../../arm-none-eabi/lib/thumb/v8-m.main+fp/hard\libc_nano.a(libc_a-reent.o)
                              C:/ST/STM32CubeIDE_1.16.1/STM32CubeIDE/plugins/com.st.stm32cube.ide.mcu.externaltools.gnu-tools-for-stm32.12.3.rel1.win32_1.0.200.202406191623/tools/bin/../lib/gcc/arm-none-eabi/12.3.1/../../../../arm-none-eabi/lib/thumb/v8-m.main+fp/hard\libc_nano.a(libc_a-closer.o) (errno)
C:/ST/STM32CubeIDE_1.16.1/STM32CubeIDE/plugins/com.st.stm32cube.ide.mcu.externaltools.gnu-tools-for-stm32.12.3.rel1.win32_1.0.200.202406191623/tools/bin/../lib/gcc/arm-none-eabi/12.3.1/../../../../arm-none-eabi/lib/thumb/v8-m.main+fp/hard\libc_nano.a(libc_a-impure.o)
                              C:/ST/STM32CubeIDE_1.16.1/STM32CubeIDE/plugins/com.st.stm32cube.ide.mcu.externaltools.gnu-tools-for-stm32.12.3.rel1.win32_1.0.200.202406191623/tools/bin/../lib/gcc/arm-none-eabi/12.3.1/../../../../arm-none-eabi/lib/thumb/v8-m.main+fp/hard\libc_nano.a(libc_a-reent.o) (_impure_ptr)
C:/ST/STM32CubeIDE_1.16.1/STM32CubeIDE/plugins/com.st.stm32cube.ide.mcu.externaltools.gnu-tools-for-stm32.12.3.rel1.win32_1.0.200.202406191623/tools/bin/../lib/gcc/arm-none-eabi/12.3.1/../../../../arm-none-eabi/lib/thumb/v8-m.main+fp/hard\libc_nano.a(libc_a-lseekr.o)
[...]
Memory Configuration

Name             Origin             Length             Attributes
RAM              0x20000000         0x00044000         xrw
FLASH            0x08000000         0x00080000         xr
*default*        0x00000000         0xffffffff

Linker script and memory map

LOAD C:/ST/STM32CubeIDE_1.16.1/STM32CubeIDE/plugins/com.st.stm32cube.ide.mcu.externaltools.gnu-tools-for-stm32.12.3.rel1.win32_1.0.200.202406191623/tools/bin/../lib/gcc/arm-none-eabi/12.3.1/thumb/v8-m.main+fp/hard/crti.o
LOAD C:/ST/STM32CubeIDE_1.16.1/STM32CubeIDE/plugins/com.st.stm32cube.ide.mcu.externaltools.gnu-tools-for-stm32.12.3.rel1.win32_1.0.200.202406191623/tools/bin/../lib/gcc/arm-none-eabi/12.3.1/thumb/v8-m.main+fp/hard/crtbegin.o
LOAD C:/ST/STM32CubeIDE_1.16.1/STM32CubeIDE/plugins/com.st.stm32cube.ide.mcu.externaltools.gnu-tools-for-stm32.12.3.rel1.win32_1.0.200.202406191623/tools/bin/../lib/gcc/arm-none-eabi/12.3.1/../../../../arm-none-eabi/lib/thumb/v8-m.main+fp/hard/crt0.o
LOAD ./Core/Src/app_freertos.o
LOAD ./Core/Src/main.o
LOAD ./Core/Src/stm32h5xx_hal_msp.o
LOAD ./Core/Src/stm32h5xx_hal_timebase_tim.o
LOAD ./Core/Src/stm32h5xx_it.o
LOAD ./Core/Src/syscalls.o
LOAD ./Core/Src/sysmem.o
LOAD ./Core/Src/system_stm32h5xx.o
LOAD ./Core/Startup/startup_stm32h533retx.o
LOAD ./Drivers/STM32H5xx_HAL_Driver/Src/stm32h5xx_hal.o
LOAD ./Drivers/STM32H5xx_HAL_Driver/Src/stm32h5xx_hal_cortex.o
LOAD ./Drivers/STM32H5xx_HAL_Driver/Src/stm32h5xx_hal_dma.o
LOAD ./Drivers/STM32H5xx_HAL_Driver/Src/stm32h5xx_hal_dma_ex.o
LOAD ./Drivers/STM32H5xx_HAL_Driver/Src/stm32h5xx_hal_exti.o
LOAD ./Drivers/STM32H5xx_HAL_Driver/Src/stm32h5xx_hal_flash.o
LOAD ./Drivers/STM32H5xx_HAL_Driver/Src/stm32h5xx_hal_flash_ex.o
LOAD ./Drivers/STM32H5xx_HAL_Driver/Src/stm32h5xx_hal_gpio.o
LOAD ./Drivers/STM32H5xx_HAL_Driver/Src/stm32h5xx_hal_icache.o
LOAD ./Drivers/STM32H5xx_HAL_Driver/Src/stm32h5xx_hal_pwr.o
LOAD ./Drivers/STM32H5xx_HAL_Driver/Src/stm32h5xx_hal_pwr_ex.o
LOAD ./Drivers/STM32H5xx_HAL_Driver/Src/stm32h5xx_hal_rcc.o
LOAD ./Drivers/STM32H5xx_HAL_Driver/Src/stm32h5xx_hal_rcc_ex.o
LOAD ./Drivers/STM32H5xx_HAL_Driver/Src/stm32h5xx_hal_tim.o
LOAD ./Drivers/STM32H5xx_HAL_Driver/Src/stm32h5xx_hal_tim_ex.o
LOAD ./Middlewares/Third_Party/FreeRTOS/Source/CMSIS_RTOS_V2/cmsis_os2.o
LOAD ./Middlewares/Third_Party/FreeRTOS/Source/croutine.o
LOAD ./Middlewares/Third_Party/FreeRTOS/Source/event_groups.o
LOAD ./Middlewares/Third_Party/FreeRTOS/Source/list.o
LOAD ./Middlewares/Third_Party/FreeRTOS/Source/queue.o
LOAD ./Middlewares/Third_Party/FreeRTOS/Source/stream_buffer.o
LOAD ./Middlewares/Third_Party/FreeRTOS/Source/tasks.o
LOAD ./Middlewares/Third_Party/FreeRTOS/Source/timers.o
LOAD ./Middlewares/Third_Party/FreeRTOS/Source/portable/GCC/ARM_CM33_NTZ/non_secure/port.o
LOAD ./Middlewares/Third_Party/FreeRTOS/Source/portable/GCC/ARM_CM33_NTZ/non_secure/portasm.o
LOAD ./Middlewares/Third_Party/FreeRTOS/Source/portable/MemMang/heap_4.o
START GROUP
LOAD C:/ST/STM32CubeIDE_1.16.1/STM32CubeIDE/plugins/com.st.stm32cube.ide.mcu.externaltools.gnu-tools-for-stm32.12.3.rel1.win32_1.0.200.202406191623/tools/bin/../lib/gcc/arm-none-eabi/12.3.1/../../../../arm-none-eabi/lib/thumb/v8-m.main+fp/hard\libc_nano.a
LOAD C:/ST/STM32CubeIDE_1.16.1/STM32CubeIDE/plugins/com.st.stm32cube.ide.mcu.externaltools.gnu-tools-for-stm32.12.3.rel1.win32_1.0.200.202406191623/tools/bin/../lib/gcc/arm-none-eabi/12.3.1/../../../../arm-none-eabi/lib/thumb/v8-m.main+fp/hard\libm.a
END GROUP
START GROUP
LOAD C:/ST/STM32CubeIDE_1.16.1/STM32CubeIDE/plugins/com.st.stm32cube.ide.mcu.externaltools.gnu-tools-for-stm32.12.3.rel1.win32_1.0.200.202406191623/tools/bin/../lib/gcc/arm-none-eabi/12.3.1/thumb/v8-m.main+fp/hard\libgcc.a
LOAD C:/ST/STM32CubeIDE_1.16.1/STM32CubeIDE/plugins/com.st.stm32cube.ide.mcu.externaltools.gnu-tools-for-stm32.12.3.rel1.win32_1.0.200.202406191623/tools/bin/../lib/gcc/arm-none-eabi/12.3.1/../../../../arm-none-eabi/lib/thumb/v8-m.main+fp/hard\libc_nano.a
END GROUP
START GROUP
LOAD C:/ST/STM32CubeIDE_1.16.1/STM32CubeIDE/plugins/com.st.stm32cube.ide.mcu.externaltools.gnu-tools-for-stm32.12.3.rel1.win32_1.0.200.202406191623/tools/bin/../lib/gcc/arm-none-eabi/12.3.1/thumb/v8-m.main+fp/hard\libgcc.a
LOAD C:/ST/STM32CubeIDE_1.16.1/STM32CubeIDE/plugins/com.st.stm32cube.ide.mcu.externaltools.gnu-tools-for-stm32.12.3.rel1.win32_1.0.200.202406191623/tools/bin/../lib/gcc/arm-none-eabi/12.3.1/../../../../arm-none-eabi/lib/thumb/v8-m.main+fp/hard\libc_nano.a
LOAD C:/ST/STM32CubeIDE_1.16.1/STM32CubeIDE/plugins/com.st.stm32cube.ide.mcu.externaltools.gnu-tools-for-stm32.12.3.rel1.win32_1.0.200.202406191623/tools/bin/../lib/gcc/arm-none-eabi/12.3.1/../../../../arm-none-eabi/lib/thumb/v8-m.main+fp/hard\libnosys.a
END GROUP
START GROUP
LOAD C:/ST/STM32CubeIDE_1.16.1/STM32CubeIDE/plugins/com.st.stm32cube.ide.mcu.externaltools.gnu-tools-for-stm32.12.3.rel1.win32_1.0.200.202406191623/tools/bin/../lib/gcc/arm-none-eabi/12.3.1/thumb/v8-m.main+fp/hard\libgcc.a
LOAD C:/ST/STM32CubeIDE_1.16.1/STM32CubeIDE/plugins/com.st.stm32cube.ide.mcu.externaltools.gnu-tools-for-stm32.12.3.rel1.win32_1.0.200.202406191623/tools/bin/../lib/gcc/arm-none-eabi/12.3.1/../../../../arm-none-eabi/lib/thumb/v8-m.main+fp/hard\libc_nano.a
LOAD C:/ST/STM32CubeIDE_1.16.1/STM32CubeIDE/plugins/com.st.stm32cube.ide.mcu.externaltools.gnu-tools-for-stm32.12.3.rel1.win32_1.0.200.202406191623/tools/bin/../lib/gcc/arm-none-eabi/12.3.1/../../../../arm-none-eabi/lib/thumb/v8-m.main+fp/hard\libnosys.a
END GROUP
LOAD C:/ST/STM32CubeIDE_1.16.1/STM32CubeIDE/plugins/com.st.stm32cube.ide.mcu.externaltools.gnu-tools-for-stm32.12.3.rel1.win32_1.0.200.202406191623/tools/bin/../lib/gcc/arm-none-eabi/12.3.1/thumb/v8-m.main+fp/hard/crtend.o
LOAD C:/ST/STM32CubeIDE_1.16.1/STM32CubeIDE/plugins/com.st.stm32cube.ide.mcu.externaltools.gnu-tools-for-stm32.12.3.rel1.win32_1.0.200.202406191623/tools/bin/../lib/gcc/arm-none-eabi/12.3.1/thumb/v8-m.main+fp/hard/crtn.o
                0x20044000                        _estack = (ORIGIN (RAM) + LENGTH (RAM))
                0x00000200                        _Min_Heap_Size = 0x200
                0x00000400                        _Min_Stack_Size = 0x400

.isr_vector     0x08000000      0x254
                0x08000000                        . = ALIGN (0x4)
 *(.isr_vector)
 .isr_vector    0x08000000      0x254 ./Core/Startup/startup_stm32h533retx.o
                0x08000000                g_pfnVectors
                0x08000254                        . = ALIGN (0x4)

.text           0x08000260     0x4534
                0x08000260                        . = ALIGN (0x4)
 *(.text)
 .text          0x08000260       0x40 C:/ST/STM32CubeIDE_1.16.1/STM32CubeIDE/plugins/com.st.stm32cube.ide.mcu.externaltools.gnu-tools-for-stm32.12.3.rel1.win32_1.0.200.202406191623/tools/bin/../lib/gcc/arm-none-eabi/12.3.1/thumb/v8-m.main+fp/hard/crtbegin.o
 *(.text*)
 .text.MX_FREERTOS_Init
                0x080002a0       0x78 ./Core/Src/app_freertos.o
                0x080002a0                MX_FREERTOS_Init
 .text.Bsw_1ms  0x08000318       0x10 ./Core/Src/app_freertos.o
                0x08000318                Bsw_1ms
 .text.App_1ms  0x08000328       0x10 ./Core/Src/app_freertos.o
                0x08000328                App_1ms
 .text.Bsw_10ms
                0x08000338       0x10 ./Core/Src/app_freertos.o
                0x08000338                Bsw_10ms
 .text.App_10ms
                0x08000348       0x10 ./Core/Src/app_freertos.o
                0x08000348                App_10ms
 .text.main     0x08000358       0x24 ./Core/Src/main.o
                0x08000358                main
 .text.SystemClock_Config
                0x0800037c       0xe4 ./Core/Src/main.o
                0x0800037c                SystemClock_Config
 .text.MX_ICACHE_Init
                0x08000460       0x26 ./Core/Src/main.o
 *fill*         0x08000486        0x2 
 .text.MX_GPIO_Init
                0x08000488       0x90 ./Core/Src/main.o
 .text.HAL_TIM_PeriodElapsedCallback
                0x08000518       0x1e ./Core/Src/main.o
                0x08000518                HAL_TIM_PeriodElapsedCallback
 .text.Error_Handler
                0x08000536        0xc ./Core/Src/main.o
                0x08000536                Error_Handler
 .text.HAL_MspInit
                0x08000542       0x14 ./Core/Src/stm32h5xx_hal_msp.o
                0x08000542                HAL_MspInit
 *fill*         0x08000556        0x2 
 .text.HAL_InitTick
                0x08000558       0xec ./Core/Src/stm32h5xx_hal_timebase_tim.o
                0x08000558                HAL_InitTick
 .text.NMI_Handler
                0x08000644        0x8 ./Core/Src/stm32h5xx_it.o
                0x08000644                NMI_Handler
 .text.HardFault_Handler
                0x0800064c        0x8 ./Core/Src/stm32h5xx_it.o
                0x0800064c                HardFault_Handler
 .text.MemManage_Handler
                0x08000654        0x8 ./Core/Src/stm32h5xx_it.o
                0x08000654                MemManage_Handler
 .text.BusFault_Handler
                0x0800065c        0x8 ./Core/Src/stm32h5xx_it.o
                0x0800065c                BusFault_Handler
 .text.UsageFault_Handler
                0x08000664        0x8 ./Core/Src/stm32h5xx_it.o
                0x08000664                UsageFault_Handler
 .text.DebugMon_Handler
                0x0800066c        0xe ./Core/Src/stm32h5xx_it.o
                0x0800066c                DebugMon_Handler
 *fill*         0x0800067a        0x2 
 .text.TIM2_IRQHandler
                0x0800067c       0x14 ./Core/Src/stm32h5xx_it.o
                0x0800067c                TIM2_IRQHandler
 .text.SystemInit
                0x08000690       0xf8 ./Core/Src/system_stm32h5xx.o
                0x08000690                SystemInit
 .text.Reset_Handler
                0x08000788       0x50 ./Core/Startup/startup_stm32h533retx.o
                0x08000788                Reset_Handler
 .text.Default_Handler
                0x080007d8        0x2 ./Core/Startup/startup_stm32h533retx.o
                0x080007d8                EXTI2_IRQHandler
                0x080007d8                TIM8_TRG_COM_IRQHandler
                0x080007d8                TIM8_CC_IRQHandler
                0x080007d8                EXTI5_IRQHandler
                0x080007d8                I3C1_ER_IRQHandler
                0x080007d8                SPI4_IRQHandler
                0x080007d8                GPDMA2_Channel1_IRQHandler
                0x080007d8                FLASH_S_IRQHandler
                0x080007d8                EXTI13_IRQHandler
                0x080007d8                TIM1_CC_IRQHandler
                0x080007d8                GPDMA2_Channel3_IRQHandler
                0x080007d8                TAMP_IRQHandler
                0x080007d8                TIM6_IRQHandler
                0x080007d8                EXTI12_IRQHandler
                0x080007d8                USB_DRD_FS_IRQHandler
                0x080007d8                EXTI3_IRQHandler
                0x080007d8                GPDMA1_Channel5_IRQHandler
                0x080007d8                EXTI8_IRQHandler
                0x080007d8                GPDMA2_Channel5_IRQHandler
                0x080007d8                LPTIM2_IRQHandler
                0x080007d8                I2C3_ER_IRQHandler
                0x080007d8                GPDMA2_Channel2_IRQHandler
                0x080007d8                EXTI0_IRQHandler
                0x080007d8                I2C2_EV_IRQHandler
                0x080007d8                FPU_IRQHandler
                0x080007d8                GPDMA1_Channel3_IRQHandler
                0x080007d8                GPDMA1_Channel7_IRQHandler
                0x080007d8                FDCAN1_IT1_IRQHandler
                0x080007d8                RAMCFG_IRQHandler
                0x080007d8                DCACHE1_IRQHandler
                0x080007d8                SPI1_IRQHandler
                0x080007d8                OCTOSPI1_IRQHandler
                0x080007d8                GPDMA1_Channel2_IRQHandler
                0x080007d8                TIM8_UP_IRQHandler
                0x080007d8                RCC_S_IRQHandler
                0x080007d8                ADC1_IRQHandler
                0x080007d8                PKA_IRQHandler
                0x080007d8                USART6_IRQHandler
                0x080007d8                I3C2_ER_IRQHandler
                0x080007d8                EXTI15_IRQHandler
                0x080007d8                USART3_IRQHandler
                0x080007d8                RTC_IRQHandler
                0x080007d8                EXTI9_IRQHandler
                0x080007d8                UART5_IRQHandler
                0x080007d8                TIM4_IRQHandler
                0x080007d8                I3C2_EV_IRQHandler
                0x080007d8                I2C1_EV_IRQHandler
                0x080007d8                GPDMA1_Channel1_IRQHandler
                0x080007d8                UART4_IRQHandler
                0x080007d8                SecureFault_Handler
                0x080007d8                TIM3_IRQHandler
                0x080007d8                RCC_IRQHandler
                0x080007d8                TIM1_TRG_COM_IRQHandler
                0x080007d8                Default_Handler
                0x080007d8                CEC_IRQHandler
                0x080007d8                OTFDEC1_IRQHandler
                0x080007d8                GPDMA2_Channel4_IRQHandler
                0x080007d8                TIM12_IRQHandler
                0x080007d8                TIM7_IRQHandler
                0x080007d8                SDMMC1_IRQHandler
                0x080007d8                SAES_IRQHandler
                0x080007d8                TIM5_IRQHandler
                0x080007d8                UCPD1_IRQHandler
                0x080007d8                GPDMA1_Channel0_IRQHandler
                0x080007d8                I3C1_EV_IRQHandler
                0x080007d8                TIM15_IRQHandler
                0x080007d8                PVD_AVD_IRQHandler
                0x080007d8                I2C3_EV_IRQHandler
                0x080007d8                ADC2_IRQHandler
                0x080007d8                SPI2_IRQHandler
                0x080007d8                EXTI14_IRQHandler
                0x080007d8                EXTI11_IRQHandler
                0x080007d8                CRS_IRQHandler
                0x080007d8                EXTI4_IRQHandler
                0x080007d8                GPDMA2_Channel0_IRQHandler
                0x080007d8                RTC_S_IRQHandler
                0x080007d8                RNG_IRQHandler
                0x080007d8                FDCAN2_IT1_IRQHandler
                0x080007d8                GPDMA2_Channel6_IRQHandler
                0x080007d8                TIM1_UP_IRQHandler
                0x080007d8                WWDG_IRQHandler
                0x080007d8                FDCAN2_IT0_IRQHandler
                0x080007d8                IWDG_IRQHandler
                0x080007d8                LPUART1_IRQHandler
                0x080007d8                FDCAN1_IT0_IRQHandler
                0x080007d8                GPDMA1_Channel4_IRQHandler
                0x080007d8                EXTI7_IRQHandler
                0x080007d8                TIM1_BRK_IRQHandler
                0x080007d8                EXTI1_IRQHandler
                0x080007d8                AES_IRQHandler
                0x080007d8                DAC1_IRQHandler
                0x080007d8                DTS_IRQHandler
                0x080007d8                GTZC_IRQHandler
                0x080007d8                USART2_IRQHandler
                0x080007d8                GPDMA1_Channel6_IRQHandler
                0x080007d8                GPDMA2_Channel7_IRQHandler
                0x080007d8                I2C2_ER_IRQHandler
                0x080007d8                TIM8_BRK_IRQHandler
                0x080007d8                FLASH_IRQHandler
                0x080007d8                USART1_IRQHandler
                0x080007d8                EXTI10_IRQHandler
                0x080007d8                SPI3_IRQHandler
                0x080007d8                I2C1_ER_IRQHandler
                0x080007d8                FMC_IRQHandler
                0x080007d8                EXTI6_IRQHandler
                0x080007d8                LPTIM1_IRQHandler
                0x080007d8                DCMI_PSSI_IRQHandler
                0x080007d8                ICACHE_IRQHandler
                0x080007d8                HASH_IRQHandler
 *fill*         0x080007da        0x2 
 .text.HAL_Init
                0x080007dc       0x50 ./Drivers/STM32H5xx_HAL_Driver/Src/stm32h5xx_hal.o
                0x080007dc                HAL_Init
 .text.HAL_IncTick
                0x0800082c       0x28 ./Drivers/STM32H5xx_HAL_Driver/Src/stm32h5xx_hal.o
                0x0800082c                HAL_IncTick
 .text.HAL_GetTick
                0x08000854       0x18 ./Drivers/STM32H5xx_HAL_Driver/Src/stm32h5xx_hal.o
                0x08000854                HAL_GetTick
 .text.__NVIC_SetPriorityGrouping
                0x0800086c       0x48 ./Drivers/STM32H5xx_HAL_Driver/Src/stm32h5xx_hal_cortex.o
 .text.__NVIC_GetPriorityGrouping
                0x080008b4       0x1c ./Drivers/STM32H5xx_HAL_Driver/Src/stm32h5xx_hal_cortex.o
 .text.__NVIC_EnableIRQ
                0x080008d0       0x3c ./Drivers/STM32H5xx_HAL_Driver/Src/stm32h5xx_hal_cortex.o
 .text.__NVIC_SetPriority
                0x0800090c       0x54 ./Drivers/STM32H5xx_HAL_Driver/Src/stm32h5xx_hal_cortex.o
 .text.NVIC_EncodePriority
                0x08000960       0x66 ./Drivers/STM32H5xx_HAL_Driver/Src/stm32h5xx_hal_cortex.o
 .text.HAL_NVIC_SetPriorityGrouping
                0x080009c6       0x16 ./Drivers/STM32H5xx_HAL_Driver/Src/stm32h5xx_hal_cortex.o
                0x080009c6                HAL_NVIC_SetPriorityGrouping
 .text.HAL_NVIC_SetPriority
                0x080009dc       0x34 ./Drivers/STM32H5xx_HAL_Driver/Src/stm32h5xx_hal_cortex.o
                0x080009dc                HAL_NVIC_SetPriority
 .text.HAL_NVIC_EnableIRQ
                0x08000a10       0x1c ./Drivers/STM32H5xx_HAL_Driver/Src/stm32h5xx_hal_cortex.o
                0x08000a10                HAL_NVIC_EnableIRQ
 .text.HAL_SYSTICK_CLKSourceConfig
                0x08000a2c       0xb0 ./Drivers/STM32H5xx_HAL_Driver/Src/stm32h5xx_hal_cortex.o
                0x08000a2c                HAL_SYSTICK_CLKSourceConfig
 .text.HAL_ICACHE_ConfigAssociativityMode
                0x08000adc       0x40 ./Drivers/STM32H5xx_HAL_Driver/Src/stm32h5xx_hal_icache.o
                0x08000adc                HAL_ICACHE_ConfigAssociativityMode
 .text.HAL_ICACHE_Enable
                0x08000b1c       0x20 ./Drivers/STM32H5xx_HAL_Driver/Src/stm32h5xx_hal_icache.o
                0x08000b1c                HAL_ICACHE_Enable
 .text.HAL_RCC_OscConfig
                0x08000b3c      0x870 ./Drivers/STM32H5xx_HAL_Driver/Src/stm32h5xx_hal_rcc.o
                0x08000b3c                HAL_RCC_OscConfig
 .text.HAL_RCC_ClockConfig
                0x080013ac      0x370 ./Drivers/STM32H5xx_HAL_Driver/Src/stm32h5xx_hal_rcc.o
                0x080013ac                HAL_RCC_ClockConfig
 .text.HAL_RCC_GetSysClockFreq
                0x0800171c      0x258 ./Drivers/STM32H5xx_HAL_Driver/Src/stm32h5xx_hal_rcc.o
                0x0800171c                HAL_RCC_GetSysClockFreq
 .text.HAL_RCC_GetHCLKFreq
                0x08001974       0x38 ./Drivers/STM32H5xx_HAL_Driver/Src/stm32h5xx_hal_rcc.o
                0x08001974                HAL_RCC_GetHCLKFreq
 .text.HAL_RCC_GetPCLK1Freq
                0x080019ac       0x2c ./Drivers/STM32H5xx_HAL_Driver/Src/stm32h5xx_hal_rcc.o
                0x080019ac                HAL_RCC_GetPCLK1Freq
 .text.HAL_RCC_GetClockConfig
                0x080019d8       0x70 ./Drivers/STM32H5xx_HAL_Driver/Src/stm32h5xx_hal_rcc.o
                0x080019d8                HAL_RCC_GetClockConfig
 .text.HAL_TIM_Base_Init
                0x08001a48       0xae ./Drivers/STM32H5xx_HAL_Driver/Src/stm32h5xx_hal_tim.o
                0x08001a48                HAL_TIM_Base_Init
 .text.HAL_TIM_Base_MspInit
                0x08001af6       0x14 ./Drivers/STM32H5xx_HAL_Driver/Src/stm32h5xx_hal_tim.o
                0x08001af6                HAL_TIM_Base_MspInit
 *fill*         0x08001b0a        0x2 
 .text.HAL_TIM_Base_Start_IT
                0x08001b0c      0x15c ./Drivers/STM32H5xx_HAL_Driver/Src/stm32h5xx_hal_tim.o
                0x08001b0c                HAL_TIM_Base_Start_IT
 .text.HAL_TIM_IRQHandler
                0x08001c68      0x29e ./Drivers/STM32H5xx_HAL_Driver/Src/stm32h5xx_hal_tim.o
                0x08001c68                HAL_TIM_IRQHandler
 .text.HAL_TIM_OC_DelayElapsedCallback
                0x08001f06       0x14 ./Drivers/STM32H5xx_HAL_Driver/Src/stm32h5xx_hal_tim.o
                0x08001f06                HAL_TIM_OC_DelayElapsedCallback
 .text.HAL_TIM_IC_CaptureCallback
                0x08001f1a       0x14 ./Drivers/STM32H5xx_HAL_Driver/Src/stm32h5xx_hal_tim.o
                0x08001f1a                HAL_TIM_IC_CaptureCallback
 .text.HAL_TIM_PWM_PulseFinishedCallback
                0x08001f2e       0x14 ./Drivers/STM32H5xx_HAL_Driver/Src/stm32h5xx_hal_tim.o
                0x08001f2e                HAL_TIM_PWM_PulseFinishedCallback
 .text.HAL_TIM_TriggerCallback
                0x08001f42       0x14 ./Drivers/STM32H5xx_HAL_Driver/Src/stm32h5xx_hal_tim.o
                0x08001f42                HAL_TIM_TriggerCallback
 *fill*         0x08001f56        0x2 
 .text.TIM_Base_SetConfig
                0x08001f58      0x1d4 ./Drivers/STM32H5xx_HAL_Driver/Src/stm32h5xx_hal_tim.o
                0x08001f58                TIM_Base_SetConfig
 .text.HAL_TIMEx_CommutCallback
                0x0800212c       0x14 ./Drivers/STM32H5xx_HAL_Driver/Src/stm32h5xx_hal_tim_ex.o
                0x0800212c                HAL_TIMEx_CommutCallback
 .text.HAL_TIMEx_BreakCallback
                0x08002140       0x14 ./Drivers/STM32H5xx_HAL_Driver/Src/stm32h5xx_hal_tim_ex.o
                0x08002140                HAL_TIMEx_BreakCallback
 .text.HAL_TIMEx_Break2Callback
                0x08002154       0x14 ./Drivers/STM32H5xx_HAL_Driver/Src/stm32h5xx_hal_tim_ex.o
                0x08002154                HAL_TIMEx_Break2Callback
 .text.HAL_TIMEx_EncoderIndexCallback
                0x08002168       0x14 ./Drivers/STM32H5xx_HAL_Driver/Src/stm32h5xx_hal_tim_ex.o
                0x08002168                HAL_TIMEx_EncoderIndexCallback
 .text.HAL_TIMEx_DirectionChangeCallback
                0x0800217c       0x14 ./Drivers/STM32H5xx_HAL_Driver/Src/stm32h5xx_hal_tim_ex.o
                0x0800217c                HAL_TIMEx_DirectionChangeCallback
 .text.HAL_TIMEx_IndexErrorCallback
                0x08002190       0x14 ./Drivers/STM32H5xx_HAL_Driver/Src/stm32h5xx_hal_tim_ex.o
                0x08002190                HAL_TIMEx_IndexErrorCallback
 .text.HAL_TIMEx_TransitionErrorCallback
                0x080021a4       0x14 ./Drivers/STM32H5xx_HAL_Driver/Src/stm32h5xx_hal_tim_ex.o
                0x080021a4                HAL_TIMEx_TransitionErrorCallback
 .text.__NVIC_SetPriority
                0x080021b8       0x54 ./Middlewares/Third_Party/FreeRTOS/Source/CMSIS_RTOS_V2/cmsis_os2.o
 .text.SysTick_Handler
                0x0800220c       0x20 ./Middlewares/Third_Party/FreeRTOS/Source/CMSIS_RTOS_V2/cmsis_os2.o
                0x0800220c                SysTick_Handler
 .text.SVC_Setup
                0x0800222c       0x12 ./Middlewares/Third_Party/FreeRTOS/Source/CMSIS_RTOS_V2/cmsis_os2.o
 .text.IRQ_Context
                0x0800223e       0x4e ./Middlewares/Third_Party/FreeRTOS/Source/CMSIS_RTOS_V2/cmsis_os2.o
 .text.osKernelInitialize
                0x0800228c       0x4c ./Middlewares/Third_Party/FreeRTOS/Source/CMSIS_RTOS_V2/cmsis_os2.o
                0x0800228c                osKernelInitialize
 .text.osKernelStart
                0x080022d8       0x54 ./Middlewares/Third_Party/FreeRTOS/Source/CMSIS_RTOS_V2/cmsis_os2.o
                0x080022d8                osKernelStart
 .text.osThreadNew
                0x0800232c      0x122 ./Middlewares/Third_Party/FreeRTOS/Source/CMSIS_RTOS_V2/cmsis_os2.o
                0x0800232c                osThreadNew
 .text.osDelay  0x0800244e       0x34 ./Middlewares/Third_Party/FreeRTOS/Source/CMSIS_RTOS_V2/cmsis_os2.o
                0x0800244e                osDelay
 *fill*         0x08002482        0x2 
 .text.vApplicationGetIdleTaskMemory
                0x08002484       0x34 ./Middlewares/Third_Party/FreeRTOS/Source/CMSIS_RTOS_V2/cmsis_os2.o
                0x08002484                vApplicationGetIdleTaskMemory
 .text.vApplicationGetTimerTaskMemory
                0x080024b8       0x34 ./Middlewares/Third_Party/FreeRTOS/Source/CMSIS_RTOS_V2/cmsis_os2.o
                0x080024b8                vApplicationGetTimerTaskMemory
 .text.vListInitialise
                0x080024ec       0x40 ./Middlewares/Third_Party/FreeRTOS/Source/list.o
                0x080024ec                vListInitialise
 .text.vListInitialiseItem
                0x0800252c       0x1a ./Middlewares/Third_Party/FreeRTOS/Source/list.o
                0x0800252c                vListInitialiseItem
 .text.vListInsert
                0x08002546       0x72 ./Middlewares/Third_Party/FreeRTOS/Source/list.o
                0x08002546                vListInsert
 .text.uxListRemove
                0x080025b8       0x54 ./Middlewares/Third_Party/FreeRTOS/Source/list.o
                0x080025b8                uxListRemove
 .text.xQueueGenericReset
                0x0800260c       0xf2 ./Middlewares/Third_Party/FreeRTOS/Source/queue.o
                0x0800260c                xQueueGenericReset
 .text.xQueueGenericCreateStatic
                0x080026fe       0x92 ./Middlewares/Third_Party/FreeRTOS/Source/queue.o
                0x080026fe                xQueueGenericCreateStatic
 .text.prvInitialiseNewQueue
                0x08002790       0x46 ./Middlewares/Third_Party/FreeRTOS/Source/queue.o
 .text.xQueueReceive
                0x080027d6      0x178 ./Middlewares/Third_Party/FreeRTOS/Source/queue.o
                0x080027d6                xQueueReceive
 .text.prvCopyDataFromQueue
                0x0800294e       0x4c ./Middlewares/Third_Party/FreeRTOS/Source/queue.o
 .text.prvUnlockQueue
                0x0800299a       0xa4 ./Middlewares/Third_Party/FreeRTOS/Source/queue.o
 .text.prvIsQueueEmpty
                0x08002a3e       0x2c ./Middlewares/Third_Party/FreeRTOS/Source/queue.o
 *fill*         0x08002a6a        0x2 
 .text.vQueueAddToRegistry
                0x08002a6c       0x8c ./Middlewares/Third_Party/FreeRTOS/Source/queue.o
                0x08002a6c                vQueueAddToRegistry
 .text.vQueueWaitForMessageRestricted
                0x08002af8       0x68 ./Middlewares/Third_Party/FreeRTOS/Source/queue.o
                0x08002af8                vQueueWaitForMessageRestricted
 .text.xTaskCreateStatic
                0x08002b60       0x9a ./Middlewares/Third_Party/FreeRTOS/Source/tasks.o
                0x08002b60                xTaskCreateStatic
 .text.xTaskCreate
                0x08002bfa       0x94 ./Middlewares/Third_Party/FreeRTOS/Source/tasks.o
                0x08002bfa                xTaskCreate
 .text.prvInitialiseNewTask
                0x08002c8e      0x104 ./Middlewares/Third_Party/FreeRTOS/Source/tasks.o
 *fill*         0x08002d92        0x2 
 .text.prvAddNewTaskToReadyList
                0x08002d94      0x120 ./Middlewares/Third_Party/FreeRTOS/Source/tasks.o
 .text.vTaskDelay
                0x08002eb4       0x4c ./Middlewares/Third_Party/FreeRTOS/Source/tasks.o
                0x08002eb4                vTaskDelay
 .text.vTaskStartScheduler
                0x08002f00       0xb8 ./Middlewares/Third_Party/FreeRTOS/Source/tasks.o
                0x08002f00                vTaskStartScheduler
 .text.vTaskSuspendAll
                0x08002fb8       0x1c ./Middlewares/Third_Party/FreeRTOS/Source/tasks.o
                0x08002fb8                vTaskSuspendAll
 .text.xTaskResumeAll
                0x08002fd4      0x1dc ./Middlewares/Third_Party/FreeRTOS/Source/tasks.o
                0x08002fd4                xTaskResumeAll
 .text.xTaskGetTickCount
                0x080031b0       0x20 ./Middlewares/Third_Party/FreeRTOS/Source/tasks.o
                0x080031b0                xTaskGetTickCount
 .text.xTaskIncrementTick
                0x080031d0      0x220 ./Middlewares/Third_Party/FreeRTOS/Source/tasks.o
                0x080031d0                xTaskIncrementTick
 .text.vTaskSwitchContext
                0x080033f0       0xa8 ./Middlewares/Third_Party/FreeRTOS/Source/tasks.o
                0x080033f0                vTaskSwitchContext
 .text.vTaskPlaceOnEventList
                0x08003498       0x3c ./Middlewares/Third_Party/FreeRTOS/Source/tasks.o
                0x08003498                vTaskPlaceOnEventList
 .text.vTaskPlaceOnEventListRestricted
                0x080034d4       0x7c ./Middlewares/Third_Party/FreeRTOS/Source/tasks.o
                0x080034d4                vTaskPlaceOnEventListRestricted
 .text.xTaskRemoveFromEventList
                0x08003550      0x19c ./Middlewares/Third_Party/FreeRTOS/Source/tasks.o
                0x08003550                xTaskRemoveFromEventList
 .text.vTaskInternalSetTimeOutState
                0x080036ec       0x2c ./Middlewares/Third_Party/FreeRTOS/Source/tasks.o
                0x080036ec                vTaskInternalSetTimeOutState
 .text.xTaskCheckForTimeOut
                0x08003718       0xb0 ./Middlewares/Third_Party/FreeRTOS/Source/tasks.o
                0x08003718                xTaskCheckForTimeOut
 .text.vTaskMissedYield
                0x080037c8       0x18 ./Middlewares/Third_Party/FreeRTOS/Source/tasks.o
                0x080037c8                vTaskMissedYield
 .text.prvIdleTask
                0x080037e0       0x20 ./Middlewares/Third_Party/FreeRTOS/Source/tasks.o
 .text.prvInitialiseTaskLists
                0x08003800       0x80 ./Middlewares/Third_Party/FreeRTOS/Source/tasks.o
 .text.prvCheckTasksWaitingTermination
                0x08003880       0x5c ./Middlewares/Third_Party/FreeRTOS/Source/tasks.o
 .text.prvDeleteTCB
                0x080038dc       0x50 ./Middlewares/Third_Party/FreeRTOS/Source/tasks.o
 .text.prvResetNextTaskUnblockTime
                0x0800392c       0x38 ./Middlewares/Third_Party/FreeRTOS/Source/tasks.o
 .text.xTaskGetSchedulerState
                0x08003964       0x3c ./Middlewares/Third_Party/FreeRTOS/Source/tasks.o
                0x08003964                xTaskGetSchedulerState
 .text.prvAddCurrentTaskToDelayedList
                0x080039a0       0xdc ./Middlewares/Third_Party/FreeRTOS/Source/tasks.o
 .text.xTimerCreateTimerTask
                0x08003a7c       0x80 ./Middlewares/Third_Party/FreeRTOS/Source/timers.o
                0x08003a7c                xTimerCreateTimerTask
 .text.prvReloadTimer
                0x08003afc       0x42 ./Middlewares/Third_Party/FreeRTOS/Source/timers.o
 *fill*         0x08003b3e        0x2 
 .text.prvProcessExpiredTimer
                0x08003b40       0x60 ./Middlewares/Third_Party/FreeRTOS/Source/timers.o
 .text.prvTimerTask
                0x08003ba0       0x26 ./Middlewares/Third_Party/FreeRTOS/Source/timers.o
 *fill*         0x08003bc6        0x2 
 .text.prvProcessTimerOrBlockTask
                0x08003bc8       0x8c ./Middlewares/Third_Party/FreeRTOS/Source/timers.o
 .text.prvGetNextExpireTime
                0x08003c54       0x48 ./Middlewares/Third_Party/FreeRTOS/Source/timers.o
 .text.prvSampleTimeNow
                0x08003c9c       0x40 ./Middlewares/Third_Party/FreeRTOS/Source/timers.o
 .text.prvInsertTimerInActiveList
                0x08003cdc       0x84 ./Middlewares/Third_Party/FreeRTOS/Source/timers.o
 .text.prvProcessReceivedCommands
                0x08003d60      0x19c ./Middlewares/Third_Party/FreeRTOS/Source/timers.o
 .text.prvSwitchTimerLists
                0x08003efc       0x4c ./Middlewares/Third_Party/FreeRTOS/Source/timers.o
 .text.prvCheckForValidListAndQueue
                0x08003f48       0x80 ./Middlewares/Third_Party/FreeRTOS/Source/timers.o
 .text.vPortSetupTimerInterrupt
                0x08003fc8       0x48 ./Middlewares/Third_Party/FreeRTOS/Source/portable/GCC/ARM_CM33_NTZ/non_secure/port.o
                0x08003fc8                vPortSetupTimerInterrupt
 .text.prvTaskExitError
                0x08004010       0x38 ./Middlewares/Third_Party/FreeRTOS/Source/portable/GCC/ARM_CM33_NTZ/non_secure/port.o
 .text.vPortYield
                0x08004048       0x24 ./Middlewares/Third_Party/FreeRTOS/Source/portable/GCC/ARM_CM33_NTZ/non_secure/port.o
                0x08004048                vPortYield
 .text.vPortEnterCritical
                0x0800406c       0x24 ./Middlewares/Third_Party/FreeRTOS/Source/portable/GCC/ARM_CM33_NTZ/non_secure/port.o
                0x0800406c                vPortEnterCritical
 .text.vPortExitCritical
                0x08004090       0x34 ./Middlewares/Third_Party/FreeRTOS/Source/portable/GCC/ARM_CM33_NTZ/non_secure/port.o
                0x08004090                vPortExitCritical
 .text.xPortSysTickHandler
                0x080040c4       0x30 ./Middlewares/Third_Party/FreeRTOS/Source/portable/GCC/ARM_CM33_NTZ/non_secure/port.o
                0x080040c4                xPortSysTickHandler
 .text.vPortSVCHandler_C
                0x080040f4       0x32 ./Middlewares/Third_Party/FreeRTOS/Source/portable/GCC/ARM_CM33_NTZ/non_secure/port.o
                0x080040f4                vPortSVCHandler_C
 *fill*         0x08004126        0x2 
 .text.pxPortInitialiseStack
                0x08004128      0x114 ./Middlewares/Third_Party/FreeRTOS/Source/portable/GCC/ARM_CM33_NTZ/non_secure/port.o
                0x08004128                pxPortInitialiseStack
 .text.xPortStartScheduler
                0x0800423c       0x40 ./Middlewares/Third_Party/FreeRTOS/Source/portable/GCC/ARM_CM33_NTZ/non_secure/port.o
                0x0800423c                xPortStartScheduler
 *fill*         0x0800427c        0x4 
 .text.vRestoreContextOfFirstTask
                0x08004280       0x38 ./Middlewares/Third_Party/FreeRTOS/Source/portable/GCC/ARM_CM33_NTZ/non_secure/portasm.o
                0x08004280                vRestoreContextOfFirstTask
 *fill*         0x080042b8        0x8 
 .text.vStartFirstTask
                0x080042c0       0x28 ./Middlewares/Third_Party/FreeRTOS/Source/portable/GCC/ARM_CM33_NTZ/non_secure/portasm.o
                0x080042c0                vStartFirstTask
 .text.ulSetInterruptMask
                0x080042e8       0x1a ./Middlewares/Third_Party/FreeRTOS/Source/portable/GCC/ARM_CM33_NTZ/non_secure/portasm.o
                0x080042e8                ulSetInterruptMask
 .text.vClearInterruptMask
                0x08004302       0x10 ./Middlewares/Third_Party/FreeRTOS/Source/portable/GCC/ARM_CM33_NTZ/non_secure/portasm.o
                0x08004302                vClearInterruptMask
 *fill*         0x08004312        0xe 
 .text.PendSV_Handler
                0x08004320       0x58 ./Middlewares/Third_Party/FreeRTOS/Source/portable/GCC/ARM_CM33_NTZ/non_secure/portasm.o
                0x08004320                PendSV_Handler
 *fill*         0x08004378        0x8 
 .text.SVC_Handler
                0x08004380       0x28 ./Middlewares/Third_Party/FreeRTOS/Source/portable/GCC/ARM_CM33_NTZ/non_secure/portasm.o
                0x08004380                SVC_Handler
 .text.pvPortMalloc
                0x080043a8      0x158 ./Middlewares/Third_Party/FreeRTOS/Source/portable/MemMang/heap_4.o
                0x080043a8                pvPortMalloc
 .text.vPortFree
                0x08004500       0x9c ./Middlewares/Third_Party/FreeRTOS/Source/portable/MemMang/heap_4.o
                0x08004500                vPortFree
 .text.prvHeapInit
                0x0800459c       0xb8 ./Middlewares/Third_Party/FreeRTOS/Source/portable/MemMang/heap_4.o
 .text.prvInsertBlockIntoFreeList
                0x08004654       0xb4 ./Middlewares/Third_Party/FreeRTOS/Source/portable/MemMang/heap_4.o
 .text.memset   0x08004708       0x10 C:/ST/STM32CubeIDE_1.16.1/STM32CubeIDE/plugins/com.st.stm32cube.ide.mcu.externaltools.gnu-tools-for-stm32.12.3.rel1.win32_1.0.200.202406191623/tools/bin/../lib/gcc/arm-none-eabi/12.3.1/../../../../arm-none-eabi/lib/thumb/v8-m.main+fp/hard\libc_nano.a(libc_a-memset.o)
                0x08004708                memset
 .text.__libc_init_array
                0x08004718       0x48 C:/ST/STM32CubeIDE_1.16.1/STM32CubeIDE/plugins/com.st.stm32cube.ide.mcu.externaltools.gnu-tools-for-stm32.12.3.rel1.win32_1.0.200.202406191623/tools/bin/../lib/gcc/arm-none-eabi/12.3.1/../../../../arm-none-eabi/lib/thumb/v8-m.main+fp/hard\libc_nano.a(libc_a-init.o)
                0x08004718                __libc_init_array
 .text.memcpy   0x08004760       0x1a C:/ST/STM32CubeIDE_1.16.1/STM32CubeIDE/plugins/com.st.stm32cube.ide.mcu.externaltools.gnu-tools-for-stm32.12.3.rel1.win32_1.0.200.202406191623/tools/bin/../lib/gcc/arm-none-eabi/12.3.1/../../../../arm-none-eabi/lib/thumb/v8-m.main+fp/hard\libc_nano.a(libc_a-memcpy-stub.o)
                0x08004760                memcpy
 *(.glue_7)
 .glue_7        0x0800477a        0x0 linker stubs
 *(.glue_7t)
 .glue_7t       0x0800477a        0x0 linker stubs
 *(.eh_frame)
 *fill*         0x0800477a        0x2 
 .eh_frame      0x0800477c        0x0 C:/ST/STM32CubeIDE_1.16.1/STM32CubeIDE/plugins/com.st.stm32cube.ide.mcu.externaltools.gnu-tools-for-stm32.12.3.rel1.win32_1.0.200.202406191623/tools/bin/../lib/gcc/arm-none-eabi/12.3.1/thumb/v8-m.main+fp/hard/crtbegin.o
 *(.init)
 .init          0x0800477c        0x4 C:/ST/STM32CubeIDE_1.16.1/STM32CubeIDE/plugins/com.st.stm32cube.ide.mcu.externaltools.gnu-tools-for-stm32.12.3.rel1.win32_1.0.200.202406191623/tools/bin/../lib/gcc/arm-none-eabi/12.3.1/thumb/v8-m.main+fp/hard/crti.o
                0x0800477c                _init
 .init          0x08004780        0x8 C:/ST/STM32CubeIDE_1.16.1/STM32CubeIDE/plugins/com.st.stm32cube.ide.mcu.externaltools.gnu-tools-for-stm32.12.3.rel1.win32_1.0.200.202406191623/tools/bin/../lib/gcc/arm-none-eabi/12.3.1/thumb/v8-m.main+fp/hard/crtn.o
 *(.fini)
 .fini          0x08004788        0x4 C:/ST/STM32CubeIDE_1.16.1/STM32CubeIDE/plugins/com.st.stm32cube.ide.mcu.externaltools.gnu-tools-for-stm32.12.3.rel1.win32_1.0.200.202406191623/tools/bin/../lib/gcc/arm-none-eabi/12.3.1/thumb/v8-m.main+fp/hard/crti.o
                0x08004788                _fini
 .fini          0x0800478c        0x8 C:/ST/STM32CubeIDE_1.16.1/STM32CubeIDE/plugins/com.st.stm32cube.ide.mcu.externaltools.gnu-tools-for-stm32.12.3.rel1.win32_1.0.200.202406191623/tools/bin/../lib/gcc/arm-none-eabi/12.3.1/thumb/v8-m.main+fp/hard/crtn.o
                0x08004794                        . = ALIGN (0x4)
                0x08004794                        _etext = .

.vfp11_veneer   0x08004794        0x0
 .vfp11_veneer  0x08004794        0x0 linker stubs

.v4_bx          0x08004794        0x0
 .v4_bx         0x08004794        0x0 linker stubs

.iplt           0x08004794        0x0
 .iplt          0x08004794        0x0 C:/ST/STM32CubeIDE_1.16.1/STM32CubeIDE/plugins/com.st.stm32cube.ide.mcu.externaltools.gnu-tools-for-stm32.12.3.rel1.win32_1.0.200.202406191623/tools/bin/../lib/gcc/arm-none-eabi/12.3.1/thumb/v8-m.main+fp/hard/crtbegin.o

.rodata         0x08004794      0x100
                0x08004794                        . = ALIGN (0x4)
 *(.rodata)
 .rodata        0x08004794       0x3e ./Core/Src/app_freertos.o
 *fill*         0x080047d2        0x2 
 .rodata        0x080047d4        0x5 ./Middlewares/Third_Party/FreeRTOS/Source/tasks.o
 *fill*         0x080047d9        0x3 
 .rodata        0x080047dc        0xd ./Middlewares/Third_Party/FreeRTOS/Source/timers.o
 *(.rodata*)
 *fill*         0x080047e9        0x3 
 .rodata.Task_Bsw_1ms_attributes
                0x080047ec       0x24 ./Core/Src/app_freertos.o
                0x080047ec                Task_Bsw_1ms_attributes
 .rodata.Task_App_1ms_attributes
                0x08004810       0x24 ./Core/Src/app_freertos.o
                0x08004810                Task_App_1ms_attributes
 .rodata.Task_Bsw_10ms_attributes
                0x08004834       0x24 ./Core/Src/app_freertos.o
                0x08004834                Task_Bsw_10ms_attributes
 .rodata.Task_App_10ms_attributes
                0x08004858       0x24 ./Core/Src/app_freertos.o
                0x08004858                Task_App_10ms_attributes
 .rodata.AHBPrescTable
                0x0800487c       0x10 ./Core/Src/system_stm32h5xx.o
                0x0800487c                AHBPrescTable
 .rodata.APBPrescTable
                0x0800488c        0x8 ./Core/Src/system_stm32h5xx.o
                0x0800488c                APBPrescTable
                0x08004894                        . = ALIGN (0x4)

.ARM.extab      0x08004894        0x0
                0x08004894                        . = ALIGN (0x4)
 *(.ARM.extab* .gnu.linkonce.armextab.*)
                0x08004894                        . = ALIGN (0x4)

.ARM            0x08004894        0x0
                0x08004894                        . = ALIGN (0x4)
                0x08004894                        __exidx_start = .
 *(.ARM.exidx*)
                0x08004894                        __exidx_end = .
                0x08004894                        . = ALIGN (0x4)

.preinit_array  0x08004894        0x0
                0x08004894                        . = ALIGN (0x4)
                0x08004894                        PROVIDE (__preinit_array_start = .)
 *(.preinit_array*)
                0x08004894                        PROVIDE (__preinit_array_end = .)
                0x08004894                        . = ALIGN (0x4)

.init_array     0x08004894        0x4
                0x08004894                        . = ALIGN (0x4)
                0x08004894                        PROVIDE (__init_array_start = .)
 *(SORT_BY_NAME(.init_array.*))
 *(.init_array*)
 .init_array    0x08004894        0x4 C:/ST/STM32CubeIDE_1.16.1/STM32CubeIDE/plugins/com.st.stm32cube.ide.mcu.externaltools.gnu-tools-for-stm32.12.3.rel1.win32_1.0.200.202406191623/tools/bin/../lib/gcc/arm-none-eabi/12.3.1/thumb/v8-m.main+fp/hard/crtbegin.o
                0x08004898                        PROVIDE (__init_array_end = .)
                0x08004898                        . = ALIGN (0x4)

.fini_array     0x08004898        0x4
                0x08004898                        . = ALIGN (0x4)
                [!provide]                        PROVIDE (__fini_array_start = .)
 *(SORT_BY_NAME(.fini_array.*))
 *(.fini_array*)
 .fini_array    0x08004898        0x4 C:/ST/STM32CubeIDE_1.16.1/STM32CubeIDE/plugins/com.st.stm32cube.ide.mcu.externaltools.gnu-tools-for-stm32.12.3.rel1.win32_1.0.200.202406191623/tools/bin/../lib/gcc/arm-none-eabi/12.3.1/thumb/v8-m.main+fp/hard/crtbegin.o
                [!provide]                        PROVIDE (__fini_array_end = .)
                0x0800489c                        . = ALIGN (0x4)
                0x0800489c                        _sidata = LOADADDR (.data)

.rel.dyn        0x0800489c        0x0
 .rel.iplt      0x0800489c        0x0 C:/ST/STM32CubeIDE_1.16.1/STM32CubeIDE/plugins/com.st.stm32cube.ide.mcu.externaltools.gnu-tools-for-stm32.12.3.rel1.win32_1.0.200.202406191623/tools/bin/../lib/gcc/arm-none-eabi/12.3.1/thumb/v8-m.main+fp/hard/crtbegin.o

.data           0x20000000       0x14 load address 0x0800489c
                0x20000000                        . = ALIGN (0x4)
                0x20000000                        _sdata = .
 *(.data)
 *(.data*)
 .data.SystemCoreClock
                0x20000000        0x4 ./Core/Src/system_stm32h5xx.o
                0x20000000                SystemCoreClock
 .data.uwTickPrio
                0x20000004        0x4 ./Drivers/STM32H5xx_HAL_Driver/Src/stm32h5xx_hal.o
                0x20000004                uwTickPrio
 .data.uwTickFreq
                0x20000008        0x1 ./Drivers/STM32H5xx_HAL_Driver/Src/stm32h5xx_hal.o
                0x20000008                uwTickFreq
 *fill*         0x20000009        0x3 
 .data.uxTopUsedPriority
                0x2000000c        0x4 ./Middlewares/Third_Party/FreeRTOS/Source/tasks.o
                0x2000000c                uxTopUsedPriority
 .data.ulCriticalNesting
                0x20000010        0x4 ./Middlewares/Third_Party/FreeRTOS/Source/portable/GCC/ARM_CM33_NTZ/non_secure/port.o
 *(.RamFunc)
 *(.RamFunc*)
                0x20000014                        . = ALIGN (0x4)
                0x20000014                        _edata = .

.igot.plt       0x20000014        0x0 load address 0x080048b0
 .igot.plt      0x20000014        0x0 C:/ST/STM32CubeIDE_1.16.1/STM32CubeIDE/plugins/com.st.stm32cube.ide.mcu.externaltools.gnu-tools-for-stm32.12.3.rel1.win32_1.0.200.202406191623/tools/bin/../lib/gcc/arm-none-eabi/12.3.1/thumb/v8-m.main+fp/hard/crtbegin.o
                0x20000014                        . = ALIGN (0x4)

.bss            0x20000014     0x2bc0 load address 0x080048b0
                0x20000014                        _sbss = .
                0x20000014                        __bss_start__ = _sbss
 *(.bss)
 .bss           0x20000014       0x1c C:/ST/STM32CubeIDE_1.16.1/STM32CubeIDE/plugins/com.st.stm32cube.ide.mcu.externaltools.gnu-tools-for-stm32.12.3.rel1.win32_1.0.200.202406191623/tools/bin/../lib/gcc/arm-none-eabi/12.3.1/thumb/v8-m.main+fp/hard/crtbegin.o
 *(.bss*)
 .bss.Task_Bsw_1msHandle
                0x20000030        0x4 ./Core/Src/app_freertos.o
                0x20000030                Task_Bsw_1msHandle
 .bss.Task_App_1msHandle
                0x20000034        0x4 ./Core/Src/app_freertos.o
                0x20000034                Task_App_1msHandle
 .bss.Task_Bsw_10msHandle
                0x20000038        0x4 ./Core/Src/app_freertos.o
                0x20000038                Task_Bsw_10msHandle
 .bss.Task_App_10msHandle
                0x2000003c        0x4 ./Core/Src/app_freertos.o
                0x2000003c                Task_App_10msHandle
 .bss.htim2     0x20000040       0x4c ./Core/Src/stm32h5xx_hal_timebase_tim.o
                0x20000040                htim2
 .bss.uwTick    0x2000008c        0x4 ./Drivers/STM32H5xx_HAL_Driver/Src/stm32h5xx_hal.o
                0x2000008c                uwTick
 .bss.KernelState
                0x20000090        0x4 ./Middlewares/Third_Party/FreeRTOS/Source/CMSIS_RTOS_V2/cmsis_os2.o
 .bss.Idle_TCB.3
                0x20000094       0x5c ./Middlewares/Third_Party/FreeRTOS/Source/CMSIS_RTOS_V2/cmsis_os2.o
 .bss.Idle_Stack.2
                0x200000f0      0x200 ./Middlewares/Third_Party/FreeRTOS/Source/CMSIS_RTOS_V2/cmsis_os2.o
 .bss.Timer_TCB.1
                0x200002f0       0x5c ./Middlewares/Third_Party/FreeRTOS/Source/CMSIS_RTOS_V2/cmsis_os2.o
 .bss.Timer_Stack.0
                0x2000034c      0x200 ./Middlewares/Third_Party/FreeRTOS/Source/CMSIS_RTOS_V2/cmsis_os2.o
 .bss.xQueueRegistry
                0x2000054c       0x40 ./Middlewares/Third_Party/FreeRTOS/Source/queue.o
                0x2000054c                xQueueRegistry
 .bss.pxCurrentTCB
                0x2000058c        0x4 ./Middlewares/Third_Party/FreeRTOS/Source/tasks.o
                0x2000058c                pxCurrentTCB
 .bss.pxReadyTasksLists
                0x20000590      0x460 ./Middlewares/Third_Party/FreeRTOS/Source/tasks.o
 .bss.xDelayedTaskList1
                0x200009f0       0x14 ./Middlewares/Third_Party/FreeRTOS/Source/tasks.o
 .bss.xDelayedTaskList2
                0x20000a04       0x14 ./Middlewares/Third_Party/FreeRTOS/Source/tasks.o
 .bss.pxDelayedTaskList
                0x20000a18        0x4 ./Middlewares/Third_Party/FreeRTOS/Source/tasks.o
 .bss.pxOverflowDelayedTaskList
                0x20000a1c        0x4 ./Middlewares/Third_Party/FreeRTOS/Source/tasks.o
 .bss.xPendingReadyList
                0x20000a20       0x14 ./Middlewares/Third_Party/FreeRTOS/Source/tasks.o
 .bss.xTasksWaitingTermination
                0x20000a34       0x14 ./Middlewares/Third_Party/FreeRTOS/Source/tasks.o
 .bss.uxDeletedTasksWaitingCleanUp
                0x20000a48        0x4 ./Middlewares/Third_Party/FreeRTOS/Source/tasks.o
 .bss.xSuspendedTaskList
                0x20000a4c       0x14 ./Middlewares/Third_Party/FreeRTOS/Source/tasks.o
 .bss.uxCurrentNumberOfTasks
                0x20000a60        0x4 ./Middlewares/Third_Party/FreeRTOS/Source/tasks.o
 .bss.xTickCount
                0x20000a64        0x4 ./Middlewares/Third_Party/FreeRTOS/Source/tasks.o
 .bss.uxTopReadyPriority
                0x20000a68        0x4 ./Middlewares/Third_Party/FreeRTOS/Source/tasks.o
 .bss.xSchedulerRunning
                0x20000a6c        0x4 ./Middlewares/Third_Party/FreeRTOS/Source/tasks.o
 .bss.xPendedTicks
                0x20000a70        0x4 ./Middlewares/Third_Party/FreeRTOS/Source/tasks.o
 .bss.xYieldPending
                0x20000a74        0x4 ./Middlewares/Third_Party/FreeRTOS/Source/tasks.o
 .bss.xNumOfOverflows
                0x20000a78        0x4 ./Middlewares/Third_Party/FreeRTOS/Source/tasks.o
 .bss.uxTaskNumber
                0x20000a7c        0x4 ./Middlewares/Third_Party/FreeRTOS/Source/tasks.o
 .bss.xNextTaskUnblockTime
                0x20000a80        0x4 ./Middlewares/Third_Party/FreeRTOS/Source/tasks.o
 .bss.xIdleTaskHandle
                0x20000a84        0x4 ./Middlewares/Third_Party/FreeRTOS/Source/tasks.o
 .bss.uxSchedulerSuspended
                0x20000a88        0x4 ./Middlewares/Third_Party/FreeRTOS/Source/tasks.o
 .bss.xActiveTimerList1
                0x20000a8c       0x14 ./Middlewares/Third_Party/FreeRTOS/Source/timers.o
 .bss.xActiveTimerList2
                0x20000aa0       0x14 ./Middlewares/Third_Party/FreeRTOS/Source/timers.o
 .bss.pxCurrentTimerList
                0x20000ab4        0x4 ./Middlewares/Third_Party/FreeRTOS/Source/timers.o
 .bss.pxOverflowTimerList
                0x20000ab8        0x4 ./Middlewares/Third_Party/FreeRTOS/Source/timers.o
 .bss.xTimerQueue
                0x20000abc        0x4 ./Middlewares/Third_Party/FreeRTOS/Source/timers.o
 .bss.xTimerTaskHandle
                0x20000ac0        0x4 ./Middlewares/Third_Party/FreeRTOS/Source/timers.o
 .bss.xLastTime.2
                0x20000ac4        0x4 ./Middlewares/Third_Party/FreeRTOS/Source/timers.o
 .bss.ucStaticTimerQueueStorage.1
                0x20000ac8       0xa0 ./Middlewares/Third_Party/FreeRTOS/Source/timers.o
 .bss.xStaticTimerQueue.0
                0x20000b68       0x50 ./Middlewares/Third_Party/FreeRTOS/Source/timers.o
 .bss.ucHeap    0x20000bb8     0x2000 ./Middlewares/Third_Party/FreeRTOS/Source/portable/MemMang/heap_4.o
 .bss.xStart    0x20002bb8        0x8 ./Middlewares/Third_Party/FreeRTOS/Source/portable/MemMang/heap_4.o
 .bss.pxEnd     0x20002bc0        0x4 ./Middlewares/Third_Party/FreeRTOS/Source/portable/MemMang/heap_4.o
 .bss.xFreeBytesRemaining
                0x20002bc4        0x4 ./Middlewares/Third_Party/FreeRTOS/Source/portable/MemMang/heap_4.o
 .bss.xMinimumEverFreeBytesRemaining
                0x20002bc8        0x4 ./Middlewares/Third_Party/FreeRTOS/Source/portable/MemMang/heap_4.o
 .bss.xNumberOfSuccessfulAllocations
                0x20002bcc        0x4 ./Middlewares/Third_Party/FreeRTOS/Source/portable/MemMang/heap_4.o
 .bss.xNumberOfSuccessfulFrees
                0x20002bd0        0x4 ./Middlewares/Third_Party/FreeRTOS/Source/portable/MemMang/heap_4.o
 *(COMMON)
                0x20002bd4                        . = ALIGN (0x4)
                0x20002bd4                        _ebss = .
                0x20002bd4                        __bss_end__ = _ebss

._user_heap_stack
                0x20002bd4      0x604 load address 0x080048b0
                0x20002bd8                        . = ALIGN (0x8)
 *fill*         0x20002bd4        0x4 
                [!provide]                        PROVIDE (end = .)
                0x20002bd8                        PROVIDE (_end = .)
                0x20002dd8                        . = (. + _Min_Heap_Size)
 *fill*         0x20002bd8      0x200 
                0x200031d8                        . = (. + _Min_Stack_Size)
 *fill*         0x20002dd8      0x400 
                0x200031d8                        . = ALIGN (0x8)

/DISCARD/
 libc.a(*)
 libm.a(*)
 libgcc.a(*)

.ARM.attributes
                0x00000000       0x36
 *(.ARM.attributes)
 .ARM.attributes
                0x00000000       0x26 C:/ST/STM32CubeIDE_1.16.1/STM32CubeIDE/plugins/com.st.stm32cube.ide.mcu.externaltools.gnu-tools-for-stm32.12.3.rel1.win32_1.0.200.202406191623/tools/bin/../lib/gcc/arm-none-eabi/12.3.1/thumb/v8-m.main+fp/hard/crti.o
 .ARM.attributes
                0x00000026       0x38 C:/ST/STM32CubeIDE_1.16.1/STM32CubeIDE/plugins/com.st.stm32cube.ide.mcu.externaltools.gnu-tools-for-stm32.12.3.rel1.win32_1.0.200.202406191623/tools/bin/../lib/gcc/arm-none-eabi/12.3.1/thumb/v8-m.main+fp/hard/crtbegin.o
 .ARM.attributes
                0x0000005e       0x3a ./Core/Src/app_freertos.o
 .ARM.attributes
                0x00000098       0x3a ./Core/Src/main.o
 .ARM.attributes
                0x000000d2       0x3a ./Core/Src/stm32h5xx_hal_msp.o
 .ARM.attributes
                0x0000010c       0x3a ./Core/Src/stm32h5xx_hal_timebase_tim.o
 .ARM.attributes
                0x00000146       0x3a ./Core/Src/stm32h5xx_it.o
 .ARM.attributes
                0x00000180       0x3a ./Core/Src/system_stm32h5xx.o
 .ARM.attributes
                0x000001ba       0x24 ./Core/Startup/startup_stm32h533retx.o
 .ARM.attributes
                0x000001de       0x3a ./Drivers/STM32H5xx_HAL_Driver/Src/stm32h5xx_hal.o
 .ARM.attributes
                0x00000218       0x3a ./Drivers/STM32H5xx_HAL_Driver/Src/stm32h5xx_hal_cortex.o
 .ARM.attributes
                0x00000252       0x3a ./Drivers/STM32H5xx_HAL_Driver/Src/stm32h5xx_hal_icache.o
 .ARM.attributes
                0x0000028c       0x3a ./Drivers/STM32H5xx_HAL_Driver/Src/stm32h5xx_hal_rcc.o
 .ARM.attributes
                0x000002c6       0x3a ./Drivers/STM32H5xx_HAL_Driver/Src/stm32h5xx_hal_tim.o
 .ARM.attributes
                0x00000300       0x3a ./Drivers/STM32H5xx_HAL_Driver/Src/stm32h5xx_hal_tim_ex.o
 .ARM.attributes
                0x0000033a       0x3a ./Middlewares/Third_Party/FreeRTOS/Source/CMSIS_RTOS_V2/cmsis_os2.o
 .ARM.attributes
                0x00000374       0x3a ./Middlewares/Third_Party/FreeRTOS/Source/list.o
 .ARM.attributes
                0x000003ae       0x3a ./Middlewares/Third_Party/FreeRTOS/Source/queue.o
 .ARM.attributes
                0x000003e8       0x3a ./Middlewares/Third_Party/FreeRTOS/Source/tasks.o
 .ARM.attributes
                0x00000422       0x3a ./Middlewares/Third_Party/FreeRTOS/Source/timers.o
 .ARM.attributes
                0x0000045c       0x3a ./Middlewares/Third_Party/FreeRTOS/Source/portable/GCC/ARM_CM33_NTZ/non_secure/port.o
 .ARM.attributes
                0x00000496       0x3a ./Middlewares/Third_Party/FreeRTOS/Source/portable/GCC/ARM_CM33_NTZ/non_secure/portasm.o
 .ARM.attributes
                0x000004d0       0x3a ./Middlewares/Third_Party/FreeRTOS/Source/portable/MemMang/heap_4.o
 .ARM.attributes
                0x0000050a       0x38 C:/ST/STM32CubeIDE_1.16.1/STM32CubeIDE/plugins/com.st.stm32cube.ide.mcu.externaltools.gnu-tools-for-stm32.12.3.rel1.win32_1.0.200.202406191623/tools/bin/../lib/gcc/arm-none-eabi/12.3.1/../../../../arm-none-eabi/lib/thumb/v8-m.main+fp/hard\libc_nano.a(libc_a-memset.o)
 .ARM.attributes
                0x00000542       0x38 C:/ST/STM32CubeIDE_1.16.1/STM32CubeIDE/plugins/com.st.stm32cube.ide.mcu.externaltools.gnu-tools-for-stm32.12.3.rel1.win32_1.0.200.202406191623/tools/bin/../lib/gcc/arm-none-eabi/12.3.1/../../../../arm-none-eabi/lib/thumb/v8-m.main+fp/hard\libc_nano.a(libc_a-init.o)
 .ARM.attributes
                0x0000057a       0x38 C:/ST/STM32CubeIDE_1.16.1/STM32CubeIDE/plugins/com.st.stm32cube.ide.mcu.externaltools.gnu-tools-for-stm32.12.3.rel1.win32_1.0.200.202406191623/tools/bin/../lib/gcc/arm-none-eabi/12.3.1/../../../../arm-none-eabi/lib/thumb/v8-m.main+fp/hard\libc_nano.a(libc_a-memcpy-stub.o)
 .ARM.attributes
                0x000005b2       0x26 C:/ST/STM32CubeIDE_1.16.1/STM32CubeIDE/plugins/com.st.stm32cube.ide.mcu.externaltools.gnu-tools-for-stm32.12.3.rel1.win32_1.0.200.202406191623/tools/bin/../lib/gcc/arm-none-eabi/12.3.1/thumb/v8-m.main+fp/hard/crtn.o
OUTPUT(Debug_LightControlUnit.elf elf32-littlearm)
LOAD linker stubs
LOAD C:/ST/STM32CubeIDE_1.16.1/STM32CubeIDE/plugins/com.st.stm32cube.ide.mcu.externaltools.gnu-tools-for-stm32.12.3.rel1.win32_1.0.200.202406191623/tools/bin/../lib/gcc/arm-none-eabi/12.3.1/../../../../arm-none-eabi/lib/thumb/v8-m.main+fp/hard\libc.a
LOAD C:/ST/STM32CubeIDE_1.16.1/STM32CubeIDE/plugins/com.st.stm32cube.ide.mcu.externaltools.gnu-tools-for-stm32.12.3.rel1.win32_1.0.200.202406191623/tools/bin/../lib/gcc/arm-none-eabi/12.3.1/../../../../arm-none-eabi/lib/thumb/v8-m.main+fp/hard\libm.a
LOAD C:/ST/STM32CubeIDE_1.16.1/STM32CubeIDE/plugins/com.st.stm32cube.ide.mcu.externaltools.gnu-tools-for-stm32.12.3.rel1.win32_1.0.200.202406191623/tools/bin/../lib/gcc/arm-none-eabi/12.3.1/thumb/v8-m.main+fp/hard\libgcc.a

.debug_info     0x00000000    0x15ac7
 .debug_info    0x00000000      0x477 ./Core/Src/app_freertos.o
 .debug_info    0x00000477     0x1579 ./Core/Src/main.o
 .debug_info    0x000019f0      0x3b9 ./Core/Src/stm32h5xx_hal_msp.o
 .debug_info    0x00001da9     0x112a ./Core/Src/stm32h5xx_hal_timebase_tim.o
 .debug_info    0x00002ed3      0x946 ./Core/Src/stm32h5xx_it.o
 .debug_info    0x00003819      0xce0 ./Core/Src/system_stm32h5xx.o
 .debug_info    0x000044f9       0x30 ./Core/Startup/startup_stm32h533retx.o
 .debug_info    0x00004529     0x1302 ./Drivers/STM32H5xx_HAL_Driver/Src/stm32h5xx_hal.o
 .debug_info    0x0000582b     0x15e0 ./Drivers/STM32H5xx_HAL_Driver/Src/stm32h5xx_hal_cortex.o
 .debug_info    0x00006e0b      0x4d6 ./Drivers/STM32H5xx_HAL_Driver/Src/stm32h5xx_hal_icache.o
 .debug_info    0x000072e1     0x1009 ./Drivers/STM32H5xx_HAL_Driver/Src/stm32h5xx_hal_rcc.o
 .debug_info    0x000082ea     0x2e54 ./Drivers/STM32H5xx_HAL_Driver/Src/stm32h5xx_hal_tim.o
 .debug_info    0x0000b13e     0x1eaa ./Drivers/STM32H5xx_HAL_Driver/Src/stm32h5xx_hal_tim_ex.o
 .debug_info    0x0000cfe8     0x36a8 ./Middlewares/Third_Party/FreeRTOS/Source/CMSIS_RTOS_V2/cmsis_os2.o
 .debug_info    0x00010690      0x2af ./Middlewares/Third_Party/FreeRTOS/Source/list.o
 .debug_info    0x0001093f     0x15db ./Middlewares/Third_Party/FreeRTOS/Source/queue.o
 .debug_info    0x00011f1a     0x2012 ./Middlewares/Third_Party/FreeRTOS/Source/tasks.o
 .debug_info    0x00013f2c     0x12bc ./Middlewares/Third_Party/FreeRTOS/Source/timers.o
 .debug_info    0x000151e8      0x2eb ./Middlewares/Third_Party/FreeRTOS/Source/portable/GCC/ARM_CM33_NTZ/non_secure/port.o
 .debug_info    0x000154d3      0x14e ./Middlewares/Third_Party/FreeRTOS/Source/portable/GCC/ARM_CM33_NTZ/non_secure/portasm.o
 .debug_info    0x00015621      0x4a6 ./Middlewares/Third_Party/FreeRTOS/Source/portable/MemMang/heap_4.o

.debug_abbrev   0x00000000     0x2db2
 .debug_abbrev  0x00000000      0x156 ./Core/Src/app_freertos.o
 .debug_abbrev  0x00000156      0x2d9 ./Core/Src/main.o
 .debug_abbrev  0x0000042f       0x95 ./Core/Src/stm32h5xx_hal_msp.o
 .debug_abbrev  0x000004c4      0x229 ./Core/Src/stm32h5xx_hal_timebase_tim.o
 .debug_abbrev  0x000006ed      0x1af ./Core/Src/stm32h5xx_it.o
 .debug_abbrev  0x0000089c      0x13a ./Core/Src/system_stm32h5xx.o
 .debug_abbrev  0x000009d6       0x24 ./Core/Startup/startup_stm32h533retx.o
 .debug_abbrev  0x000009fa      0x2af ./Drivers/STM32H5xx_HAL_Driver/Src/stm32h5xx_hal.o
 .debug_abbrev  0x00000ca9      0x311 ./Drivers/STM32H5xx_HAL_Driver/Src/stm32h5xx_hal_cortex.o
 .debug_abbrev  0x00000fba      0x228 ./Drivers/STM32H5xx_HAL_Driver/Src/stm32h5xx_hal_icache.o
 .debug_abbrev  0x000011e2      0x290 ./Drivers/STM32H5xx_HAL_Driver/Src/stm32h5xx_hal_rcc.o
 .debug_abbrev  0x00001472      0x2bd ./Drivers/STM32H5xx_HAL_Driver/Src/stm32h5xx_hal_tim.o
 .debug_abbrev  0x0000172f      0x2c7 ./Drivers/STM32H5xx_HAL_Driver/Src/stm32h5xx_hal_tim_ex.o
 .debug_abbrev  0x000019f6      0x4ed ./Middlewares/Third_Party/FreeRTOS/Source/CMSIS_RTOS_V2/cmsis_os2.o
 .debug_abbrev  0x00001ee3       0xf5 ./Middlewares/Third_Party/FreeRTOS/Source/list.o
 .debug_abbrev  0x00001fd8      0x326 ./Middlewares/Third_Party/FreeRTOS/Source/queue.o
 .debug_abbrev  0x000022fe      0x32a ./Middlewares/Third_Party/FreeRTOS/Source/tasks.o
 .debug_abbrev  0x00002628      0x326 ./Middlewares/Third_Party/FreeRTOS/Source/timers.o
 .debug_abbrev  0x0000294e      0x1a5 ./Middlewares/Third_Party/FreeRTOS/Source/portable/GCC/ARM_CM33_NTZ/non_secure/port.o
 .debug_abbrev  0x00002af3       0xb7 ./Middlewares/Third_Party/FreeRTOS/Source/portable/GCC/ARM_CM33_NTZ/non_secure/portasm.o
 .debug_abbrev  0x00002baa      0x208 ./Middlewares/Third_Party/FreeRTOS/Source/portable/MemMang/heap_4.o

.debug_aranges  0x00000000     0x14a8
 .debug_aranges
                0x00000000       0x40 ./Core/Src/app_freertos.o
 .debug_aranges
                0x00000040       0x48 ./Core/Src/main.o
 .debug_aranges
                0x00000088       0x20 ./Core/Src/stm32h5xx_hal_msp.o
 .debug_aranges
                0x000000a8       0x30 ./Core/Src/stm32h5xx_hal_timebase_tim.o
 .debug_aranges
                0x000000d8       0x50 ./Core/Src/stm32h5xx_it.o
 .debug_aranges
                0x00000128       0x28 ./Core/Src/system_stm32h5xx.o
 .debug_aranges
                0x00000150       0x28 ./Core/Startup/startup_stm32h533retx.o
 .debug_aranges
                0x00000178      0x1f8 ./Drivers/STM32H5xx_HAL_Driver/Src/stm32h5xx_hal.o
 .debug_aranges
                0x00000370      0x140 ./Drivers/STM32H5xx_HAL_Driver/Src/stm32h5xx_hal_cortex.o
 .debug_aranges
                0x000004b0       0xa8 ./Drivers/STM32H5xx_HAL_Driver/Src/stm32h5xx_hal_icache.o
 .debug_aranges
                0x00000558       0xa0 ./Drivers/STM32H5xx_HAL_Driver/Src/stm32h5xx_hal_rcc.o
 .debug_aranges
                0x000005f8      0x3e8 ./Drivers/STM32H5xx_HAL_Driver/Src/stm32h5xx_hal_tim.o
 .debug_aranges
                0x000009e0      0x240 ./Drivers/STM32H5xx_HAL_Driver/Src/stm32h5xx_hal_tim_ex.o
 .debug_aranges
                0x00000c20      0x2b8 ./Middlewares/Third_Party/FreeRTOS/Source/CMSIS_RTOS_V2/cmsis_os2.o
 .debug_aranges
                0x00000ed8       0x40 ./Middlewares/Third_Party/FreeRTOS/Source/list.o
 .debug_aranges
                0x00000f18      0x158 ./Middlewares/Third_Party/FreeRTOS/Source/queue.o
 .debug_aranges
                0x00001070      0x208 ./Middlewares/Third_Party/FreeRTOS/Source/tasks.o
 .debug_aranges
                0x00001278      0x100 ./Middlewares/Third_Party/FreeRTOS/Source/timers.o
 .debug_aranges
                0x00001378       0x70 ./Middlewares/Third_Party/FreeRTOS/Source/portable/GCC/ARM_CM33_NTZ/non_secure/port.o
 .debug_aranges
                0x000013e8       0x60 ./Middlewares/Third_Party/FreeRTOS/Source/portable/GCC/ARM_CM33_NTZ/non_secure/portasm.o
 .debug_aranges
                0x00001448       0x60 ./Middlewares/Third_Party/FreeRTOS/Source/portable/MemMang/heap_4.o

.debug_rnglists
                0x00000000      0xfd6
 .debug_rnglists
                0x00000000       0x2b ./Core/Src/app_freertos.o
 .debug_rnglists
                0x0000002b       0x33 ./Core/Src/main.o
 .debug_rnglists
                0x0000005e       0x13 ./Core/Src/stm32h5xx_hal_msp.o
 .debug_rnglists
                0x00000071       0x20 ./Core/Src/stm32h5xx_hal_timebase_tim.o
 .debug_rnglists
                0x00000091       0x37 ./Core/Src/stm32h5xx_it.o
 .debug_rnglists
                0x000000c8       0x1b ./Core/Src/system_stm32h5xx.o
 .debug_rnglists
                0x000000e3       0x19 ./Core/Startup/startup_stm32h533retx.o
 .debug_rnglists
                0x000000fc      0x177 ./Drivers/STM32H5xx_HAL_Driver/Src/stm32h5xx_hal.o
 .debug_rnglists
                0x00000273       0xec ./Drivers/STM32H5xx_HAL_Driver/Src/stm32h5xx_hal_cortex.o
 .debug_rnglists
                0x0000035f       0x7a ./Drivers/STM32H5xx_HAL_Driver/Src/stm32h5xx_hal_icache.o
 .debug_rnglists
                0x000003d9       0x79 ./Drivers/STM32H5xx_HAL_Driver/Src/stm32h5xx_hal_rcc.o
 .debug_rnglists
                0x00000452      0x32e ./Drivers/STM32H5xx_HAL_Driver/Src/stm32h5xx_hal_tim.o
 .debug_rnglists
                0x00000780      0x1cb ./Drivers/STM32H5xx_HAL_Driver/Src/stm32h5xx_hal_tim_ex.o
 .debug_rnglists
                0x0000094b      0x218 ./Middlewares/Third_Party/FreeRTOS/Source/CMSIS_RTOS_V2/cmsis_os2.o
 .debug_rnglists
                0x00000b63       0x2b ./Middlewares/Third_Party/FreeRTOS/Source/list.o
 .debug_rnglists
                0x00000b8e      0x10b ./Middlewares/Third_Party/FreeRTOS/Source/queue.o
 .debug_rnglists
                0x00000c99      0x1a1 ./Middlewares/Third_Party/FreeRTOS/Source/tasks.o
 .debug_rnglists
                0x00000e3a       0xc1 ./Middlewares/Third_Party/FreeRTOS/Source/timers.o
 .debug_rnglists
                0x00000efb       0x50 ./Middlewares/Third_Party/FreeRTOS/Source/portable/GCC/ARM_CM33_NTZ/non_secure/port.o
 .debug_rnglists
                0x00000f4b       0x43 ./Middlewares/Third_Party/FreeRTOS/Source/portable/GCC/ARM_CM33_NTZ/non_secure/portasm.o
 .debug_rnglists
                0x00000f8e       0x48 ./Middlewares/Third_Party/FreeRTOS/Source/portable/MemMang/heap_4.o

.debug_macro    0x00000000    0x2cae6
 .debug_macro   0x00000000      0x311 ./Core/Src/app_freertos.o
 .debug_macro   0x00000311      0xaba ./Core/Src/app_freertos.o
 .debug_macro   0x00000dcb      0x189 ./Core/Src/app_freertos.o
 .debug_macro   0x00000f54       0x22 ./Core/Src/app_freertos.o
 .debug_macro   0x00000f76       0x8e ./Core/Src/app_freertos.o
 .debug_macro   0x00001004       0x51 ./Core/Src/app_freertos.o
 .debug_macro   0x00001055      0x103 ./Core/Src/app_freertos.o
 .debug_macro   0x00001158       0x6a ./Core/Src/app_freertos.o
 .debug_macro   0x000011c2      0x1df ./Core/Src/app_freertos.o
 .debug_macro   0x000013a1      0x18d ./Core/Src/app_freertos.o
 .debug_macro   0x0000152e      0x15a ./Core/Src/app_freertos.o
 .debug_macro   0x00001688      0x1a5 ./Core/Src/app_freertos.o
 .debug_macro   0x0000182d       0x1c ./Core/Src/app_freertos.o
 .debug_macro   0x00001849       0x10 ./Core/Src/app_freertos.o
 .debug_macro   0x00001859       0x1f ./Core/Src/app_freertos.o
 .debug_macro   0x00001878       0x12 ./Core/Src/app_freertos.o
 .debug_macro   0x0000188a      0x4c4 ./Core/Src/app_freertos.o
 .debug_macro   0x00001d4e       0xc3 ./Core/Src/app_freertos.o
 .debug_macro   0x00001e11      0x120 ./Core/Src/app_freertos.o
 .debug_macro   0x00001f31      0x199 ./Core/Src/app_freertos.o
 .debug_macro   0x000020ca       0x61 ./Core/Src/app_freertos.o
 .debug_macro   0x0000212b       0x2a ./Core/Src/app_freertos.o
 .debug_macro   0x00002155       0x43 ./Core/Src/app_freertos.o
 .debug_macro   0x00002198       0x34 ./Core/Src/app_freertos.o
 .debug_macro   0x000021cc       0x16 ./Core/Src/app_freertos.o
 .debug_macro   0x000021e2       0x43 ./Core/Src/app_freertos.o
 .debug_macro   0x00002225       0x34 ./Core/Src/app_freertos.o
 .debug_macro   0x00002259       0x10 ./Core/Src/app_freertos.o
 .debug_macro   0x00002269       0x58 ./Core/Src/app_freertos.o
 .debug_macro   0x000022c1       0x8e ./Core/Src/app_freertos.o
 .debug_macro   0x0000234f       0x1c ./Core/Src/app_freertos.o
 .debug_macro   0x0000236b      0x177 ./Core/Src/app_freertos.o
 .debug_macro   0x000024e2      0x369 ./Core/Src/app_freertos.o
 .debug_macro   0x0000284b      0x19b ./Core/Src/app_freertos.o
 .debug_macro   0x000029e6       0x28 ./Core/Src/app_freertos.o
 .debug_macro   0x00002a0e       0x42 ./Core/Src/app_freertos.o
 .debug_macro   0x00002a50       0x1c ./Core/Src/app_freertos.o
 .debug_macro   0x00002a6c       0x29 ./Core/Src/app_freertos.o
 .debug_macro   0x00002a95       0xfb ./Core/Src/app_freertos.o
 .debug_macro   0x00002b90     0x1685 ./Core/Src/app_freertos.o
 .debug_macro   0x00004215       0x5e ./Core/Src/app_freertos.o
 .debug_macro   0x00004273    0x1c059 ./Core/Src/app_freertos.o
 .debug_macro   0x000202cc       0x6d ./Core/Src/app_freertos.o
 .debug_macro   0x00020339     0x3891 ./Core/Src/app_freertos.o
 .debug_macro   0x00023bca       0x63 ./Core/Src/app_freertos.o
 .debug_macro   0x00023c2d     0x1a59 ./Core/Src/app_freertos.o
 .debug_macro   0x00025686      0xa9f ./Core/Src/app_freertos.o
 .debug_macro   0x00026125      0x166 ./Core/Src/app_freertos.o
 .debug_macro   0x0002628b      0x266 ./Core/Src/app_freertos.o
 .debug_macro   0x000264f1       0xca ./Core/Src/app_freertos.o
 .debug_macro   0x000265bb      0x765 ./Core/Src/app_freertos.o
 .debug_macro   0x00026d20      0x424 ./Core/Src/app_freertos.o
 .debug_macro   0x00027144       0xd6 ./Core/Src/app_freertos.o
 .debug_macro   0x0002721a      0x1ce ./Core/Src/app_freertos.o
 .debug_macro   0x000273e8      0x2b4 ./Core/Src/app_freertos.o
 .debug_macro   0x0002769c      0x57b ./Core/Src/app_freertos.o
 .debug_macro   0x00027c17       0x74 ./Core/Src/app_freertos.o
 .debug_macro   0x00027c8b      0x313 ./Core/Src/app_freertos.o
 .debug_macro   0x00027f9e      0x1bb ./Core/Src/app_freertos.o
 .debug_macro   0x00028159      0xbe8 ./Core/Src/app_freertos.o
 .debug_macro   0x00028d41      0x37d ./Core/Src/app_freertos.o
 .debug_macro   0x000290be      0x253 ./Core/Src/app_freertos.o
 .debug_macro   0x00029311      0x3f9 ./Core/Src/app_freertos.o
 .debug_macro   0x0002970a       0x28 ./Core/Src/app_freertos.o
 .debug_macro   0x00029732       0x74 ./Core/Src/app_freertos.o
 .debug_macro   0x000297a6      0x285 ./Core/Src/main.o
 .debug_macro   0x00029a2b       0x5b ./Core/Src/main.o
 .debug_macro   0x00029a86       0x94 ./Core/Src/main.o
 .debug_macro   0x00029b1a       0x57 ./Core/Src/main.o
 .debug_macro   0x00029b71      0x272 ./Core/Src/stm32h5xx_hal_msp.o
 .debug_macro   0x00029de3      0x263 ./Core/Src/stm32h5xx_hal_timebase_tim.o
 .debug_macro   0x0002a046      0x27c ./Core/Src/stm32h5xx_it.o
 .debug_macro   0x0002a2c2      0x26a ./Core/Src/system_stm32h5xx.o
 .debug_macro   0x0002a52c      0x299 ./Drivers/STM32H5xx_HAL_Driver/Src/stm32h5xx_hal.o
 .debug_macro   0x0002a7c5      0x263 ./Drivers/STM32H5xx_HAL_Driver/Src/stm32h5xx_hal_cortex.o
 .debug_macro   0x0002aa28      0x295 ./Drivers/STM32H5xx_HAL_Driver/Src/stm32h5xx_hal_icache.o
 .debug_macro   0x0002acbd      0x2a5 ./Drivers/STM32H5xx_HAL_Driver/Src/stm32h5xx_hal_rcc.o
 .debug_macro   0x0002af62      0x26b ./Drivers/STM32H5xx_HAL_Driver/Src/stm32h5xx_hal_tim.o
 .debug_macro   0x0002b1cd      0x269 ./Drivers/STM32H5xx_HAL_Driver/Src/stm32h5xx_hal_tim_ex.o
 .debug_macro   0x0002b436      0x3cd ./Middlewares/Third_Party/FreeRTOS/Source/CMSIS_RTOS_V2/cmsis_os2.o
 .debug_macro   0x0002b803       0x10 ./Middlewares/Third_Party/FreeRTOS/Source/CMSIS_RTOS_V2/cmsis_os2.o
 .debug_macro   0x0002b813       0x20 ./Middlewares/Third_Party/FreeRTOS/Source/CMSIS_RTOS_V2/cmsis_os2.o
 .debug_macro   0x0002b833       0x10 ./Middlewares/Third_Party/FreeRTOS/Source/CMSIS_RTOS_V2/cmsis_os2.o
 .debug_macro   0x0002b843       0xf5 ./Middlewares/Third_Party/FreeRTOS/Source/CMSIS_RTOS_V2/cmsis_os2.o
 .debug_macro   0x0002b938       0x91 ./Middlewares/Third_Party/FreeRTOS/Source/CMSIS_RTOS_V2/cmsis_os2.o
 .debug_macro   0x0002b9c9       0x8d ./Middlewares/Third_Party/FreeRTOS/Source/CMSIS_RTOS_V2/cmsis_os2.o
 .debug_macro   0x0002ba56       0xa1 ./Middlewares/Third_Party/FreeRTOS/Source/CMSIS_RTOS_V2/cmsis_os2.o
 .debug_macro   0x0002baf7       0x22 ./Middlewares/Third_Party/FreeRTOS/Source/CMSIS_RTOS_V2/cmsis_os2.o
 .debug_macro   0x0002bb19      0x1a7 ./Middlewares/Third_Party/FreeRTOS/Source/list.o
 .debug_macro   0x0002bcc0      0x23e ./Middlewares/Third_Party/FreeRTOS/Source/queue.o
 .debug_macro   0x0002befe       0x16 ./Middlewares/Third_Party/FreeRTOS/Source/queue.o
 .debug_macro   0x0002bf14       0x87 ./Middlewares/Third_Party/FreeRTOS/Source/queue.o
 .debug_macro   0x0002bf9b      0x293 ./Middlewares/Third_Party/FreeRTOS/Source/tasks.o
 .debug_macro   0x0002c22e       0x17 ./Middlewares/Third_Party/FreeRTOS/Source/tasks.o
 .debug_macro   0x0002c245      0x1f6 ./Middlewares/Third_Party/FreeRTOS/Source/timers.o
 .debug_macro   0x0002c43b       0x97 ./Middlewares/Third_Party/FreeRTOS/Source/timers.o
 .debug_macro   0x0002c4d2      0x30c ./Middlewares/Third_Party/FreeRTOS/Source/portable/GCC/ARM_CM33_NTZ/non_secure/port.o
 .debug_macro   0x0002c7de       0xe6 ./Middlewares/Third_Party/FreeRTOS/Source/portable/GCC/ARM_CM33_NTZ/non_secure/portasm.o
 .debug_macro   0x0002c8c4      0x222 ./Middlewares/Third_Party/FreeRTOS/Source/portable/MemMang/heap_4.o

.debug_line     0x00000000    0x15c9a
 .debug_line    0x00000000      0xa5a ./Core/Src/app_freertos.o
 .debug_line    0x00000a5a      0x99f ./Core/Src/main.o
 .debug_line    0x000013f9      0x86b ./Core/Src/stm32h5xx_hal_msp.o
 .debug_line    0x00001c64      0x8e0 ./Core/Src/stm32h5xx_hal_timebase_tim.o
 .debug_line    0x00002544      0x908 ./Core/Src/stm32h5xx_it.o
 .debug_line    0x00002e4c      0x9ed ./Core/Src/system_stm32h5xx.o
 .debug_line    0x00003839       0x7b ./Core/Startup/startup_stm32h533retx.o
 .debug_line    0x000038b4      0xf5c ./Drivers/STM32H5xx_HAL_Driver/Src/stm32h5xx_hal.o
 .debug_line    0x00004810      0xedc ./Drivers/STM32H5xx_HAL_Driver/Src/stm32h5xx_hal_cortex.o
 .debug_line    0x000056ec      0xb51 ./Drivers/STM32H5xx_HAL_Driver/Src/stm32h5xx_hal_icache.o
 .debug_line    0x0000623d     0x12e7 ./Drivers/STM32H5xx_HAL_Driver/Src/stm32h5xx_hal_rcc.o
 .debug_line    0x00007524     0x4474 ./Drivers/STM32H5xx_HAL_Driver/Src/stm32h5xx_hal_tim.o
 .debug_line    0x0000b998     0x22f0 ./Drivers/STM32H5xx_HAL_Driver/Src/stm32h5xx_hal_tim_ex.o
 .debug_line    0x0000dc88     0x2191 ./Middlewares/Third_Party/FreeRTOS/Source/CMSIS_RTOS_V2/cmsis_os2.o
 .debug_line    0x0000fe19      0x7c0 ./Middlewares/Third_Party/FreeRTOS/Source/list.o
 .debug_line    0x000105d9     0x1567 ./Middlewares/Third_Party/FreeRTOS/Source/queue.o
 .debug_line    0x00011b40     0x1caa ./Middlewares/Third_Party/FreeRTOS/Source/tasks.o
 .debug_line    0x000137ea      0xd1d ./Middlewares/Third_Party/FreeRTOS/Source/timers.o
 .debug_line    0x00014507      0x767 ./Middlewares/Third_Party/FreeRTOS/Source/portable/GCC/ARM_CM33_NTZ/non_secure/port.o
 .debug_line    0x00014c6e      0x619 ./Middlewares/Third_Party/FreeRTOS/Source/portable/GCC/ARM_CM33_NTZ/non_secure/portasm.o
 .debug_line    0x00015287      0xa13 ./Middlewares/Third_Party/FreeRTOS/Source/portable/MemMang/heap_4.o

.debug_str      0x00000000   0x11f12f
 .debug_str     0x00000000   0x113e98 ./Core/Src/app_freertos.o
                             0x1141a0 (size before relaxing)
 .debug_str     0x00113e98      0xd65 ./Core/Src/main.o
                             0x10f741 (size before relaxing)
 .debug_str     0x00114bfd      0x65e ./Core/Src/stm32h5xx_hal_msp.o
                             0x10ed2b (size before relaxing)
 .debug_str     0x0011525b      0x11a ./Core/Src/stm32h5xx_hal_timebase_tim.o
                             0x10f729 (size before relaxing)
 .debug_str     0x00115375       0xb5 ./Core/Src/stm32h5xx_it.o
                             0x10ee41 (size before relaxing)
 .debug_str     0x0011542a      0x1c7 ./Core/Src/system_stm32h5xx.o
                             0x10ec5e (size before relaxing)
 .debug_str     0x001155f1       0x44 ./Core/Startup/startup_stm32h533retx.o
                                 0x8f (size before relaxing)
 .debug_str     0x00115635      0x90d ./Drivers/STM32H5xx_HAL_Driver/Src/stm32h5xx_hal.o
                             0x10fa0c (size before relaxing)
 .debug_str     0x00115f42      0x3e6 ./Drivers/STM32H5xx_HAL_Driver/Src/stm32h5xx_hal_cortex.o
                             0x10f5c7 (size before relaxing)
 .debug_str     0x00116328      0x673 ./Drivers/STM32H5xx_HAL_Driver/Src/stm32h5xx_hal_icache.o
                             0x10ed5e (size before relaxing)
 .debug_str     0x0011699b      0x3cb ./Drivers/STM32H5xx_HAL_Driver/Src/stm32h5xx_hal_rcc.o
                             0x10f1a3 (size before relaxing)
 .debug_str     0x00116d66      0xfe4 ./Drivers/STM32H5xx_HAL_Driver/Src/stm32h5xx_hal_tim.o
                             0x10fe7f (size before relaxing)
 .debug_str     0x00117d4a      0x995 ./Drivers/STM32H5xx_HAL_Driver/Src/stm32h5xx_hal_tim_ex.o
                             0x10faa9 (size before relaxing)
 .debug_str     0x001186df     0x30b4 ./Middlewares/Third_Party/FreeRTOS/Source/CMSIS_RTOS_V2/cmsis_os2.o
                             0x117a84 (size before relaxing)
 .debug_str     0x0011b793      0x258 ./Middlewares/Third_Party/FreeRTOS/Source/list.o
                               0xb4d5 (size before relaxing)
 .debug_str     0x0011b9eb      0xa7e ./Middlewares/Third_Party/FreeRTOS/Source/queue.o
                               0xdde1 (size before relaxing)
 .debug_str     0x0011c469     0x10ee ./Middlewares/Third_Party/FreeRTOS/Source/tasks.o
                               0xe6a9 (size before relaxing)
 .debug_str     0x0011d557      0x5ec ./Middlewares/Third_Party/FreeRTOS/Source/timers.o
                               0xe12d (size before relaxing)
 .debug_str     0x0011db43      0xf79 ./Middlewares/Third_Party/FreeRTOS/Source/portable/GCC/ARM_CM33_NTZ/non_secure/port.o
                               0xa4ae (size before relaxing)
 .debug_str     0x0011eabc       0xaa ./Middlewares/Third_Party/FreeRTOS/Source/portable/GCC/ARM_CM33_NTZ/non_secure/portasm.o
                               0x77b3 (size before relaxing)
 .debug_str     0x0011eb66      0x5c9 ./Middlewares/Third_Party/FreeRTOS/Source/portable/MemMang/heap_4.o
                               0xccd1 (size before relaxing)

.comment        0x00000000       0x43
 .comment       0x00000000       0x43 ./Core/Src/app_freertos.o
                                 0x44 (size before relaxing)
 .comment       0x00000043       0x44 ./Core/Src/main.o
 .comment       0x00000043       0x44 ./Core/Src/stm32h5xx_hal_msp.o
 .comment       0x00000043       0x44 ./Core/Src/stm32h5xx_hal_timebase_tim.o
 .comment       0x00000043       0x44 ./Core/Src/stm32h5xx_it.o
 .comment       0x00000043       0x44 ./Core/Src/system_stm32h5xx.o
 .comment       0x00000043       0x44 ./Drivers/STM32H5xx_HAL_Driver/Src/stm32h5xx_hal.o
 .comment       0x00000043       0x44 ./Drivers/STM32H5xx_HAL_Driver/Src/stm32h5xx_hal_cortex.o
 .comment       0x00000043       0x44 ./Drivers/STM32H5xx_HAL_Driver/Src/stm32h5xx_hal_icache.o
 .comment       0x00000043       0x44 ./Drivers/STM32H5xx_HAL_Driver/Src/stm32h5xx_hal_rcc.o
 .comment       0x00000043       0x44 ./Drivers/STM32H5xx_HAL_Driver/Src/stm32h5xx_hal_tim.o
 .comment       0x00000043       0x44 ./Drivers/STM32H5xx_HAL_Driver/Src/stm32h5xx_hal_tim_ex.o
 .comment       0x00000043       0x44 ./Middlewares/Third_Party/FreeRTOS/Source/CMSIS_RTOS_V2/cmsis_os2.o
 .comment       0x00000043       0x44 ./Middlewares/Third_Party/FreeRTOS/Source/list.o
 .comment       0x00000043       0x44 ./Middlewares/Third_Party/FreeRTOS/Source/queue.o
 .comment       0x00000043       0x44 ./Middlewares/Third_Party/FreeRTOS/Source/tasks.o
 .comment       0x00000043       0x44 ./Middlewares/Third_Party/FreeRTOS/Source/timers.o
 .comment       0x00000043       0x44 ./Middlewares/Third_Party/FreeRTOS/Source/portable/GCC/ARM_CM33_NTZ/non_secure/port.o
 .comment       0x00000043       0x44 ./Middlewares/Third_Party/FreeRTOS/Source/portable/GCC/ARM_CM33_NTZ/non_secure/portasm.o
 .comment       0x00000043       0x44 ./Middlewares/Third_Party/FreeRTOS/Source/portable/MemMang/heap_4.o

.debug_frame    0x00000000     0x55f0
 .debug_frame   0x00000000       0xac ./Core/Src/app_freertos.o
 .debug_frame   0x000000ac       0xd0 ./Core/Src/main.o
 .debug_frame   0x0000017c       0x2c ./Core/Src/stm32h5xx_hal_msp.o
 .debug_frame   0x000001a8       0x74 ./Core/Src/stm32h5xx_hal_timebase_tim.o
 .debug_frame   0x0000021c       0xc4 ./Core/Src/stm32h5xx_it.o
 .debug_frame   0x000002e0       0x60 ./Core/Src/system_stm32h5xx.o
 .debug_frame   0x00000340      0x800 ./Drivers/STM32H5xx_HAL_Driver/Src/stm32h5xx_hal.o
 .debug_frame   0x00000b40      0x560 ./Drivers/STM32H5xx_HAL_Driver/Src/stm32h5xx_hal_cortex.o
 .debug_frame   0x000010a0      0x298 ./Drivers/STM32H5xx_HAL_Driver/Src/stm32h5xx_hal_icache.o
 .debug_frame   0x00001338      0x268 ./Drivers/STM32H5xx_HAL_Driver/Src/stm32h5xx_hal_rcc.o
 .debug_frame   0x000015a0     0x1258 ./Drivers/STM32H5xx_HAL_Driver/Src/stm32h5xx_hal_tim.o
 .debug_frame   0x000027f8      0xa70 ./Drivers/STM32H5xx_HAL_Driver/Src/stm32h5xx_hal_tim_ex.o
 .debug_frame   0x00003268      0xc00 ./Middlewares/Third_Party/FreeRTOS/Source/CMSIS_RTOS_V2/cmsis_os2.o
 .debug_frame   0x00003e68       0xd8 ./Middlewares/Third_Party/FreeRTOS/Source/list.o
 .debug_frame   0x00003f40      0x5d0 ./Middlewares/Third_Party/FreeRTOS/Source/queue.o
 .debug_frame   0x00004510      0x8dc ./Middlewares/Third_Party/FreeRTOS/Source/tasks.o
 .debug_frame   0x00004dec      0x424 ./Middlewares/Third_Party/FreeRTOS/Source/timers.o
 .debug_frame   0x00005210      0x17c ./Middlewares/Third_Party/FreeRTOS/Source/portable/GCC/ARM_CM33_NTZ/non_secure/port.o
 .debug_frame   0x0000538c       0xa0 ./Middlewares/Third_Party/FreeRTOS/Source/portable/GCC/ARM_CM33_NTZ/non_secure/portasm.o
 .debug_frame   0x0000542c      0x150 ./Middlewares/Third_Party/FreeRTOS/Source/portable/MemMang/heap_4.o
 .debug_frame   0x0000557c       0x20 C:/ST/STM32CubeIDE_1.16.1/STM32CubeIDE/plugins/com.st.stm32cube.ide.mcu.externaltools.gnu-tools-for-stm32.12.3.rel1.win32_1.0.200.202406191623/tools/bin/../lib/gcc/arm-none-eabi/12.3.1/../../../../arm-none-eabi/lib/thumb/v8-m.main+fp/hard\libc_nano.a(libc_a-memset.o)
 .debug_frame   0x0000559c       0x2c C:/ST/STM32CubeIDE_1.16.1/STM32CubeIDE/plugins/com.st.stm32cube.ide.mcu.externaltools.gnu-tools-for-stm32.12.3.rel1.win32_1.0.200.202406191623/tools/bin/../lib/gcc/arm-none-eabi/12.3.1/../../../../arm-none-eabi/lib/thumb/v8-m.main+fp/hard\libc_nano.a(libc_a-init.o)
 .debug_frame   0x000055c8       0x28 C:/ST/STM32CubeIDE_1.16.1/STM32CubeIDE/plugins/com.st.stm32cube.ide.mcu.externaltools.gnu-tools-for-stm32.12.3.rel1.win32_1.0.200.202406191623/tools/bin/../lib/gcc/arm-none-eabi/12.3.1/../../../../arm-none-eabi/lib/thumb/v8-m.main+fp/hard\libc_nano.a(libc_a-memcpy-stub.o)

.debug_line_str
                0x00000000       0x73
 .debug_line_str
                0x00000000       0x73 ./Core/Startup/startup_stm32h533retx.o
