Archive member included to satisfy reference by file (symbol)

C:/ST/STM32CubeIDE_1.16.1/STM32CubeIDE/plugins/com.st.stm32cube.ide.mcu.externaltools.gnu-tools-for-stm32.12.3.rel1.win32_1.0.200.202406191623/tools/bin/../lib/gcc/arm-none-eabi/12.3.1/../../../../arm-none-eabi/lib/thumb/v8-m.main+fp/hard\libc_nano.a(libc_a-exit.o)
                              C:/ST/STM32CubeIDE_1.16.1/STM32CubeIDE/plugins/com.st.stm32cube.ide.mcu.externaltools.gnu-tools-for-stm32.12.3.rel1.win32_1.0.200.202406191623/tools/bin/../lib/gcc/arm-none-eabi/12.3.1/../../../../arm-none-eabi/lib/thumb/v8-m.main+fp/hard/crt0.o (exit)
C:/ST/STM32CubeIDE_1.16.1/STM32CubeIDE/plugins/com.st.stm32cube.ide.mcu.externaltools.gnu-tools-for-stm32.12.3.rel1.win32_1.0.200.202406191623/tools/bin/../lib/gcc/arm-none-eabi/12.3.1/../../../../arm-none-eabi/lib/thumb/v8-m.main+fp/hard\libc_nano.a(libc_a-findfp.o)
                              C:/ST/STM32CubeIDE_1.16.1/STM32CubeIDE/plugins/com.st.stm32cube.ide.mcu.externaltools.gnu-tools-for-stm32.12.3.rel1.win32_1.0.200.202406191623/tools/bin/../lib/gcc/arm-none-eabi/12.3.1/../../../../arm-none-eabi/lib/thumb/v8-m.main+fp/hard\libc_nano.a(libc_a-exit.o) (__stdio_exit_handler)
C:/ST/STM32CubeIDE_1.16.1/STM32CubeIDE/plugins/com.st.stm32cube.ide.mcu.externaltools.gnu-tools-for-stm32.12.3.rel1.win32_1.0.200.202406191623/tools/bin/../lib/gcc/arm-none-eabi/12.3.1/../../../../arm-none-eabi/lib/thumb/v8-m.main+fp/hard\libc_nano.a(libc_a-fwalk.o)
                              C:/ST/STM32CubeIDE_1.16.1/STM32CubeIDE/plugins/com.st.stm32cube.ide.mcu.externaltools.gnu-tools-for-stm32.12.3.rel1.win32_1.0.200.202406191623/tools/bin/../lib/gcc/arm-none-eabi/12.3.1/../../../../arm-none-eabi/lib/thumb/v8-m.main+fp/hard\libc_nano.a(libc_a-findfp.o) (_fwalk_sglue)
C:/ST/STM32CubeIDE_1.16.1/STM32CubeIDE/plugins/com.st.stm32cube.ide.mcu.externaltools.gnu-tools-for-stm32.12.3.rel1.win32_1.0.200.202406191623/tools/bin/../lib/gcc/arm-none-eabi/12.3.1/../../../../arm-none-eabi/lib/thumb/v8-m.main+fp/hard\libc_nano.a(libc_a-stdio.o)
                              C:/ST/STM32CubeIDE_1.16.1/STM32CubeIDE/plugins/com.st.stm32cube.ide.mcu.externaltools.gnu-tools-for-stm32.12.3.rel1.win32_1.0.200.202406191623/tools/bin/../lib/gcc/arm-none-eabi/12.3.1/../../../../arm-none-eabi/lib/thumb/v8-m.main+fp/hard\libc_nano.a(libc_a-findfp.o) (__sread)
C:/ST/STM32CubeIDE_1.16.1/STM32CubeIDE/plugins/com.st.stm32cube.ide.mcu.externaltools.gnu-tools-for-stm32.12.3.rel1.win32_1.0.200.202406191623/tools/bin/../lib/gcc/arm-none-eabi/12.3.1/../../../../arm-none-eabi/lib/thumb/v8-m.main+fp/hard\libc_nano.a(libc_a-memset.o)
                              C:/ST/STM32CubeIDE_1.16.1/STM32CubeIDE/plugins/com.st.stm32cube.ide.mcu.externaltools.gnu-tools-for-stm32.12.3.rel1.win32_1.0.200.202406191623/tools/bin/../lib/gcc/arm-none-eabi/12.3.1/../../../../arm-none-eabi/lib/thumb/v8-m.main+fp/hard/crt0.o (memset)
C:/ST/STM32CubeIDE_1.16.1/STM32CubeIDE/plugins/com.st.stm32cube.ide.mcu.externaltools.gnu-tools-for-stm32.12.3.rel1.win32_1.0.200.202406191623/tools/bin/../lib/gcc/arm-none-eabi/12.3.1/../../../../arm-none-eabi/lib/thumb/v8-m.main+fp/hard\libc_nano.a(libc_a-closer.o)
                              C:/ST/STM32CubeIDE_1.16.1/STM32CubeIDE/plugins/com.st.stm32cube.ide.mcu.externaltools.gnu-tools-for-stm32.12.3.rel1.win32_1.0.200.202406191623/tools/bin/../lib/gcc/arm-none-eabi/12.3.1/../../../../arm-none-eabi/lib/thumb/v8-m.main+fp/hard\libc_nano.a(libc_a-stdio.o) (_close_r)
C:/ST/STM32CubeIDE_1.16.1/STM32CubeIDE/plugins/com.st.stm32cube.ide.mcu.externaltools.gnu-tools-for-stm32.12.3.rel1.win32_1.0.200.202406191623/tools/bin/../lib/gcc/arm-none-eabi/12.3.1/../../../../arm-none-eabi/lib/thumb/v8-m.main+fp/hard\libc_nano.a(libc_a-reent.o)
                              C:/ST/STM32CubeIDE_1.16.1/STM32CubeIDE/plugins/com.st.stm32cube.ide.mcu.externaltools.gnu-tools-for-stm32.12.3.rel1.win32_1.0.200.202406191623/tools/bin/../lib/gcc/arm-none-eabi/12.3.1/../../../../arm-none-eabi/lib/thumb/v8-m.main+fp/hard\libc_nano.a(libc_a-closer.o) (errno)
C:/ST/STM32CubeIDE_1.16.1/STM32CubeIDE/plugins/com.st.stm32cube.ide.mcu.externaltools.gnu-tools-for-stm32.12.3.rel1.win32_1.0.200.202406191623/tools/bin/../lib/gcc/arm-none-eabi/12.3.1/../../../../arm-none-eabi/lib/thumb/v8-m.main+fp/hard\libc_nano.a(libc_a-impure.o)
                              C:/ST/STM32CubeIDE_1.16.1/STM32CubeIDE/plugins/com.st.stm32cube.ide.mcu.externaltools.gnu-tools-for-stm32.12.3.rel1.win32_1.0.200.202406191623/tools/bin/../lib/gcc/arm-none-eabi/12.3.1/../../../../arm-none-eabi/lib/thumb/v8-m.main+fp/hard\libc_nano.a(libc_a-reent.o) (_impure_ptr)
C:/ST/STM32CubeIDE_1.16.1/STM32CubeIDE/plugins/com.st.stm32cube.ide.mcu.externaltools.gnu-tools-for-stm32.12.3.rel1.win32_1.0.200.202406191623/tools/bin/../lib/gcc/arm-none-eabi/12.3.1/../../../../arm-none-eabi/lib/thumb/v8-m.main+fp/hard\libc_nano.a(libc_a-lseekr.o)
[...]
Memory Configuration

Name             Origin             Length             Attributes
RAM              0x20000000         0x00044000         xrw
FLASH            0x08000000         0x00080000         xr
*default*        0x00000000         0xffffffff

Linker script and memory map

LOAD C:/ST/STM32CubeIDE_1.16.1/STM32CubeIDE/plugins/com.st.stm32cube.ide.mcu.externaltools.gnu-tools-for-stm32.12.3.rel1.win32_1.0.200.202406191623/tools/bin/../lib/gcc/arm-none-eabi/12.3.1/thumb/v8-m.main+fp/hard/crti.o
LOAD C:/ST/STM32CubeIDE_1.16.1/STM32CubeIDE/plugins/com.st.stm32cube.ide.mcu.externaltools.gnu-tools-for-stm32.12.3.rel1.win32_1.0.200.202406191623/tools/bin/../lib/gcc/arm-none-eabi/12.3.1/thumb/v8-m.main+fp/hard/crtbegin.o
LOAD C:/ST/STM32CubeIDE_1.16.1/STM32CubeIDE/plugins/com.st.stm32cube.ide.mcu.externaltools.gnu-tools-for-stm32.12.3.rel1.win32_1.0.200.202406191623/tools/bin/../lib/gcc/arm-none-eabi/12.3.1/../../../../arm-none-eabi/lib/thumb/v8-m.main+fp/hard/crt0.o
LOAD ./Core/Src/app_freertos.o
LOAD ./Core/Src/main.o
LOAD ./Core/Src/stm32h5xx_hal_msp.o
LOAD ./Core/Src/stm32h5xx_hal_timebase_tim.o
LOAD ./Core/Src/stm32h5xx_it.o
LOAD ./Core/Src/syscalls.o
LOAD ./Core/Src/sysmem.o
LOAD ./Core/Src/system_stm32h5xx.o
LOAD ./Core/Startup/startup_stm32h533retx.o
LOAD ./Drivers/STM32H5xx_HAL_Driver/Src/stm32h5xx_hal.o
LOAD ./Drivers/STM32H5xx_HAL_Driver/Src/stm32h5xx_hal_cortex.o
LOAD ./Drivers/STM32H5xx_HAL_Driver/Src/stm32h5xx_hal_dma.o
LOAD ./Drivers/STM32H5xx_HAL_Driver/Src/stm32h5xx_hal_dma_ex.o
LOAD ./Drivers/STM32H5xx_HAL_Driver/Src/stm32h5xx_hal_exti.o
LOAD ./Drivers/STM32H5xx_HAL_Driver/Src/stm32h5xx_hal_flash.o
LOAD ./Drivers/STM32H5xx_HAL_Driver/Src/stm32h5xx_hal_flash_ex.o
LOAD ./Drivers/STM32H5xx_HAL_Driver/Src/stm32h5xx_hal_gpio.o
LOAD ./Drivers/STM32H5xx_HAL_Driver/Src/stm32h5xx_hal_icache.o
LOAD ./Drivers/STM32H5xx_HAL_Driver/Src/stm32h5xx_hal_pwr.o
LOAD ./Drivers/STM32H5xx_HAL_Driver/Src/stm32h5xx_hal_pwr_ex.o
LOAD ./Drivers/STM32H5xx_HAL_Driver/Src/stm32h5xx_hal_rcc.o
LOAD ./Drivers/STM32H5xx_HAL_Driver/Src/stm32h5xx_hal_rcc_ex.o
LOAD ./Drivers/STM32H5xx_HAL_Driver/Src/stm32h5xx_hal_tim.o
LOAD ./Drivers/STM32H5xx_HAL_Driver/Src/stm32h5xx_hal_tim_ex.o
LOAD ./Middlewares/Third_Party/FreeRTOS/Source/CMSIS_RTOS_V2/cmsis_os2.o
LOAD ./Middlewares/Third_Party/FreeRTOS/Source/croutine.o
LOAD ./Middlewares/Third_Party/FreeRTOS/Source/event_groups.o
LOAD ./Middlewares/Third_Party/FreeRTOS/Source/list.o
LOAD ./Middlewares/Third_Party/FreeRTOS/Source/queue.o
LOAD ./Middlewares/Third_Party/FreeRTOS/Source/stream_buffer.o
LOAD ./Middlewares/Third_Party/FreeRTOS/Source/tasks.o
LOAD ./Middlewares/Third_Party/FreeRTOS/Source/timers.o
LOAD ./Middlewares/Third_Party/FreeRTOS/Source/portable/GCC/ARM_CM33_NTZ/non_secure/port.o
LOAD ./Middlewares/Third_Party/FreeRTOS/Source/portable/GCC/ARM_CM33_NTZ/non_secure/portasm.o
LOAD ./Middlewares/Third_Party/FreeRTOS/Source/portable/MemMang/heap_4.o
START GROUP
LOAD C:/ST/STM32CubeIDE_1.16.1/STM32CubeIDE/plugins/com.st.stm32cube.ide.mcu.externaltools.gnu-tools-for-stm32.12.3.rel1.win32_1.0.200.202406191623/tools/bin/../lib/gcc/arm-none-eabi/12.3.1/../../../../arm-none-eabi/lib/thumb/v8-m.main+fp/hard\libc_nano.a
LOAD C:/ST/STM32CubeIDE_1.16.1/STM32CubeIDE/plugins/com.st.stm32cube.ide.mcu.externaltools.gnu-tools-for-stm32.12.3.rel1.win32_1.0.200.202406191623/tools/bin/../lib/gcc/arm-none-eabi/12.3.1/../../../../arm-none-eabi/lib/thumb/v8-m.main+fp/hard\libm.a
END GROUP
START GROUP
LOAD C:/ST/STM32CubeIDE_1.16.1/STM32CubeIDE/plugins/com.st.stm32cube.ide.mcu.externaltools.gnu-tools-for-stm32.12.3.rel1.win32_1.0.200.202406191623/tools/bin/../lib/gcc/arm-none-eabi/12.3.1/thumb/v8-m.main+fp/hard\libgcc.a
LOAD C:/ST/STM32CubeIDE_1.16.1/STM32CubeIDE/plugins/com.st.stm32cube.ide.mcu.externaltools.gnu-tools-for-stm32.12.3.rel1.win32_1.0.200.202406191623/tools/bin/../lib/gcc/arm-none-eabi/12.3.1/../../../../arm-none-eabi/lib/thumb/v8-m.main+fp/hard\libc_nano.a
END GROUP
START GROUP
LOAD C:/ST/STM32CubeIDE_1.16.1/STM32CubeIDE/plugins/com.st.stm32cube.ide.mcu.externaltools.gnu-tools-for-stm32.12.3.rel1.win32_1.0.200.202406191623/tools/bin/../lib/gcc/arm-none-eabi/12.3.1/thumb/v8-m.main+fp/hard\libgcc.a
LOAD C:/ST/STM32CubeIDE_1.16.1/STM32CubeIDE/plugins/com.st.stm32cube.ide.mcu.externaltools.gnu-tools-for-stm32.12.3.rel1.win32_1.0.200.202406191623/tools/bin/../lib/gcc/arm-none-eabi/12.3.1/../../../../arm-none-eabi/lib/thumb/v8-m.main+fp/hard\libc_nano.a
LOAD C:/ST/STM32CubeIDE_1.16.1/STM32CubeIDE/plugins/com.st.stm32cube.ide.mcu.externaltools.gnu-tools-for-stm32.12.3.rel1.win32_1.0.200.202406191623/tools/bin/../lib/gcc/arm-none-eabi/12.3.1/../../../../arm-none-eabi/lib/thumb/v8-m.main+fp/hard\libnosys.a
END GROUP
START GROUP
LOAD C:/ST/STM32CubeIDE_1.16.1/STM32CubeIDE/plugins/com.st.stm32cube.ide.mcu.externaltools.gnu-tools-for-stm32.12.3.rel1.win32_1.0.200.202406191623/tools/bin/../lib/gcc/arm-none-eabi/12.3.1/thumb/v8-m.main+fp/hard\libgcc.a
LOAD C:/ST/STM32CubeIDE_1.16.1/STM32CubeIDE/plugins/com.st.stm32cube.ide.mcu.externaltools.gnu-tools-for-stm32.12.3.rel1.win32_1.0.200.202406191623/tools/bin/../lib/gcc/arm-none-eabi/12.3.1/../../../../arm-none-eabi/lib/thumb/v8-m.main+fp/hard\libc_nano.a
LOAD C:/ST/STM32CubeIDE_1.16.1/STM32CubeIDE/plugins/com.st.stm32cube.ide.mcu.externaltools.gnu-tools-for-stm32.12.3.rel1.win32_1.0.200.202406191623/tools/bin/../lib/gcc/arm-none-eabi/12.3.1/../../../../arm-none-eabi/lib/thumb/v8-m.main+fp/hard\libnosys.a
END GROUP
LOAD C:/ST/STM32CubeIDE_1.16.1/STM32CubeIDE/plugins/com.st.stm32cube.ide.mcu.externaltools.gnu-tools-for-stm32.12.3.rel1.win32_1.0.200.202406191623/tools/bin/../lib/gcc/arm-none-eabi/12.3.1/thumb/v8-m.main+fp/hard/crtend.o
LOAD C:/ST/STM32CubeIDE_1.16.1/STM32CubeIDE/plugins/com.st.stm32cube.ide.mcu.externaltools.gnu-tools-for-stm32.12.3.rel1.win32_1.0.200.202406191623/tools/bin/../lib/gcc/arm-none-eabi/12.3.1/thumb/v8-m.main+fp/hard/crtn.o
                0x20044000                        _estack = (ORIGIN (RAM) + LENGTH (RAM))
                0x00000200                        _Min_Heap_Size = 0x200
                0x00000400                        _Min_Stack_Size = 0x400

.isr_vector     0x08000000      0x254
                0x08000000                        . = ALIGN (0x4)
 *(.isr_vector)
 .isr_vector    0x08000000      0x254 ./Core/Startup/startup_stm32h533retx.o
                0x08000000                g_pfnVectors
                0x08000254                        . = ALIGN (0x4)

.text           0x08000260     0x45f4
                0x08000260                        . = ALIGN (0x4)
 *(.text)
 .text          0x08000260       0x40 C:/ST/STM32CubeIDE_1.16.1/STM32CubeIDE/plugins/com.st.stm32cube.ide.mcu.externaltools.gnu-tools-for-stm32.12.3.rel1.win32_1.0.200.202406191623/tools/bin/../lib/gcc/arm-none-eabi/12.3.1/thumb/v8-m.main+fp/hard/crtbegin.o
 *(.text*)
 .text.vPortSuppressTicksAndSleep
                0x080002a0       0x14 ./Core/Src/app_freertos.o
                0x080002a0                vPortSuppressTicksAndSleep
 .text.MX_FREERTOS_Init
                0x080002b4       0x78 ./Core/Src/app_freertos.o
                0x080002b4                MX_FREERTOS_Init
 .text.Bsw_1ms  0x0800032c       0x10 ./Core/Src/app_freertos.o
                0x0800032c                Bsw_1ms
 .text.App_1ms  0x0800033c       0x10 ./Core/Src/app_freertos.o
                0x0800033c                App_1ms
 .text.Bsw_10ms
                0x0800034c       0x10 ./Core/Src/app_freertos.o
                0x0800034c                Bsw_10ms
 .text.App_10ms
                0x0800035c       0x10 ./Core/Src/app_freertos.o
                0x0800035c                App_10ms
 .text.main     0x0800036c       0x24 ./Core/Src/main.o
                0x0800036c                main
 .text.SystemClock_Config
                0x08000390       0xe4 ./Core/Src/main.o
                0x08000390                SystemClock_Config
 .text.MX_ICACHE_Init
                0x08000474       0x26 ./Core/Src/main.o
 *fill*         0x0800049a        0x2 
 .text.MX_GPIO_Init
                0x0800049c       0x90 ./Core/Src/main.o
 .text.HAL_TIM_PeriodElapsedCallback
                0x0800052c       0x1e ./Core/Src/main.o
                0x0800052c                HAL_TIM_PeriodElapsedCallback
 .text.Error_Handler
                0x0800054a        0xc ./Core/Src/main.o
                0x0800054a                Error_Handler
 .text.HAL_MspInit
                0x08000556       0x14 ./Core/Src/stm32h5xx_hal_msp.o
                0x08000556                HAL_MspInit
 *fill*         0x0800056a        0x2 
 .text.HAL_InitTick
                0x0800056c       0xec ./Core/Src/stm32h5xx_hal_timebase_tim.o
                0x0800056c                HAL_InitTick
 .text.NMI_Handler
                0x08000658        0x8 ./Core/Src/stm32h5xx_it.o
                0x08000658                NMI_Handler
 .text.HardFault_Handler
                0x08000660        0x8 ./Core/Src/stm32h5xx_it.o
                0x08000660                HardFault_Handler
 .text.MemManage_Handler
                0x08000668        0x8 ./Core/Src/stm32h5xx_it.o
                0x08000668                MemManage_Handler
 .text.BusFault_Handler
                0x08000670        0x8 ./Core/Src/stm32h5xx_it.o
                0x08000670                BusFault_Handler
 .text.UsageFault_Handler
                0x08000678        0x8 ./Core/Src/stm32h5xx_it.o
                0x08000678                UsageFault_Handler
 .text.DebugMon_Handler
                0x08000680        0xe ./Core/Src/stm32h5xx_it.o
                0x08000680                DebugMon_Handler
 *fill*         0x0800068e        0x2 
 .text.TIM2_IRQHandler
                0x08000690       0x14 ./Core/Src/stm32h5xx_it.o
                0x08000690                TIM2_IRQHandler
 .text.SystemInit
                0x080006a4       0xf8 ./Core/Src/system_stm32h5xx.o
                0x080006a4                SystemInit
 .text.Reset_Handler
                0x0800079c       0x50 ./Core/Startup/startup_stm32h533retx.o
                0x0800079c                Reset_Handler
 .text.Default_Handler
                0x080007ec        0x2 ./Core/Startup/startup_stm32h533retx.o
                0x080007ec                EXTI2_IRQHandler
                0x080007ec                TIM8_TRG_COM_IRQHandler
                0x080007ec                TIM8_CC_IRQHandler
                0x080007ec                EXTI5_IRQHandler
                0x080007ec                I3C1_ER_IRQHandler
                0x080007ec                SPI4_IRQHandler
                0x080007ec                GPDMA2_Channel1_IRQHandler
                0x080007ec                FLASH_S_IRQHandler
                0x080007ec                EXTI13_IRQHandler
                0x080007ec                TIM1_CC_IRQHandler
                0x080007ec                GPDMA2_Channel3_IRQHandler
                0x080007ec                TAMP_IRQHandler
                0x080007ec                TIM6_IRQHandler
                0x080007ec                EXTI12_IRQHandler
                0x080007ec                USB_DRD_FS_IRQHandler
                0x080007ec                EXTI3_IRQHandler
                0x080007ec                GPDMA1_Channel5_IRQHandler
                0x080007ec                EXTI8_IRQHandler
                0x080007ec                GPDMA2_Channel5_IRQHandler
                0x080007ec                LPTIM2_IRQHandler
                0x080007ec                I2C3_ER_IRQHandler
                0x080007ec                GPDMA2_Channel2_IRQHandler
                0x080007ec                EXTI0_IRQHandler
                0x080007ec                I2C2_EV_IRQHandler
                0x080007ec                FPU_IRQHandler
                0x080007ec                GPDMA1_Channel3_IRQHandler
                0x080007ec                GPDMA1_Channel7_IRQHandler
                0x080007ec                FDCAN1_IT1_IRQHandler
                0x080007ec                RAMCFG_IRQHandler
                0x080007ec                DCACHE1_IRQHandler
                0x080007ec                SPI1_IRQHandler
                0x080007ec                OCTOSPI1_IRQHandler
                0x080007ec                GPDMA1_Channel2_IRQHandler
                0x080007ec                TIM8_UP_IRQHandler
                0x080007ec                RCC_S_IRQHandler
                0x080007ec                ADC1_IRQHandler
                0x080007ec                PKA_IRQHandler
                0x080007ec                USART6_IRQHandler
                0x080007ec                I3C2_ER_IRQHandler
                0x080007ec                EXTI15_IRQHandler
                0x080007ec                USART3_IRQHandler
                0x080007ec                RTC_IRQHandler
                0x080007ec                EXTI9_IRQHandler
                0x080007ec                UART5_IRQHandler
                0x080007ec                TIM4_IRQHandler
                0x080007ec                I3C2_EV_IRQHandler
                0x080007ec                I2C1_EV_IRQHandler
                0x080007ec                GPDMA1_Channel1_IRQHandler
                0x080007ec                UART4_IRQHandler
                0x080007ec                SecureFault_Handler
                0x080007ec                TIM3_IRQHandler
                0x080007ec                RCC_IRQHandler
                0x080007ec                TIM1_TRG_COM_IRQHandler
                0x080007ec                Default_Handler
                0x080007ec                CEC_IRQHandler
                0x080007ec                OTFDEC1_IRQHandler
                0x080007ec                GPDMA2_Channel4_IRQHandler
                0x080007ec                TIM12_IRQHandler
                0x080007ec                TIM7_IRQHandler
                0x080007ec                SDMMC1_IRQHandler
                0x080007ec                SAES_IRQHandler
                0x080007ec                TIM5_IRQHandler
                0x080007ec                UCPD1_IRQHandler
                0x080007ec                GPDMA1_Channel0_IRQHandler
                0x080007ec                I3C1_EV_IRQHandler
                0x080007ec                TIM15_IRQHandler
                0x080007ec                PVD_AVD_IRQHandler
                0x080007ec                I2C3_EV_IRQHandler
                0x080007ec                ADC2_IRQHandler
                0x080007ec                SPI2_IRQHandler
                0x080007ec                EXTI14_IRQHandler
                0x080007ec                EXTI11_IRQHandler
                0x080007ec                CRS_IRQHandler
                0x080007ec                EXTI4_IRQHandler
                0x080007ec                GPDMA2_Channel0_IRQHandler
                0x080007ec                RTC_S_IRQHandler
                0x080007ec                RNG_IRQHandler
                0x080007ec                FDCAN2_IT1_IRQHandler
                0x080007ec                GPDMA2_Channel6_IRQHandler
                0x080007ec                TIM1_UP_IRQHandler
                0x080007ec                WWDG_IRQHandler
                0x080007ec                FDCAN2_IT0_IRQHandler
                0x080007ec                IWDG_IRQHandler
                0x080007ec                LPUART1_IRQHandler
                0x080007ec                FDCAN1_IT0_IRQHandler
                0x080007ec                GPDMA1_Channel4_IRQHandler
                0x080007ec                EXTI7_IRQHandler
                0x080007ec                TIM1_BRK_IRQHandler
                0x080007ec                EXTI1_IRQHandler
                0x080007ec                AES_IRQHandler
                0x080007ec                DAC1_IRQHandler
                0x080007ec                DTS_IRQHandler
                0x080007ec                GTZC_IRQHandler
                0x080007ec                USART2_IRQHandler
                0x080007ec                GPDMA1_Channel6_IRQHandler
                0x080007ec                GPDMA2_Channel7_IRQHandler
                0x080007ec                I2C2_ER_IRQHandler
                0x080007ec                TIM8_BRK_IRQHandler
                0x080007ec                FLASH_IRQHandler
                0x080007ec                USART1_IRQHandler
                0x080007ec                EXTI10_IRQHandler
                0x080007ec                SPI3_IRQHandler
                0x080007ec                I2C1_ER_IRQHandler
                0x080007ec                FMC_IRQHandler
                0x080007ec                EXTI6_IRQHandler
                0x080007ec                LPTIM1_IRQHandler
                0x080007ec                DCMI_PSSI_IRQHandler
                0x080007ec                ICACHE_IRQHandler
                0x080007ec                HASH_IRQHandler
 *fill*         0x080007ee        0x2 
 .text.HAL_Init
                0x080007f0       0x50 ./Drivers/STM32H5xx_HAL_Driver/Src/stm32h5xx_hal.o
                0x080007f0                HAL_Init
 .text.HAL_IncTick
                0x08000840       0x28 ./Drivers/STM32H5xx_HAL_Driver/Src/stm32h5xx_hal.o
                0x08000840                HAL_IncTick
 .text.HAL_GetTick
                0x08000868       0x18 ./Drivers/STM32H5xx_HAL_Driver/Src/stm32h5xx_hal.o
                0x08000868                HAL_GetTick
 .text.__NVIC_SetPriorityGrouping
                0x08000880       0x48 ./Drivers/STM32H5xx_HAL_Driver/Src/stm32h5xx_hal_cortex.o
 .text.__NVIC_GetPriorityGrouping
                0x080008c8       0x1c ./Drivers/STM32H5xx_HAL_Driver/Src/stm32h5xx_hal_cortex.o
 .text.__NVIC_EnableIRQ
                0x080008e4       0x3c ./Drivers/STM32H5xx_HAL_Driver/Src/stm32h5xx_hal_cortex.o
 .text.__NVIC_SetPriority
                0x08000920       0x54 ./Drivers/STM32H5xx_HAL_Driver/Src/stm32h5xx_hal_cortex.o
 .text.NVIC_EncodePriority
                0x08000974       0x66 ./Drivers/STM32H5xx_HAL_Driver/Src/stm32h5xx_hal_cortex.o
 .text.HAL_NVIC_SetPriorityGrouping
                0x080009da       0x16 ./Drivers/STM32H5xx_HAL_Driver/Src/stm32h5xx_hal_cortex.o
                0x080009da                HAL_NVIC_SetPriorityGrouping
 .text.HAL_NVIC_SetPriority
                0x080009f0       0x34 ./Drivers/STM32H5xx_HAL_Driver/Src/stm32h5xx_hal_cortex.o
                0x080009f0                HAL_NVIC_SetPriority
 .text.HAL_NVIC_EnableIRQ
                0x08000a24       0x1c ./Drivers/STM32H5xx_HAL_Driver/Src/stm32h5xx_hal_cortex.o
                0x08000a24                HAL_NVIC_EnableIRQ
 .text.HAL_SYSTICK_CLKSourceConfig
                0x08000a40       0xb0 ./Drivers/STM32H5xx_HAL_Driver/Src/stm32h5xx_hal_cortex.o
                0x08000a40                HAL_SYSTICK_CLKSourceConfig
 .text.HAL_ICACHE_ConfigAssociativityMode
                0x08000af0       0x40 ./Drivers/STM32H5xx_HAL_Driver/Src/stm32h5xx_hal_icache.o
                0x08000af0                HAL_ICACHE_ConfigAssociativityMode
 .text.HAL_ICACHE_Enable
                0x08000b30       0x20 ./Drivers/STM32H5xx_HAL_Driver/Src/stm32h5xx_hal_icache.o
                0x08000b30                HAL_ICACHE_Enable
 .text.HAL_RCC_OscConfig
                0x08000b50      0x870 ./Drivers/STM32H5xx_HAL_Driver/Src/stm32h5xx_hal_rcc.o
                0x08000b50                HAL_RCC_OscConfig
 .text.HAL_RCC_ClockConfig
                0x080013c0      0x370 ./Drivers/STM32H5xx_HAL_Driver/Src/stm32h5xx_hal_rcc.o
                0x080013c0                HAL_RCC_ClockConfig
 .text.HAL_RCC_GetSysClockFreq
                0x08001730      0x258 ./Drivers/STM32H5xx_HAL_Driver/Src/stm32h5xx_hal_rcc.o
                0x08001730                HAL_RCC_GetSysClockFreq
 .text.HAL_RCC_GetHCLKFreq
                0x08001988       0x38 ./Drivers/STM32H5xx_HAL_Driver/Src/stm32h5xx_hal_rcc.o
                0x08001988                HAL_RCC_GetHCLKFreq
 .text.HAL_RCC_GetPCLK1Freq
                0x080019c0       0x2c ./Drivers/STM32H5xx_HAL_Driver/Src/stm32h5xx_hal_rcc.o
                0x080019c0                HAL_RCC_GetPCLK1Freq
 .text.HAL_RCC_GetClockConfig
                0x080019ec       0x70 ./Drivers/STM32H5xx_HAL_Driver/Src/stm32h5xx_hal_rcc.o
                0x080019ec                HAL_RCC_GetClockConfig
 .text.HAL_TIM_Base_Init
                0x08001a5c       0xae ./Drivers/STM32H5xx_HAL_Driver/Src/stm32h5xx_hal_tim.o
                0x08001a5c                HAL_TIM_Base_Init
 .text.HAL_TIM_Base_MspInit
                0x08001b0a       0x14 ./Drivers/STM32H5xx_HAL_Driver/Src/stm32h5xx_hal_tim.o
                0x08001b0a                HAL_TIM_Base_MspInit
 *fill*         0x08001b1e        0x2 
 .text.HAL_TIM_Base_Start_IT
                0x08001b20      0x15c ./Drivers/STM32H5xx_HAL_Driver/Src/stm32h5xx_hal_tim.o
                0x08001b20                HAL_TIM_Base_Start_IT
 .text.HAL_TIM_IRQHandler
                0x08001c7c      0x29e ./Drivers/STM32H5xx_HAL_Driver/Src/stm32h5xx_hal_tim.o
                0x08001c7c                HAL_TIM_IRQHandler
 .text.HAL_TIM_OC_DelayElapsedCallback
                0x08001f1a       0x14 ./Drivers/STM32H5xx_HAL_Driver/Src/stm32h5xx_hal_tim.o
                0x08001f1a                HAL_TIM_OC_DelayElapsedCallback
 .text.HAL_TIM_IC_CaptureCallback
                0x08001f2e       0x14 ./Drivers/STM32H5xx_HAL_Driver/Src/stm32h5xx_hal_tim.o
                0x08001f2e                HAL_TIM_IC_CaptureCallback
 .text.HAL_TIM_PWM_PulseFinishedCallback
                0x08001f42       0x14 ./Drivers/STM32H5xx_HAL_Driver/Src/stm32h5xx_hal_tim.o
                0x08001f42                HAL_TIM_PWM_PulseFinishedCallback
 .text.HAL_TIM_TriggerCallback
                0x08001f56       0x14 ./Drivers/STM32H5xx_HAL_Driver/Src/stm32h5xx_hal_tim.o
                0x08001f56                HAL_TIM_TriggerCallback
 *fill*         0x08001f6a        0x2 
 .text.TIM_Base_SetConfig
                0x08001f6c      0x1d4 ./Drivers/STM32H5xx_HAL_Driver/Src/stm32h5xx_hal_tim.o
                0x08001f6c                TIM_Base_SetConfig
 .text.HAL_TIMEx_CommutCallback
                0x08002140       0x14 ./Drivers/STM32H5xx_HAL_Driver/Src/stm32h5xx_hal_tim_ex.o
                0x08002140                HAL_TIMEx_CommutCallback
 .text.HAL_TIMEx_BreakCallback
                0x08002154       0x14 ./Drivers/STM32H5xx_HAL_Driver/Src/stm32h5xx_hal_tim_ex.o
                0x08002154                HAL_TIMEx_BreakCallback
 .text.HAL_TIMEx_Break2Callback
                0x08002168       0x14 ./Drivers/STM32H5xx_HAL_Driver/Src/stm32h5xx_hal_tim_ex.o
                0x08002168                HAL_TIMEx_Break2Callback
 .text.HAL_TIMEx_EncoderIndexCallback
                0x0800217c       0x14 ./Drivers/STM32H5xx_HAL_Driver/Src/stm32h5xx_hal_tim_ex.o
                0x0800217c                HAL_TIMEx_EncoderIndexCallback
 .text.HAL_TIMEx_DirectionChangeCallback
                0x08002190       0x14 ./Drivers/STM32H5xx_HAL_Driver/Src/stm32h5xx_hal_tim_ex.o
                0x08002190                HAL_TIMEx_DirectionChangeCallback
 .text.HAL_TIMEx_IndexErrorCallback
                0x080021a4       0x14 ./Drivers/STM32H5xx_HAL_Driver/Src/stm32h5xx_hal_tim_ex.o
                0x080021a4                HAL_TIMEx_IndexErrorCallback
 .text.HAL_TIMEx_TransitionErrorCallback
                0x080021b8       0x14 ./Drivers/STM32H5xx_HAL_Driver/Src/stm32h5xx_hal_tim_ex.o
                0x080021b8                HAL_TIMEx_TransitionErrorCallback
 .text.__NVIC_SetPriority
                0x080021cc       0x54 ./Middlewares/Third_Party/FreeRTOS/Source/CMSIS_RTOS_V2/cmsis_os2.o
 .text.SysTick_Handler
                0x08002220       0x16 ./Middlewares/Third_Party/FreeRTOS/Source/CMSIS_RTOS_V2/cmsis_os2.o
                0x08002220                SysTick_Handler
 .text.SVC_Setup
                0x08002236       0x12 ./Middlewares/Third_Party/FreeRTOS/Source/CMSIS_RTOS_V2/cmsis_os2.o
 .text.IRQ_Context
                0x08002248       0x4e ./Middlewares/Third_Party/FreeRTOS/Source/CMSIS_RTOS_V2/cmsis_os2.o
 *fill*         0x08002296        0x2 
 .text.osKernelInitialize
                0x08002298       0x4c ./Middlewares/Third_Party/FreeRTOS/Source/CMSIS_RTOS_V2/cmsis_os2.o
                0x08002298                osKernelInitialize
 .text.osKernelStart
                0x080022e4       0x54 ./Middlewares/Third_Party/FreeRTOS/Source/CMSIS_RTOS_V2/cmsis_os2.o
                0x080022e4                osKernelStart
 .text.osThreadNew
                0x08002338      0x122 ./Middlewares/Third_Party/FreeRTOS/Source/CMSIS_RTOS_V2/cmsis_os2.o
                0x08002338                osThreadNew
 .text.osDelay  0x0800245a       0x34 ./Middlewares/Third_Party/FreeRTOS/Source/CMSIS_RTOS_V2/cmsis_os2.o
                0x0800245a                osDelay
 *fill*         0x0800248e        0x2 
 .text.vApplicationGetIdleTaskMemory
                0x08002490       0x34 ./Middlewares/Third_Party/FreeRTOS/Source/CMSIS_RTOS_V2/cmsis_os2.o
                0x08002490                vApplicationGetIdleTaskMemory
 .text.vApplicationGetTimerTaskMemory
                0x080024c4       0x34 ./Middlewares/Third_Party/FreeRTOS/Source/CMSIS_RTOS_V2/cmsis_os2.o
                0x080024c4                vApplicationGetTimerTaskMemory
 .text.vListInitialise
                0x080024f8       0x40 ./Middlewares/Third_Party/FreeRTOS/Source/list.o
                0x080024f8                vListInitialise
 .text.vListInitialiseItem
                0x08002538       0x1a ./Middlewares/Third_Party/FreeRTOS/Source/list.o
                0x08002538                vListInitialiseItem
 .text.vListInsert
                0x08002552       0x72 ./Middlewares/Third_Party/FreeRTOS/Source/list.o
                0x08002552                vListInsert
 .text.uxListRemove
                0x080025c4       0x54 ./Middlewares/Third_Party/FreeRTOS/Source/list.o
                0x080025c4                uxListRemove
 .text.xQueueGenericReset
                0x08002618       0xf2 ./Middlewares/Third_Party/FreeRTOS/Source/queue.o
                0x08002618                xQueueGenericReset
 .text.xQueueGenericCreateStatic
                0x0800270a       0x92 ./Middlewares/Third_Party/FreeRTOS/Source/queue.o
                0x0800270a                xQueueGenericCreateStatic
 .text.prvInitialiseNewQueue
                0x0800279c       0x46 ./Middlewares/Third_Party/FreeRTOS/Source/queue.o
 .text.xQueueReceive
                0x080027e2      0x178 ./Middlewares/Third_Party/FreeRTOS/Source/queue.o
                0x080027e2                xQueueReceive
 .text.prvCopyDataFromQueue
                0x0800295a       0x4c ./Middlewares/Third_Party/FreeRTOS/Source/queue.o
 .text.prvUnlockQueue
                0x080029a6       0xa4 ./Middlewares/Third_Party/FreeRTOS/Source/queue.o
 .text.prvIsQueueEmpty
                0x08002a4a       0x2c ./Middlewares/Third_Party/FreeRTOS/Source/queue.o
 *fill*         0x08002a76        0x2 
 .text.vQueueAddToRegistry
                0x08002a78       0x8c ./Middlewares/Third_Party/FreeRTOS/Source/queue.o
                0x08002a78                vQueueAddToRegistry
 .text.vQueueWaitForMessageRestricted
                0x08002b04       0x68 ./Middlewares/Third_Party/FreeRTOS/Source/queue.o
                0x08002b04                vQueueWaitForMessageRestricted
 .text.xTaskCreateStatic
                0x08002b6c       0x9a ./Middlewares/Third_Party/FreeRTOS/Source/tasks.o
                0x08002b6c                xTaskCreateStatic
 .text.xTaskCreate
                0x08002c06       0x94 ./Middlewares/Third_Party/FreeRTOS/Source/tasks.o
                0x08002c06                xTaskCreate
 .text.prvInitialiseNewTask
                0x08002c9a      0x104 ./Middlewares/Third_Party/FreeRTOS/Source/tasks.o
 *fill*         0x08002d9e        0x2 
 .text.prvAddNewTaskToReadyList
                0x08002da0      0x120 ./Middlewares/Third_Party/FreeRTOS/Source/tasks.o
 .text.vTaskDelay
                0x08002ec0       0x4c ./Middlewares/Third_Party/FreeRTOS/Source/tasks.o
                0x08002ec0                vTaskDelay
 .text.vTaskStartScheduler
                0x08002f0c       0xb8 ./Middlewares/Third_Party/FreeRTOS/Source/tasks.o
                0x08002f0c                vTaskStartScheduler
 .text.vTaskSuspendAll
                0x08002fc4       0x1c ./Middlewares/Third_Party/FreeRTOS/Source/tasks.o
                0x08002fc4                vTaskSuspendAll
 .text.prvGetExpectedIdleTime
                0x08002fe0       0x70 ./Middlewares/Third_Party/FreeRTOS/Source/tasks.o
 .text.xTaskResumeAll
                0x08003050      0x1dc ./Middlewares/Third_Party/FreeRTOS/Source/tasks.o
                0x08003050                xTaskResumeAll
 .text.xTaskGetTickCount
                0x0800322c       0x20 ./Middlewares/Third_Party/FreeRTOS/Source/tasks.o
                0x0800322c                xTaskGetTickCount
 .text.xTaskIncrementTick
                0x0800324c      0x220 ./Middlewares/Third_Party/FreeRTOS/Source/tasks.o
                0x0800324c                xTaskIncrementTick
 .text.vTaskSwitchContext
                0x0800346c       0xa8 ./Middlewares/Third_Party/FreeRTOS/Source/tasks.o
                0x0800346c                vTaskSwitchContext
 .text.vTaskPlaceOnEventList
                0x08003514       0x3c ./Middlewares/Third_Party/FreeRTOS/Source/tasks.o
                0x08003514                vTaskPlaceOnEventList
 .text.vTaskPlaceOnEventListRestricted
                0x08003550       0x7c ./Middlewares/Third_Party/FreeRTOS/Source/tasks.o
                0x08003550                vTaskPlaceOnEventListRestricted
 .text.xTaskRemoveFromEventList
                0x080035cc      0x1a0 ./Middlewares/Third_Party/FreeRTOS/Source/tasks.o
                0x080035cc                xTaskRemoveFromEventList
 .text.vTaskInternalSetTimeOutState
                0x0800376c       0x2c ./Middlewares/Third_Party/FreeRTOS/Source/tasks.o
                0x0800376c                vTaskInternalSetTimeOutState
 .text.xTaskCheckForTimeOut
                0x08003798       0xb0 ./Middlewares/Third_Party/FreeRTOS/Source/tasks.o
                0x08003798                xTaskCheckForTimeOut
 .text.vTaskMissedYield
                0x08003848       0x18 ./Middlewares/Third_Party/FreeRTOS/Source/tasks.o
                0x08003848                vTaskMissedYield
 .text.prvIdleTask
                0x08003860       0x60 ./Middlewares/Third_Party/FreeRTOS/Source/tasks.o
 .text.prvInitialiseTaskLists
                0x080038c0       0x80 ./Middlewares/Third_Party/FreeRTOS/Source/tasks.o
 .text.prvCheckTasksWaitingTermination
                0x08003940       0x5c ./Middlewares/Third_Party/FreeRTOS/Source/tasks.o
 .text.prvDeleteTCB
                0x0800399c       0x50 ./Middlewares/Third_Party/FreeRTOS/Source/tasks.o
 .text.prvResetNextTaskUnblockTime
                0x080039ec       0x38 ./Middlewares/Third_Party/FreeRTOS/Source/tasks.o
 .text.xTaskGetSchedulerState
                0x08003a24       0x3c ./Middlewares/Third_Party/FreeRTOS/Source/tasks.o
                0x08003a24                xTaskGetSchedulerState
 .text.prvAddCurrentTaskToDelayedList
                0x08003a60       0xdc ./Middlewares/Third_Party/FreeRTOS/Source/tasks.o
 .text.xTimerCreateTimerTask
                0x08003b3c       0x80 ./Middlewares/Third_Party/FreeRTOS/Source/timers.o
                0x08003b3c                xTimerCreateTimerTask
 .text.prvReloadTimer
                0x08003bbc       0x42 ./Middlewares/Third_Party/FreeRTOS/Source/timers.o
 *fill*         0x08003bfe        0x2 
 .text.prvProcessExpiredTimer
                0x08003c00       0x60 ./Middlewares/Third_Party/FreeRTOS/Source/timers.o
 .text.prvTimerTask
                0x08003c60       0x26 ./Middlewares/Third_Party/FreeRTOS/Source/timers.o
 *fill*         0x08003c86        0x2 
 .text.prvProcessTimerOrBlockTask
                0x08003c88       0x8c ./Middlewares/Third_Party/FreeRTOS/Source/timers.o
 .text.prvGetNextExpireTime
                0x08003d14       0x48 ./Middlewares/Third_Party/FreeRTOS/Source/timers.o
 .text.prvSampleTimeNow
                0x08003d5c       0x40 ./Middlewares/Third_Party/FreeRTOS/Source/timers.o
 .text.prvInsertTimerInActiveList
                0x08003d9c       0x84 ./Middlewares/Third_Party/FreeRTOS/Source/timers.o
 .text.prvProcessReceivedCommands
                0x08003e20      0x19c ./Middlewares/Third_Party/FreeRTOS/Source/timers.o
 .text.prvSwitchTimerLists
                0x08003fbc       0x4c ./Middlewares/Third_Party/FreeRTOS/Source/timers.o
 .text.prvCheckForValidListAndQueue
                0x08004008       0x80 ./Middlewares/Third_Party/FreeRTOS/Source/timers.o
 .text.vPortSetupTimerInterrupt
                0x08004088       0x48 ./Middlewares/Third_Party/FreeRTOS/Source/portable/GCC/ARM_CM33_NTZ/non_secure/port.o
                0x08004088                vPortSetupTimerInterrupt
 .text.prvTaskExitError
                0x080040d0       0x38 ./Middlewares/Third_Party/FreeRTOS/Source/portable/GCC/ARM_CM33_NTZ/non_secure/port.o
 .text.vPortYield
                0x08004108       0x24 ./Middlewares/Third_Party/FreeRTOS/Source/portable/GCC/ARM_CM33_NTZ/non_secure/port.o
                0x08004108                vPortYield
 .text.vPortEnterCritical
                0x0800412c       0x24 ./Middlewares/Third_Party/FreeRTOS/Source/portable/GCC/ARM_CM33_NTZ/non_secure/port.o
                0x0800412c                vPortEnterCritical
 .text.vPortExitCritical
                0x08004150       0x34 ./Middlewares/Third_Party/FreeRTOS/Source/portable/GCC/ARM_CM33_NTZ/non_secure/port.o
                0x08004150                vPortExitCritical
 .text.xPortSysTickHandler
                0x08004184       0x30 ./Middlewares/Third_Party/FreeRTOS/Source/portable/GCC/ARM_CM33_NTZ/non_secure/port.o
                0x08004184                xPortSysTickHandler
 .text.vPortSVCHandler_C
                0x080041b4       0x32 ./Middlewares/Third_Party/FreeRTOS/Source/portable/GCC/ARM_CM33_NTZ/non_secure/port.o
                0x080041b4                vPortSVCHandler_C
 *fill*         0x080041e6        0x2 
 .text.pxPortInitialiseStack
                0x080041e8      0x114 ./Middlewares/Third_Party/FreeRTOS/Source/portable/GCC/ARM_CM33_NTZ/non_secure/port.o
                0x080041e8                pxPortInitialiseStack
 .text.xPortStartScheduler
                0x080042fc       0x40 ./Middlewares/Third_Party/FreeRTOS/Source/portable/GCC/ARM_CM33_NTZ/non_secure/port.o
                0x080042fc                xPortStartScheduler
 *fill*         0x0800433c        0x4 
 .text.vRestoreContextOfFirstTask
                0x08004340       0x38 ./Middlewares/Third_Party/FreeRTOS/Source/portable/GCC/ARM_CM33_NTZ/non_secure/portasm.o
                0x08004340                vRestoreContextOfFirstTask
 *fill*         0x08004378        0x8 
 .text.vStartFirstTask
                0x08004380       0x28 ./Middlewares/Third_Party/FreeRTOS/Source/portable/GCC/ARM_CM33_NTZ/non_secure/portasm.o
                0x08004380                vStartFirstTask
 .text.ulSetInterruptMask
                0x080043a8       0x1a ./Middlewares/Third_Party/FreeRTOS/Source/portable/GCC/ARM_CM33_NTZ/non_secure/portasm.o
                0x080043a8                ulSetInterruptMask
 .text.vClearInterruptMask
                0x080043c2       0x10 ./Middlewares/Third_Party/FreeRTOS/Source/portable/GCC/ARM_CM33_NTZ/non_secure/portasm.o
                0x080043c2                vClearInterruptMask
 *fill*         0x080043d2        0xe 
 .text.PendSV_Handler
                0x080043e0       0x58 ./Middlewares/Third_Party/FreeRTOS/Source/portable/GCC/ARM_CM33_NTZ/non_secure/portasm.o
                0x080043e0                PendSV_Handler
 *fill*         0x08004438        0x8 
 .text.SVC_Handler
                0x08004440       0x28 ./Middlewares/Third_Party/FreeRTOS/Source/portable/GCC/ARM_CM33_NTZ/non_secure/portasm.o
                0x08004440                SVC_Handler
 .text.pvPortMalloc
                0x08004468      0x158 ./Middlewares/Third_Party/FreeRTOS/Source/portable/MemMang/heap_4.o
                0x08004468                pvPortMalloc
 .text.vPortFree
                0x080045c0       0x9c ./Middlewares/Third_Party/FreeRTOS/Source/portable/MemMang/heap_4.o
                0x080045c0                vPortFree
 .text.prvHeapInit
                0x0800465c       0xb8 ./Middlewares/Third_Party/FreeRTOS/Source/portable/MemMang/heap_4.o
 .text.prvInsertBlockIntoFreeList
                0x08004714       0xb4 ./Middlewares/Third_Party/FreeRTOS/Source/portable/MemMang/heap_4.o
 .text.memset   0x080047c8       0x10 C:/ST/STM32CubeIDE_1.16.1/STM32CubeIDE/plugins/com.st.stm32cube.ide.mcu.externaltools.gnu-tools-for-stm32.12.3.rel1.win32_1.0.200.202406191623/tools/bin/../lib/gcc/arm-none-eabi/12.3.1/../../../../arm-none-eabi/lib/thumb/v8-m.main+fp/hard\libc_nano.a(libc_a-memset.o)
                0x080047c8                memset
 .text.__libc_init_array
                0x080047d8       0x48 C:/ST/STM32CubeIDE_1.16.1/STM32CubeIDE/plugins/com.st.stm32cube.ide.mcu.externaltools.gnu-tools-for-stm32.12.3.rel1.win32_1.0.200.202406191623/tools/bin/../lib/gcc/arm-none-eabi/12.3.1/../../../../arm-none-eabi/lib/thumb/v8-m.main+fp/hard\libc_nano.a(libc_a-init.o)
                0x080047d8                __libc_init_array
 .text.memcpy   0x08004820       0x1a C:/ST/STM32CubeIDE_1.16.1/STM32CubeIDE/plugins/com.st.stm32cube.ide.mcu.externaltools.gnu-tools-for-stm32.12.3.rel1.win32_1.0.200.202406191623/tools/bin/../lib/gcc/arm-none-eabi/12.3.1/../../../../arm-none-eabi/lib/thumb/v8-m.main+fp/hard\libc_nano.a(libc_a-memcpy-stub.o)
                0x08004820                memcpy
 *(.glue_7)
 .glue_7        0x0800483a        0x0 linker stubs
 *(.glue_7t)
 .glue_7t       0x0800483a        0x0 linker stubs
 *(.eh_frame)
 *fill*         0x0800483a        0x2 
 .eh_frame      0x0800483c        0x0 C:/ST/STM32CubeIDE_1.16.1/STM32CubeIDE/plugins/com.st.stm32cube.ide.mcu.externaltools.gnu-tools-for-stm32.12.3.rel1.win32_1.0.200.202406191623/tools/bin/../lib/gcc/arm-none-eabi/12.3.1/thumb/v8-m.main+fp/hard/crtbegin.o
 *(.init)
 .init          0x0800483c        0x4 C:/ST/STM32CubeIDE_1.16.1/STM32CubeIDE/plugins/com.st.stm32cube.ide.mcu.externaltools.gnu-tools-for-stm32.12.3.rel1.win32_1.0.200.202406191623/tools/bin/../lib/gcc/arm-none-eabi/12.3.1/thumb/v8-m.main+fp/hard/crti.o
                0x0800483c                _init
 .init          0x08004840        0x8 C:/ST/STM32CubeIDE_1.16.1/STM32CubeIDE/plugins/com.st.stm32cube.ide.mcu.externaltools.gnu-tools-for-stm32.12.3.rel1.win32_1.0.200.202406191623/tools/bin/../lib/gcc/arm-none-eabi/12.3.1/thumb/v8-m.main+fp/hard/crtn.o
 *(.fini)
 .fini          0x08004848        0x4 C:/ST/STM32CubeIDE_1.16.1/STM32CubeIDE/plugins/com.st.stm32cube.ide.mcu.externaltools.gnu-tools-for-stm32.12.3.rel1.win32_1.0.200.202406191623/tools/bin/../lib/gcc/arm-none-eabi/12.3.1/thumb/v8-m.main+fp/hard/crti.o
                0x08004848                _fini
 .fini          0x0800484c        0x8 C:/ST/STM32CubeIDE_1.16.1/STM32CubeIDE/plugins/com.st.stm32cube.ide.mcu.externaltools.gnu-tools-for-stm32.12.3.rel1.win32_1.0.200.202406191623/tools/bin/../lib/gcc/arm-none-eabi/12.3.1/thumb/v8-m.main+fp/hard/crtn.o
                0x08004854                        . = ALIGN (0x4)
                0x08004854                        _etext = .

.vfp11_veneer   0x08004854        0x0
 .vfp11_veneer  0x08004854        0x0 linker stubs

.v4_bx          0x08004854        0x0
 .v4_bx         0x08004854        0x0 linker stubs

.iplt           0x08004854        0x0
 .iplt          0x08004854        0x0 C:/ST/STM32CubeIDE_1.16.1/STM32CubeIDE/plugins/com.st.stm32cube.ide.mcu.externaltools.gnu-tools-for-stm32.12.3.rel1.win32_1.0.200.202406191623/tools/bin/../lib/gcc/arm-none-eabi/12.3.1/thumb/v8-m.main+fp/hard/crtbegin.o

.rodata         0x08004854      0x100
                0x08004854                        . = ALIGN (0x4)
 *(.rodata)
 .rodata        0x08004854       0x3e ./Core/Src/app_freertos.o
 *fill*         0x08004892        0x2 
 .rodata        0x08004894        0x5 ./Middlewares/Third_Party/FreeRTOS/Source/tasks.o
 *fill*         0x08004899        0x3 
 .rodata        0x0800489c        0xd ./Middlewares/Third_Party/FreeRTOS/Source/timers.o
 *(.rodata*)
 *fill*         0x080048a9        0x3 
 .rodata.Task_Bsw_1ms_attributes
                0x080048ac       0x24 ./Core/Src/app_freertos.o
                0x080048ac                Task_Bsw_1ms_attributes
 .rodata.Task_App_1ms_attributes
                0x080048d0       0x24 ./Core/Src/app_freertos.o
                0x080048d0                Task_App_1ms_attributes
 .rodata.Task_Bsw_10ms_attributes
                0x080048f4       0x24 ./Core/Src/app_freertos.o
                0x080048f4                Task_Bsw_10ms_attributes
 .rodata.Task_App_10ms_attributes
                0x08004918       0x24 ./Core/Src/app_freertos.o
                0x08004918                Task_App_10ms_attributes
 .rodata.AHBPrescTable
                0x0800493c       0x10 ./Core/Src/system_stm32h5xx.o
                0x0800493c                AHBPrescTable
 .rodata.APBPrescTable
                0x0800494c        0x8 ./Core/Src/system_stm32h5xx.o
                0x0800494c                APBPrescTable
                0x08004954                        . = ALIGN (0x4)

.ARM.extab      0x08004954        0x0
                0x08004954                        . = ALIGN (0x4)
 *(.ARM.extab* .gnu.linkonce.armextab.*)
                0x08004954                        . = ALIGN (0x4)

.ARM            0x08004954        0x0
                0x08004954                        . = ALIGN (0x4)
                0x08004954                        __exidx_start = .
 *(.ARM.exidx*)
                0x08004954                        __exidx_end = .
                0x08004954                        . = ALIGN (0x4)

.preinit_array  0x08004954        0x0
                0x08004954                        . = ALIGN (0x4)
                0x08004954                        PROVIDE (__preinit_array_start = .)
 *(.preinit_array*)
                0x08004954                        PROVIDE (__preinit_array_end = .)
                0x08004954                        . = ALIGN (0x4)

.init_array     0x08004954        0x4
                0x08004954                        . = ALIGN (0x4)
                0x08004954                        PROVIDE (__init_array_start = .)
 *(SORT_BY_NAME(.init_array.*))
 *(.init_array*)
 .init_array    0x08004954        0x4 C:/ST/STM32CubeIDE_1.16.1/STM32CubeIDE/plugins/com.st.stm32cube.ide.mcu.externaltools.gnu-tools-for-stm32.12.3.rel1.win32_1.0.200.202406191623/tools/bin/../lib/gcc/arm-none-eabi/12.3.1/thumb/v8-m.main+fp/hard/crtbegin.o
                0x08004958                        PROVIDE (__init_array_end = .)
                0x08004958                        . = ALIGN (0x4)

.fini_array     0x08004958        0x4
                0x08004958                        . = ALIGN (0x4)
                [!provide]                        PROVIDE (__fini_array_start = .)
 *(SORT_BY_NAME(.fini_array.*))
 *(.fini_array*)
 .fini_array    0x08004958        0x4 C:/ST/STM32CubeIDE_1.16.1/STM32CubeIDE/plugins/com.st.stm32cube.ide.mcu.externaltools.gnu-tools-for-stm32.12.3.rel1.win32_1.0.200.202406191623/tools/bin/../lib/gcc/arm-none-eabi/12.3.1/thumb/v8-m.main+fp/hard/crtbegin.o
                [!provide]                        PROVIDE (__fini_array_end = .)
                0x0800495c                        . = ALIGN (0x4)
                0x0800495c                        _sidata = LOADADDR (.data)

.rel.dyn        0x0800495c        0x0
 .rel.iplt      0x0800495c        0x0 C:/ST/STM32CubeIDE_1.16.1/STM32CubeIDE/plugins/com.st.stm32cube.ide.mcu.externaltools.gnu-tools-for-stm32.12.3.rel1.win32_1.0.200.202406191623/tools/bin/../lib/gcc/arm-none-eabi/12.3.1/thumb/v8-m.main+fp/hard/crtbegin.o

.data           0x20000000       0x14 load address 0x0800495c
                0x20000000                        . = ALIGN (0x4)
                0x20000000                        _sdata = .
 *(.data)
 *(.data*)
 .data.SystemCoreClock
                0x20000000        0x4 ./Core/Src/system_stm32h5xx.o
                0x20000000                SystemCoreClock
 .data.uwTickPrio
                0x20000004        0x4 ./Drivers/STM32H5xx_HAL_Driver/Src/stm32h5xx_hal.o
                0x20000004                uwTickPrio
 .data.uwTickFreq
                0x20000008        0x1 ./Drivers/STM32H5xx_HAL_Driver/Src/stm32h5xx_hal.o
                0x20000008                uwTickFreq
 *fill*         0x20000009        0x3 
 .data.uxTopUsedPriority
                0x2000000c        0x4 ./Middlewares/Third_Party/FreeRTOS/Source/tasks.o
                0x2000000c                uxTopUsedPriority
 .data.ulCriticalNesting
                0x20000010        0x4 ./Middlewares/Third_Party/FreeRTOS/Source/portable/GCC/ARM_CM33_NTZ/non_secure/port.o
 *(.RamFunc)
 *(.RamFunc*)
                0x20000014                        . = ALIGN (0x4)
                0x20000014                        _edata = .

.igot.plt       0x20000014        0x0 load address 0x08004970
 .igot.plt      0x20000014        0x0 C:/ST/STM32CubeIDE_1.16.1/STM32CubeIDE/plugins/com.st.stm32cube.ide.mcu.externaltools.gnu-tools-for-stm32.12.3.rel1.win32_1.0.200.202406191623/tools/bin/../lib/gcc/arm-none-eabi/12.3.1/thumb/v8-m.main+fp/hard/crtbegin.o
                0x20000014                        . = ALIGN (0x4)

.bss            0x20000014     0x2bc0 load address 0x08004970
                0x20000014                        _sbss = .
                0x20000014                        __bss_start__ = _sbss
 *(.bss)
 .bss           0x20000014       0x1c C:/ST/STM32CubeIDE_1.16.1/STM32CubeIDE/plugins/com.st.stm32cube.ide.mcu.externaltools.gnu-tools-for-stm32.12.3.rel1.win32_1.0.200.202406191623/tools/bin/../lib/gcc/arm-none-eabi/12.3.1/thumb/v8-m.main+fp/hard/crtbegin.o
 *(.bss*)
 .bss.Task_Bsw_1msHandle
                0x20000030        0x4 ./Core/Src/app_freertos.o
                0x20000030                Task_Bsw_1msHandle
 .bss.Task_App_1msHandle
                0x20000034        0x4 ./Core/Src/app_freertos.o
                0x20000034                Task_App_1msHandle
 .bss.Task_Bsw_10msHandle
                0x20000038        0x4 ./Core/Src/app_freertos.o
                0x20000038                Task_Bsw_10msHandle
 .bss.Task_App_10msHandle
                0x2000003c        0x4 ./Core/Src/app_freertos.o
                0x2000003c                Task_App_10msHandle
 .bss.htim2     0x20000040       0x4c ./Core/Src/stm32h5xx_hal_timebase_tim.o
                0x20000040                htim2
 .bss.uwTick    0x2000008c        0x4 ./Drivers/STM32H5xx_HAL_Driver/Src/stm32h5xx_hal.o
                0x2000008c                uwTick
 .bss.KernelState
                0x20000090        0x4 ./Middlewares/Third_Party/FreeRTOS/Source/CMSIS_RTOS_V2/cmsis_os2.o
 .bss.Idle_TCB.3
                0x20000094       0x5c ./Middlewares/Third_Party/FreeRTOS/Source/CMSIS_RTOS_V2/cmsis_os2.o
 .bss.Idle_Stack.2
                0x200000f0      0x200 ./Middlewares/Third_Party/FreeRTOS/Source/CMSIS_RTOS_V2/cmsis_os2.o
 .bss.Timer_TCB.1
                0x200002f0       0x5c ./Middlewares/Third_Party/FreeRTOS/Source/CMSIS_RTOS_V2/cmsis_os2.o
 .bss.Timer_Stack.0
                0x2000034c      0x200 ./Middlewares/Third_Party/FreeRTOS/Source/CMSIS_RTOS_V2/cmsis_os2.o
 .bss.xQueueRegistry
                0x2000054c       0x40 ./Middlewares/Third_Party/FreeRTOS/Source/queue.o
                0x2000054c                xQueueRegistry
 .bss.pxCurrentTCB
                0x2000058c        0x4 ./Middlewares/Third_Party/FreeRTOS/Source/tasks.o
                0x2000058c                pxCurrentTCB
 .bss.pxReadyTasksLists
                0x20000590      0x460 ./Middlewares/Third_Party/FreeRTOS/Source/tasks.o
 .bss.xDelayedTaskList1
                0x200009f0       0x14 ./Middlewares/Third_Party/FreeRTOS/Source/tasks.o
 .bss.xDelayedTaskList2
                0x20000a04       0x14 ./Middlewares/Third_Party/FreeRTOS/Source/tasks.o
 .bss.pxDelayedTaskList
                0x20000a18        0x4 ./Middlewares/Third_Party/FreeRTOS/Source/tasks.o
 .bss.pxOverflowDelayedTaskList
                0x20000a1c        0x4 ./Middlewares/Third_Party/FreeRTOS/Source/tasks.o
 .bss.xPendingReadyList
                0x20000a20       0x14 ./Middlewares/Third_Party/FreeRTOS/Source/tasks.o
 .bss.xTasksWaitingTermination
                0x20000a34       0x14 ./Middlewares/Third_Party/FreeRTOS/Source/tasks.o
 .bss.uxDeletedTasksWaitingCleanUp
                0x20000a48        0x4 ./Middlewares/Third_Party/FreeRTOS/Source/tasks.o
 .bss.xSuspendedTaskList
                0x20000a4c       0x14 ./Middlewares/Third_Party/FreeRTOS/Source/tasks.o
 .bss.uxCurrentNumberOfTasks
                0x20000a60        0x4 ./Middlewares/Third_Party/FreeRTOS/Source/tasks.o
 .bss.xTickCount
                0x20000a64        0x4 ./Middlewares/Third_Party/FreeRTOS/Source/tasks.o
 .bss.uxTopReadyPriority
                0x20000a68        0x4 ./Middlewares/Third_Party/FreeRTOS/Source/tasks.o
 .bss.xSchedulerRunning
                0x20000a6c        0x4 ./Middlewares/Third_Party/FreeRTOS/Source/tasks.o
 .bss.xPendedTicks
                0x20000a70        0x4 ./Middlewares/Third_Party/FreeRTOS/Source/tasks.o
 .bss.xYieldPending
                0x20000a74        0x4 ./Middlewares/Third_Party/FreeRTOS/Source/tasks.o
 .bss.xNumOfOverflows
                0x20000a78        0x4 ./Middlewares/Third_Party/FreeRTOS/Source/tasks.o
 .bss.uxTaskNumber
                0x20000a7c        0x4 ./Middlewares/Third_Party/FreeRTOS/Source/tasks.o
 .bss.xNextTaskUnblockTime
                0x20000a80        0x4 ./Middlewares/Third_Party/FreeRTOS/Source/tasks.o
 .bss.xIdleTaskHandle
                0x20000a84        0x4 ./Middlewares/Third_Party/FreeRTOS/Source/tasks.o
 .bss.uxSchedulerSuspended
                0x20000a88        0x4 ./Middlewares/Third_Party/FreeRTOS/Source/tasks.o
 .bss.xActiveTimerList1
                0x20000a8c       0x14 ./Middlewares/Third_Party/FreeRTOS/Source/timers.o
 .bss.xActiveTimerList2
                0x20000aa0       0x14 ./Middlewares/Third_Party/FreeRTOS/Source/timers.o
 .bss.pxCurrentTimerList
                0x20000ab4        0x4 ./Middlewares/Third_Party/FreeRTOS/Source/timers.o
 .bss.pxOverflowTimerList
                0x20000ab8        0x4 ./Middlewares/Third_Party/FreeRTOS/Source/timers.o
 .bss.xTimerQueue
                0x20000abc        0x4 ./Middlewares/Third_Party/FreeRTOS/Source/timers.o
 .bss.xTimerTaskHandle
                0x20000ac0        0x4 ./Middlewares/Third_Party/FreeRTOS/Source/timers.o
 .bss.xLastTime.2
                0x20000ac4        0x4 ./Middlewares/Third_Party/FreeRTOS/Source/timers.o
 .bss.ucStaticTimerQueueStorage.1
                0x20000ac8       0xa0 ./Middlewares/Third_Party/FreeRTOS/Source/timers.o
 .bss.xStaticTimerQueue.0
                0x20000b68       0x50 ./Middlewares/Third_Party/FreeRTOS/Source/timers.o
 .bss.ucHeap    0x20000bb8     0x2000 ./Middlewares/Third_Party/FreeRTOS/Source/portable/MemMang/heap_4.o
 .bss.xStart    0x20002bb8        0x8 ./Middlewares/Third_Party/FreeRTOS/Source/portable/MemMang/heap_4.o
 .bss.pxEnd     0x20002bc0        0x4 ./Middlewares/Third_Party/FreeRTOS/Source/portable/MemMang/heap_4.o
 .bss.xFreeBytesRemaining
                0x20002bc4        0x4 ./Middlewares/Third_Party/FreeRTOS/Source/portable/MemMang/heap_4.o
 .bss.xMinimumEverFreeBytesRemaining
                0x20002bc8        0x4 ./Middlewares/Third_Party/FreeRTOS/Source/portable/MemMang/heap_4.o
 .bss.xNumberOfSuccessfulAllocations
                0x20002bcc        0x4 ./Middlewares/Third_Party/FreeRTOS/Source/portable/MemMang/heap_4.o
 .bss.xNumberOfSuccessfulFrees
                0x20002bd0        0x4 ./Middlewares/Third_Party/FreeRTOS/Source/portable/MemMang/heap_4.o
 *(COMMON)
                0x20002bd4                        . = ALIGN (0x4)
                0x20002bd4                        _ebss = .
                0x20002bd4                        __bss_end__ = _ebss

._user_heap_stack
                0x20002bd4      0x604 load address 0x08004970
                0x20002bd8                        . = ALIGN (0x8)
 *fill*         0x20002bd4        0x4 
                [!provide]                        PROVIDE (end = .)
                0x20002bd8                        PROVIDE (_end = .)
                0x20002dd8                        . = (. + _Min_Heap_Size)
 *fill*         0x20002bd8      0x200 
                0x200031d8                        . = (. + _Min_Stack_Size)
 *fill*         0x20002dd8      0x400 
                0x200031d8                        . = ALIGN (0x8)

/DISCARD/
 libc.a(*)
 libm.a(*)
 libgcc.a(*)

.ARM.attributes
                0x00000000       0x36
 *(.ARM.attributes)
 .ARM.attributes
                0x00000000       0x26 C:/ST/STM32CubeIDE_1.16.1/STM32CubeIDE/plugins/com.st.stm32cube.ide.mcu.externaltools.gnu-tools-for-stm32.12.3.rel1.win32_1.0.200.202406191623/tools/bin/../lib/gcc/arm-none-eabi/12.3.1/thumb/v8-m.main+fp/hard/crti.o
 .ARM.attributes
                0x00000026       0x38 C:/ST/STM32CubeIDE_1.16.1/STM32CubeIDE/plugins/com.st.stm32cube.ide.mcu.externaltools.gnu-tools-for-stm32.12.3.rel1.win32_1.0.200.202406191623/tools/bin/../lib/gcc/arm-none-eabi/12.3.1/thumb/v8-m.main+fp/hard/crtbegin.o
 .ARM.attributes
                0x0000005e       0x3a ./Core/Src/app_freertos.o
 .ARM.attributes
                0x00000098       0x3a ./Core/Src/main.o
 .ARM.attributes
                0x000000d2       0x3a ./Core/Src/stm32h5xx_hal_msp.o
 .ARM.attributes
                0x0000010c       0x3a ./Core/Src/stm32h5xx_hal_timebase_tim.o
 .ARM.attributes
                0x00000146       0x3a ./Core/Src/stm32h5xx_it.o
 .ARM.attributes
                0x00000180       0x3a ./Core/Src/system_stm32h5xx.o
 .ARM.attributes
                0x000001ba       0x24 ./Core/Startup/startup_stm32h533retx.o
 .ARM.attributes
                0x000001de       0x3a ./Drivers/STM32H5xx_HAL_Driver/Src/stm32h5xx_hal.o
 .ARM.attributes
                0x00000218       0x3a ./Drivers/STM32H5xx_HAL_Driver/Src/stm32h5xx_hal_cortex.o
 .ARM.attributes
                0x00000252       0x3a ./Drivers/STM32H5xx_HAL_Driver/Src/stm32h5xx_hal_icache.o
 .ARM.attributes
                0x0000028c       0x3a ./Drivers/STM32H5xx_HAL_Driver/Src/stm32h5xx_hal_rcc.o
 .ARM.attributes
                0x000002c6       0x3a ./Drivers/STM32H5xx_HAL_Driver/Src/stm32h5xx_hal_tim.o
 .ARM.attributes
                0x00000300       0x3a ./Drivers/STM32H5xx_HAL_Driver/Src/stm32h5xx_hal_tim_ex.o
 .ARM.attributes
                0x0000033a       0x3a ./Middlewares/Third_Party/FreeRTOS/Source/CMSIS_RTOS_V2/cmsis_os2.o
 .ARM.attributes
                0x00000374       0x3a ./Middlewares/Third_Party/FreeRTOS/Source/list.o
 .ARM.attributes
                0x000003ae       0x3a ./Middlewares/Third_Party/FreeRTOS/Source/queue.o
 .ARM.attributes
                0x000003e8       0x3a ./Middlewares/Third_Party/FreeRTOS/Source/tasks.o
 .ARM.attributes
                0x00000422       0x3a ./Middlewares/Third_Party/FreeRTOS/Source/timers.o
 .ARM.attributes
                0x0000045c       0x3a ./Middlewares/Third_Party/FreeRTOS/Source/portable/GCC/ARM_CM33_NTZ/non_secure/port.o
 .ARM.attributes
                0x00000496       0x3a ./Middlewares/Third_Party/FreeRTOS/Source/portable/GCC/ARM_CM33_NTZ/non_secure/portasm.o
 .ARM.attributes
                0x000004d0       0x3a ./Middlewares/Third_Party/FreeRTOS/Source/portable/MemMang/heap_4.o
 .ARM.attributes
                0x0000050a       0x38 C:/ST/STM32CubeIDE_1.16.1/STM32CubeIDE/plugins/com.st.stm32cube.ide.mcu.externaltools.gnu-tools-for-stm32.12.3.rel1.win32_1.0.200.202406191623/tools/bin/../lib/gcc/arm-none-eabi/12.3.1/../../../../arm-none-eabi/lib/thumb/v8-m.main+fp/hard\libc_nano.a(libc_a-memset.o)
 .ARM.attributes
                0x00000542       0x38 C:/ST/STM32CubeIDE_1.16.1/STM32CubeIDE/plugins/com.st.stm32cube.ide.mcu.externaltools.gnu-tools-for-stm32.12.3.rel1.win32_1.0.200.202406191623/tools/bin/../lib/gcc/arm-none-eabi/12.3.1/../../../../arm-none-eabi/lib/thumb/v8-m.main+fp/hard\libc_nano.a(libc_a-init.o)
 .ARM.attributes
                0x0000057a       0x38 C:/ST/STM32CubeIDE_1.16.1/STM32CubeIDE/plugins/com.st.stm32cube.ide.mcu.externaltools.gnu-tools-for-stm32.12.3.rel1.win32_1.0.200.202406191623/tools/bin/../lib/gcc/arm-none-eabi/12.3.1/../../../../arm-none-eabi/lib/thumb/v8-m.main+fp/hard\libc_nano.a(libc_a-memcpy-stub.o)
 .ARM.attributes
                0x000005b2       0x26 C:/ST/STM32CubeIDE_1.16.1/STM32CubeIDE/plugins/com.st.stm32cube.ide.mcu.externaltools.gnu-tools-for-stm32.12.3.rel1.win32_1.0.200.202406191623/tools/bin/../lib/gcc/arm-none-eabi/12.3.1/thumb/v8-m.main+fp/hard/crtn.o
OUTPUT(Debug_LightControlUnit.elf elf32-littlearm)
LOAD linker stubs
LOAD C:/ST/STM32CubeIDE_1.16.1/STM32CubeIDE/plugins/com.st.stm32cube.ide.mcu.externaltools.gnu-tools-for-stm32.12.3.rel1.win32_1.0.200.202406191623/tools/bin/../lib/gcc/arm-none-eabi/12.3.1/../../../../arm-none-eabi/lib/thumb/v8-m.main+fp/hard\libc.a
LOAD C:/ST/STM32CubeIDE_1.16.1/STM32CubeIDE/plugins/com.st.stm32cube.ide.mcu.externaltools.gnu-tools-for-stm32.12.3.rel1.win32_1.0.200.202406191623/tools/bin/../lib/gcc/arm-none-eabi/12.3.1/../../../../arm-none-eabi/lib/thumb/v8-m.main+fp/hard\libm.a
LOAD C:/ST/STM32CubeIDE_1.16.1/STM32CubeIDE/plugins/com.st.stm32cube.ide.mcu.externaltools.gnu-tools-for-stm32.12.3.rel1.win32_1.0.200.202406191623/tools/bin/../lib/gcc/arm-none-eabi/12.3.1/thumb/v8-m.main+fp/hard\libgcc.a

.debug_info     0x00000000    0x15bdc
 .debug_info    0x00000000      0x4a4 ./Core/Src/app_freertos.o
 .debug_info    0x000004a4     0x1579 ./Core/Src/main.o
 .debug_info    0x00001a1d      0x3b9 ./Core/Src/stm32h5xx_hal_msp.o
 .debug_info    0x00001dd6     0x112a ./Core/Src/stm32h5xx_hal_timebase_tim.o
 .debug_info    0x00002f00      0x946 ./Core/Src/stm32h5xx_it.o
 .debug_info    0x00003846      0xce0 ./Core/Src/system_stm32h5xx.o
 .debug_info    0x00004526       0x30 ./Core/Startup/startup_stm32h533retx.o
 .debug_info    0x00004556     0x1302 ./Drivers/STM32H5xx_HAL_Driver/Src/stm32h5xx_hal.o
 .debug_info    0x00005858     0x15e0 ./Drivers/STM32H5xx_HAL_Driver/Src/stm32h5xx_hal_cortex.o
 .debug_info    0x00006e38      0x4d6 ./Drivers/STM32H5xx_HAL_Driver/Src/stm32h5xx_hal_icache.o
 .debug_info    0x0000730e     0x1009 ./Drivers/STM32H5xx_HAL_Driver/Src/stm32h5xx_hal_rcc.o
 .debug_info    0x00008317     0x2e54 ./Drivers/STM32H5xx_HAL_Driver/Src/stm32h5xx_hal_tim.o
 .debug_info    0x0000b16b     0x1eaa ./Drivers/STM32H5xx_HAL_Driver/Src/stm32h5xx_hal_tim_ex.o
 .debug_info    0x0000d015     0x36a5 ./Middlewares/Third_Party/FreeRTOS/Source/CMSIS_RTOS_V2/cmsis_os2.o
 .debug_info    0x000106ba      0x2af ./Middlewares/Third_Party/FreeRTOS/Source/list.o
 .debug_info    0x00010969     0x15db ./Middlewares/Third_Party/FreeRTOS/Source/queue.o
 .debug_info    0x00011f44     0x20fd ./Middlewares/Third_Party/FreeRTOS/Source/tasks.o
 .debug_info    0x00014041     0x12bc ./Middlewares/Third_Party/FreeRTOS/Source/timers.o
 .debug_info    0x000152fd      0x2eb ./Middlewares/Third_Party/FreeRTOS/Source/portable/GCC/ARM_CM33_NTZ/non_secure/port.o
 .debug_info    0x000155e8      0x14e ./Middlewares/Third_Party/FreeRTOS/Source/portable/GCC/ARM_CM33_NTZ/non_secure/portasm.o
 .debug_info    0x00015736      0x4a6 ./Middlewares/Third_Party/FreeRTOS/Source/portable/MemMang/heap_4.o

.debug_abbrev   0x00000000     0x2dca
 .debug_abbrev  0x00000000      0x16f ./Core/Src/app_freertos.o
 .debug_abbrev  0x0000016f      0x2d9 ./Core/Src/main.o
 .debug_abbrev  0x00000448       0x95 ./Core/Src/stm32h5xx_hal_msp.o
 .debug_abbrev  0x000004dd      0x229 ./Core/Src/stm32h5xx_hal_timebase_tim.o
 .debug_abbrev  0x00000706      0x1af ./Core/Src/stm32h5xx_it.o
 .debug_abbrev  0x000008b5      0x13a ./Core/Src/system_stm32h5xx.o
 .debug_abbrev  0x000009ef       0x24 ./Core/Startup/startup_stm32h533retx.o
 .debug_abbrev  0x00000a13      0x2af ./Drivers/STM32H5xx_HAL_Driver/Src/stm32h5xx_hal.o
 .debug_abbrev  0x00000cc2      0x311 ./Drivers/STM32H5xx_HAL_Driver/Src/stm32h5xx_hal_cortex.o
 .debug_abbrev  0x00000fd3      0x228 ./Drivers/STM32H5xx_HAL_Driver/Src/stm32h5xx_hal_icache.o
 .debug_abbrev  0x000011fb      0x290 ./Drivers/STM32H5xx_HAL_Driver/Src/stm32h5xx_hal_rcc.o
 .debug_abbrev  0x0000148b      0x2bd ./Drivers/STM32H5xx_HAL_Driver/Src/stm32h5xx_hal_tim.o
 .debug_abbrev  0x00001748      0x2c7 ./Drivers/STM32H5xx_HAL_Driver/Src/stm32h5xx_hal_tim_ex.o
 .debug_abbrev  0x00001a0f      0x4eb ./Middlewares/Third_Party/FreeRTOS/Source/CMSIS_RTOS_V2/cmsis_os2.o
 .debug_abbrev  0x00001efa       0xf5 ./Middlewares/Third_Party/FreeRTOS/Source/list.o
 .debug_abbrev  0x00001fef      0x326 ./Middlewares/Third_Party/FreeRTOS/Source/queue.o
 .debug_abbrev  0x00002315      0x32b ./Middlewares/Third_Party/FreeRTOS/Source/tasks.o
 .debug_abbrev  0x00002640      0x326 ./Middlewares/Third_Party/FreeRTOS/Source/timers.o
 .debug_abbrev  0x00002966      0x1a5 ./Middlewares/Third_Party/FreeRTOS/Source/portable/GCC/ARM_CM33_NTZ/non_secure/port.o
 .debug_abbrev  0x00002b0b       0xb7 ./Middlewares/Third_Party/FreeRTOS/Source/portable/GCC/ARM_CM33_NTZ/non_secure/portasm.o
 .debug_abbrev  0x00002bc2      0x208 ./Middlewares/Third_Party/FreeRTOS/Source/portable/MemMang/heap_4.o

.debug_aranges  0x00000000     0x14c0
 .debug_aranges
                0x00000000       0x48 ./Core/Src/app_freertos.o
 .debug_aranges
                0x00000048       0x48 ./Core/Src/main.o
 .debug_aranges
                0x00000090       0x20 ./Core/Src/stm32h5xx_hal_msp.o
 .debug_aranges
                0x000000b0       0x30 ./Core/Src/stm32h5xx_hal_timebase_tim.o
 .debug_aranges
                0x000000e0       0x50 ./Core/Src/stm32h5xx_it.o
 .debug_aranges
                0x00000130       0x28 ./Core/Src/system_stm32h5xx.o
 .debug_aranges
                0x00000158       0x28 ./Core/Startup/startup_stm32h533retx.o
 .debug_aranges
                0x00000180      0x1f8 ./Drivers/STM32H5xx_HAL_Driver/Src/stm32h5xx_hal.o
 .debug_aranges
                0x00000378      0x140 ./Drivers/STM32H5xx_HAL_Driver/Src/stm32h5xx_hal_cortex.o
 .debug_aranges
                0x000004b8       0xa8 ./Drivers/STM32H5xx_HAL_Driver/Src/stm32h5xx_hal_icache.o
 .debug_aranges
                0x00000560       0xa0 ./Drivers/STM32H5xx_HAL_Driver/Src/stm32h5xx_hal_rcc.o
 .debug_aranges
                0x00000600      0x3e8 ./Drivers/STM32H5xx_HAL_Driver/Src/stm32h5xx_hal_tim.o
 .debug_aranges
                0x000009e8      0x240 ./Drivers/STM32H5xx_HAL_Driver/Src/stm32h5xx_hal_tim_ex.o
 .debug_aranges
                0x00000c28      0x2b0 ./Middlewares/Third_Party/FreeRTOS/Source/CMSIS_RTOS_V2/cmsis_os2.o
 .debug_aranges
                0x00000ed8       0x40 ./Middlewares/Third_Party/FreeRTOS/Source/list.o
 .debug_aranges
                0x00000f18      0x158 ./Middlewares/Third_Party/FreeRTOS/Source/queue.o
 .debug_aranges
                0x00001070      0x220 ./Middlewares/Third_Party/FreeRTOS/Source/tasks.o
 .debug_aranges
                0x00001290      0x100 ./Middlewares/Third_Party/FreeRTOS/Source/timers.o
 .debug_aranges
                0x00001390       0x70 ./Middlewares/Third_Party/FreeRTOS/Source/portable/GCC/ARM_CM33_NTZ/non_secure/port.o
 .debug_aranges
                0x00001400       0x60 ./Middlewares/Third_Party/FreeRTOS/Source/portable/GCC/ARM_CM33_NTZ/non_secure/portasm.o
 .debug_aranges
                0x00001460       0x60 ./Middlewares/Third_Party/FreeRTOS/Source/portable/MemMang/heap_4.o

.debug_rnglists
                0x00000000      0xfe9
 .debug_rnglists
                0x00000000       0x31 ./Core/Src/app_freertos.o
 .debug_rnglists
                0x00000031       0x33 ./Core/Src/main.o
 .debug_rnglists
                0x00000064       0x13 ./Core/Src/stm32h5xx_hal_msp.o
 .debug_rnglists
                0x00000077       0x20 ./Core/Src/stm32h5xx_hal_timebase_tim.o
 .debug_rnglists
                0x00000097       0x37 ./Core/Src/stm32h5xx_it.o
 .debug_rnglists
                0x000000ce       0x1b ./Core/Src/system_stm32h5xx.o
 .debug_rnglists
                0x000000e9       0x19 ./Core/Startup/startup_stm32h533retx.o
 .debug_rnglists
                0x00000102      0x177 ./Drivers/STM32H5xx_HAL_Driver/Src/stm32h5xx_hal.o
 .debug_rnglists
                0x00000279       0xec ./Drivers/STM32H5xx_HAL_Driver/Src/stm32h5xx_hal_cortex.o
 .debug_rnglists
                0x00000365       0x7a ./Drivers/STM32H5xx_HAL_Driver/Src/stm32h5xx_hal_icache.o
 .debug_rnglists
                0x000003df       0x79 ./Drivers/STM32H5xx_HAL_Driver/Src/stm32h5xx_hal_rcc.o
 .debug_rnglists
                0x00000458      0x32e ./Drivers/STM32H5xx_HAL_Driver/Src/stm32h5xx_hal_tim.o
 .debug_rnglists
                0x00000786      0x1cb ./Drivers/STM32H5xx_HAL_Driver/Src/stm32h5xx_hal_tim_ex.o
 .debug_rnglists
                0x00000951      0x212 ./Middlewares/Third_Party/FreeRTOS/Source/CMSIS_RTOS_V2/cmsis_os2.o
 .debug_rnglists
                0x00000b63       0x2b ./Middlewares/Third_Party/FreeRTOS/Source/list.o
 .debug_rnglists
                0x00000b8e      0x10b ./Middlewares/Third_Party/FreeRTOS/Source/queue.o
 .debug_rnglists
                0x00000c99      0x1b4 ./Middlewares/Third_Party/FreeRTOS/Source/tasks.o
 .debug_rnglists
                0x00000e4d       0xc1 ./Middlewares/Third_Party/FreeRTOS/Source/timers.o
 .debug_rnglists
                0x00000f0e       0x50 ./Middlewares/Third_Party/FreeRTOS/Source/portable/GCC/ARM_CM33_NTZ/non_secure/port.o
 .debug_rnglists
                0x00000f5e       0x43 ./Middlewares/Third_Party/FreeRTOS/Source/portable/GCC/ARM_CM33_NTZ/non_secure/portasm.o
 .debug_rnglists
                0x00000fa1       0x48 ./Middlewares/Third_Party/FreeRTOS/Source/portable/MemMang/heap_4.o

.debug_macro    0x00000000    0x2cae6
 .debug_macro   0x00000000      0x311 ./Core/Src/app_freertos.o
 .debug_macro   0x00000311      0xaba ./Core/Src/app_freertos.o
 .debug_macro   0x00000dcb      0x189 ./Core/Src/app_freertos.o
 .debug_macro   0x00000f54       0x22 ./Core/Src/app_freertos.o
 .debug_macro   0x00000f76       0x8e ./Core/Src/app_freertos.o
 .debug_macro   0x00001004       0x51 ./Core/Src/app_freertos.o
 .debug_macro   0x00001055      0x103 ./Core/Src/app_freertos.o
 .debug_macro   0x00001158       0x6a ./Core/Src/app_freertos.o
 .debug_macro   0x000011c2      0x1df ./Core/Src/app_freertos.o
 .debug_macro   0x000013a1      0x194 ./Core/Src/app_freertos.o
 .debug_macro   0x00001535      0x15a ./Core/Src/app_freertos.o
 .debug_macro   0x0000168f      0x1a5 ./Core/Src/app_freertos.o
 .debug_macro   0x00001834       0x1c ./Core/Src/app_freertos.o
 .debug_macro   0x00001850       0x10 ./Core/Src/app_freertos.o
 .debug_macro   0x00001860       0x1f ./Core/Src/app_freertos.o
 .debug_macro   0x0000187f       0x12 ./Core/Src/app_freertos.o
 .debug_macro   0x00001891      0x4bd ./Core/Src/app_freertos.o
 .debug_macro   0x00001d4e       0xc3 ./Core/Src/app_freertos.o
 .debug_macro   0x00001e11      0x120 ./Core/Src/app_freertos.o
 .debug_macro   0x00001f31      0x199 ./Core/Src/app_freertos.o
 .debug_macro   0x000020ca       0x61 ./Core/Src/app_freertos.o
 .debug_macro   0x0000212b       0x2a ./Core/Src/app_freertos.o
 .debug_macro   0x00002155       0x43 ./Core/Src/app_freertos.o
 .debug_macro   0x00002198       0x34 ./Core/Src/app_freertos.o
 .debug_macro   0x000021cc       0x16 ./Core/Src/app_freertos.o
 .debug_macro   0x000021e2       0x43 ./Core/Src/app_freertos.o
 .debug_macro   0x00002225       0x34 ./Core/Src/app_freertos.o
 .debug_macro   0x00002259       0x10 ./Core/Src/app_freertos.o
 .debug_macro   0x00002269       0x58 ./Core/Src/app_freertos.o
 .debug_macro   0x000022c1       0x8e ./Core/Src/app_freertos.o
 .debug_macro   0x0000234f       0x1c ./Core/Src/app_freertos.o
 .debug_macro   0x0000236b      0x177 ./Core/Src/app_freertos.o
 .debug_macro   0x000024e2      0x369 ./Core/Src/app_freertos.o
 .debug_macro   0x0000284b      0x19b ./Core/Src/app_freertos.o
 .debug_macro   0x000029e6       0x28 ./Core/Src/app_freertos.o
 .debug_macro   0x00002a0e       0x42 ./Core/Src/app_freertos.o
 .debug_macro   0x00002a50       0x1c ./Core/Src/app_freertos.o
 .debug_macro   0x00002a6c       0x29 ./Core/Src/app_freertos.o
 .debug_macro   0x00002a95       0xfb ./Core/Src/app_freertos.o
 .debug_macro   0x00002b90     0x1685 ./Core/Src/app_freertos.o
 .debug_macro   0x00004215       0x5e ./Core/Src/app_freertos.o
 .debug_macro   0x00004273    0x1c059 ./Core/Src/app_freertos.o
 .debug_macro   0x000202cc       0x6d ./Core/Src/app_freertos.o
 .debug_macro   0x00020339     0x3891 ./Core/Src/app_freertos.o
 .debug_macro   0x00023bca       0x63 ./Core/Src/app_freertos.o
 .debug_macro   0x00023c2d     0x1a59 ./Core/Src/app_freertos.o
 .debug_macro   0x00025686      0xa9f ./Core/Src/app_freertos.o
 .debug_macro   0x00026125      0x166 ./Core/Src/app_freertos.o
 .debug_macro   0x0002628b      0x266 ./Core/Src/app_freertos.o
 .debug_macro   0x000264f1       0xca ./Core/Src/app_freertos.o
 .debug_macro   0x000265bb      0x765 ./Core/Src/app_freertos.o
 .debug_macro   0x00026d20      0x424 ./Core/Src/app_freertos.o
 .debug_macro   0x00027144       0xd6 ./Core/Src/app_freertos.o
 .debug_macro   0x0002721a      0x1ce ./Core/Src/app_freertos.o
 .debug_macro   0x000273e8      0x2b4 ./Core/Src/app_freertos.o
 .debug_macro   0x0002769c      0x57b ./Core/Src/app_freertos.o
 .debug_macro   0x00027c17       0x74 ./Core/Src/app_freertos.o
 .debug_macro   0x00027c8b      0x313 ./Core/Src/app_freertos.o
 .debug_macro   0x00027f9e      0x1bb ./Core/Src/app_freertos.o
 .debug_macro   0x00028159      0xbe8 ./Core/Src/app_freertos.o
 .debug_macro   0x00028d41      0x37d ./Core/Src/app_freertos.o
 .debug_macro   0x000290be      0x253 ./Core/Src/app_freertos.o
 .debug_macro   0x00029311      0x3f9 ./Core/Src/app_freertos.o
 .debug_macro   0x0002970a       0x28 ./Core/Src/app_freertos.o
 .debug_macro   0x00029732       0x74 ./Core/Src/app_freertos.o
 .debug_macro   0x000297a6      0x285 ./Core/Src/main.o
 .debug_macro   0x00029a2b       0x5b ./Core/Src/main.o
 .debug_macro   0x00029a86       0x94 ./Core/Src/main.o
 .debug_macro   0x00029b1a       0x57 ./Core/Src/main.o
 .debug_macro   0x00029b71      0x272 ./Core/Src/stm32h5xx_hal_msp.o
 .debug_macro   0x00029de3      0x263 ./Core/Src/stm32h5xx_hal_timebase_tim.o
 .debug_macro   0x0002a046      0x27c ./Core/Src/stm32h5xx_it.o
 .debug_macro   0x0002a2c2      0x26a ./Core/Src/system_stm32h5xx.o
 .debug_macro   0x0002a52c      0x299 ./Drivers/STM32H5xx_HAL_Driver/Src/stm32h5xx_hal.o
 .debug_macro   0x0002a7c5      0x263 ./Drivers/STM32H5xx_HAL_Driver/Src/stm32h5xx_hal_cortex.o
 .debug_macro   0x0002aa28      0x295 ./Drivers/STM32H5xx_HAL_Driver/Src/stm32h5xx_hal_icache.o
 .debug_macro   0x0002acbd      0x2a5 ./Drivers/STM32H5xx_HAL_Driver/Src/stm32h5xx_hal_rcc.o
 .debug_macro   0x0002af62      0x26b ./Drivers/STM32H5xx_HAL_Driver/Src/stm32h5xx_hal_tim.o
 .debug_macro   0x0002b1cd      0x269 ./Drivers/STM32H5xx_HAL_Driver/Src/stm32h5xx_hal_tim_ex.o
 .debug_macro   0x0002b436      0x3cd ./Middlewares/Third_Party/FreeRTOS/Source/CMSIS_RTOS_V2/cmsis_os2.o
 .debug_macro   0x0002b803       0x10 ./Middlewares/Third_Party/FreeRTOS/Source/CMSIS_RTOS_V2/cmsis_os2.o
 .debug_macro   0x0002b813       0x20 ./Middlewares/Third_Party/FreeRTOS/Source/CMSIS_RTOS_V2/cmsis_os2.o
 .debug_macro   0x0002b833       0x10 ./Middlewares/Third_Party/FreeRTOS/Source/CMSIS_RTOS_V2/cmsis_os2.o
 .debug_macro   0x0002b843       0xf5 ./Middlewares/Third_Party/FreeRTOS/Source/CMSIS_RTOS_V2/cmsis_os2.o
 .debug_macro   0x0002b938       0x91 ./Middlewares/Third_Party/FreeRTOS/Source/CMSIS_RTOS_V2/cmsis_os2.o
 .debug_macro   0x0002b9c9       0x8d ./Middlewares/Third_Party/FreeRTOS/Source/CMSIS_RTOS_V2/cmsis_os2.o
 .debug_macro   0x0002ba56       0xa1 ./Middlewares/Third_Party/FreeRTOS/Source/CMSIS_RTOS_V2/cmsis_os2.o
 .debug_macro   0x0002baf7       0x22 ./Middlewares/Third_Party/FreeRTOS/Source/CMSIS_RTOS_V2/cmsis_os2.o
 .debug_macro   0x0002bb19      0x1a7 ./Middlewares/Third_Party/FreeRTOS/Source/list.o
 .debug_macro   0x0002bcc0      0x23e ./Middlewares/Third_Party/FreeRTOS/Source/queue.o
 .debug_macro   0x0002befe       0x16 ./Middlewares/Third_Party/FreeRTOS/Source/queue.o
 .debug_macro   0x0002bf14       0x87 ./Middlewares/Third_Party/FreeRTOS/Source/queue.o
 .debug_macro   0x0002bf9b      0x293 ./Middlewares/Third_Party/FreeRTOS/Source/tasks.o
 .debug_macro   0x0002c22e       0x17 ./Middlewares/Third_Party/FreeRTOS/Source/tasks.o
 .debug_macro   0x0002c245      0x1f6 ./Middlewares/Third_Party/FreeRTOS/Source/timers.o
 .debug_macro   0x0002c43b       0x97 ./Middlewares/Third_Party/FreeRTOS/Source/timers.o
 .debug_macro   0x0002c4d2      0x30c ./Middlewares/Third_Party/FreeRTOS/Source/portable/GCC/ARM_CM33_NTZ/non_secure/port.o
 .debug_macro   0x0002c7de       0xe6 ./Middlewares/Third_Party/FreeRTOS/Source/portable/GCC/ARM_CM33_NTZ/non_secure/portasm.o
 .debug_macro   0x0002c8c4      0x222 ./Middlewares/Third_Party/FreeRTOS/Source/portable/MemMang/heap_4.o

.debug_line     0x00000000    0x15d9c
 .debug_line    0x00000000      0xa6d ./Core/Src/app_freertos.o
 .debug_line    0x00000a6d      0x99f ./Core/Src/main.o
 .debug_line    0x0000140c      0x86b ./Core/Src/stm32h5xx_hal_msp.o
 .debug_line    0x00001c77      0x8e0 ./Core/Src/stm32h5xx_hal_timebase_tim.o
 .debug_line    0x00002557      0x908 ./Core/Src/stm32h5xx_it.o
 .debug_line    0x00002e5f      0x9ed ./Core/Src/system_stm32h5xx.o
 .debug_line    0x0000384c       0x7b ./Core/Startup/startup_stm32h533retx.o
 .debug_line    0x000038c7      0xf5c ./Drivers/STM32H5xx_HAL_Driver/Src/stm32h5xx_hal.o
 .debug_line    0x00004823      0xedc ./Drivers/STM32H5xx_HAL_Driver/Src/stm32h5xx_hal_cortex.o
 .debug_line    0x000056ff      0xb51 ./Drivers/STM32H5xx_HAL_Driver/Src/stm32h5xx_hal_icache.o
 .debug_line    0x00006250     0x12e7 ./Drivers/STM32H5xx_HAL_Driver/Src/stm32h5xx_hal_rcc.o
 .debug_line    0x00007537     0x4474 ./Drivers/STM32H5xx_HAL_Driver/Src/stm32h5xx_hal_tim.o
 .debug_line    0x0000b9ab     0x22f0 ./Drivers/STM32H5xx_HAL_Driver/Src/stm32h5xx_hal_tim_ex.o
 .debug_line    0x0000dc9b     0x2171 ./Middlewares/Third_Party/FreeRTOS/Source/CMSIS_RTOS_V2/cmsis_os2.o
 .debug_line    0x0000fe0c      0x7c0 ./Middlewares/Third_Party/FreeRTOS/Source/list.o
 .debug_line    0x000105cc     0x1567 ./Middlewares/Third_Party/FreeRTOS/Source/queue.o
 .debug_line    0x00011b33     0x1db9 ./Middlewares/Third_Party/FreeRTOS/Source/tasks.o
 .debug_line    0x000138ec      0xd1d ./Middlewares/Third_Party/FreeRTOS/Source/timers.o
 .debug_line    0x00014609      0x767 ./Middlewares/Third_Party/FreeRTOS/Source/portable/GCC/ARM_CM33_NTZ/non_secure/port.o
 .debug_line    0x00014d70      0x619 ./Middlewares/Third_Party/FreeRTOS/Source/portable/GCC/ARM_CM33_NTZ/non_secure/portasm.o
 .debug_line    0x00015389      0xa13 ./Middlewares/Third_Party/FreeRTOS/Source/portable/MemMang/heap_4.o

.debug_str      0x00000000   0x11f20f
 .debug_str     0x00000000   0x113ec5 ./Core/Src/app_freertos.o
                             0x1141d8 (size before relaxing)
 .debug_str     0x00113ec5      0xd65 ./Core/Src/main.o
                             0x10f741 (size before relaxing)
 .debug_str     0x00114c2a      0x65e ./Core/Src/stm32h5xx_hal_msp.o
                             0x10ed2b (size before relaxing)
 .debug_str     0x00115288      0x11a ./Core/Src/stm32h5xx_hal_timebase_tim.o
                             0x10f729 (size before relaxing)
 .debug_str     0x001153a2       0xb5 ./Core/Src/stm32h5xx_it.o
                             0x10ee41 (size before relaxing)
 .debug_str     0x00115457      0x1c7 ./Core/Src/system_stm32h5xx.o
                             0x10ec5e (size before relaxing)
 .debug_str     0x0011561e       0x44 ./Core/Startup/startup_stm32h533retx.o
                                 0x8f (size before relaxing)
 .debug_str     0x00115662      0x90d ./Drivers/STM32H5xx_HAL_Driver/Src/stm32h5xx_hal.o
                             0x10fa0c (size before relaxing)
 .debug_str     0x00115f6f      0x3e6 ./Drivers/STM32H5xx_HAL_Driver/Src/stm32h5xx_hal_cortex.o
                             0x10f5c7 (size before relaxing)
 .debug_str     0x00116355      0x673 ./Drivers/STM32H5xx_HAL_Driver/Src/stm32h5xx_hal_icache.o
                             0x10ed5e (size before relaxing)
 .debug_str     0x001169c8      0x3cb ./Drivers/STM32H5xx_HAL_Driver/Src/stm32h5xx_hal_rcc.o
                             0x10f1a3 (size before relaxing)
 .debug_str     0x00116d93      0xfe4 ./Drivers/STM32H5xx_HAL_Driver/Src/stm32h5xx_hal_tim.o
                             0x10fe7f (size before relaxing)
 .debug_str     0x00117d77      0x995 ./Drivers/STM32H5xx_HAL_Driver/Src/stm32h5xx_hal_tim_ex.o
                             0x10faa9 (size before relaxing)
 .debug_str     0x0011870c     0x30a5 ./Middlewares/Third_Party/FreeRTOS/Source/CMSIS_RTOS_V2/cmsis_os2.o
                             0x117a75 (size before relaxing)
 .debug_str     0x0011b7b1      0x258 ./Middlewares/Third_Party/FreeRTOS/Source/list.o
                               0xb4d5 (size before relaxing)
 .debug_str     0x0011ba09      0xa7e ./Middlewares/Third_Party/FreeRTOS/Source/queue.o
                               0xdde1 (size before relaxing)
 .debug_str     0x0011c487     0x11b0 ./Middlewares/Third_Party/FreeRTOS/Source/tasks.o
                               0xe798 (size before relaxing)
 .debug_str     0x0011d637      0x5ec ./Middlewares/Third_Party/FreeRTOS/Source/timers.o
                               0xe12d (size before relaxing)
 .debug_str     0x0011dc23      0xf79 ./Middlewares/Third_Party/FreeRTOS/Source/portable/GCC/ARM_CM33_NTZ/non_secure/port.o
                               0xa4ae (size before relaxing)
 .debug_str     0x0011eb9c       0xaa ./Middlewares/Third_Party/FreeRTOS/Source/portable/GCC/ARM_CM33_NTZ/non_secure/portasm.o
                               0x77b3 (size before relaxing)
 .debug_str     0x0011ec46      0x5c9 ./Middlewares/Third_Party/FreeRTOS/Source/portable/MemMang/heap_4.o
                               0xccd1 (size before relaxing)

.comment        0x00000000       0x43
 .comment       0x00000000       0x43 ./Core/Src/app_freertos.o
                                 0x44 (size before relaxing)
 .comment       0x00000043       0x44 ./Core/Src/main.o
 .comment       0x00000043       0x44 ./Core/Src/stm32h5xx_hal_msp.o
 .comment       0x00000043       0x44 ./Core/Src/stm32h5xx_hal_timebase_tim.o
 .comment       0x00000043       0x44 ./Core/Src/stm32h5xx_it.o
 .comment       0x00000043       0x44 ./Core/Src/system_stm32h5xx.o
 .comment       0x00000043       0x44 ./Drivers/STM32H5xx_HAL_Driver/Src/stm32h5xx_hal.o
 .comment       0x00000043       0x44 ./Drivers/STM32H5xx_HAL_Driver/Src/stm32h5xx_hal_cortex.o
 .comment       0x00000043       0x44 ./Drivers/STM32H5xx_HAL_Driver/Src/stm32h5xx_hal_icache.o
 .comment       0x00000043       0x44 ./Drivers/STM32H5xx_HAL_Driver/Src/stm32h5xx_hal_rcc.o
 .comment       0x00000043       0x44 ./Drivers/STM32H5xx_HAL_Driver/Src/stm32h5xx_hal_tim.o
 .comment       0x00000043       0x44 ./Drivers/STM32H5xx_HAL_Driver/Src/stm32h5xx_hal_tim_ex.o
 .comment       0x00000043       0x44 ./Middlewares/Third_Party/FreeRTOS/Source/CMSIS_RTOS_V2/cmsis_os2.o
 .comment       0x00000043       0x44 ./Middlewares/Third_Party/FreeRTOS/Source/list.o
 .comment       0x00000043       0x44 ./Middlewares/Third_Party/FreeRTOS/Source/queue.o
 .comment       0x00000043       0x44 ./Middlewares/Third_Party/FreeRTOS/Source/tasks.o
 .comment       0x00000043       0x44 ./Middlewares/Third_Party/FreeRTOS/Source/timers.o
 .comment       0x00000043       0x44 ./Middlewares/Third_Party/FreeRTOS/Source/portable/GCC/ARM_CM33_NTZ/non_secure/port.o
 .comment       0x00000043       0x44 ./Middlewares/Third_Party/FreeRTOS/Source/portable/GCC/ARM_CM33_NTZ/non_secure/portasm.o
 .comment       0x00000043       0x44 ./Middlewares/Third_Party/FreeRTOS/Source/portable/MemMang/heap_4.o

.debug_frame    0x00000000     0x566c
 .debug_frame   0x00000000       0xd4 ./Core/Src/app_freertos.o
 .debug_frame   0x000000d4       0xd0 ./Core/Src/main.o
 .debug_frame   0x000001a4       0x2c ./Core/Src/stm32h5xx_hal_msp.o
 .debug_frame   0x000001d0       0x74 ./Core/Src/stm32h5xx_hal_timebase_tim.o
 .debug_frame   0x00000244       0xc4 ./Core/Src/stm32h5xx_it.o
 .debug_frame   0x00000308       0x60 ./Core/Src/system_stm32h5xx.o
 .debug_frame   0x00000368      0x800 ./Drivers/STM32H5xx_HAL_Driver/Src/stm32h5xx_hal.o
 .debug_frame   0x00000b68      0x560 ./Drivers/STM32H5xx_HAL_Driver/Src/stm32h5xx_hal_cortex.o
 .debug_frame   0x000010c8      0x298 ./Drivers/STM32H5xx_HAL_Driver/Src/stm32h5xx_hal_icache.o
 .debug_frame   0x00001360      0x268 ./Drivers/STM32H5xx_HAL_Driver/Src/stm32h5xx_hal_rcc.o
 .debug_frame   0x000015c8     0x1258 ./Drivers/STM32H5xx_HAL_Driver/Src/stm32h5xx_hal_tim.o
 .debug_frame   0x00002820      0xa70 ./Drivers/STM32H5xx_HAL_Driver/Src/stm32h5xx_hal_tim_ex.o
 .debug_frame   0x00003290      0xbe0 ./Middlewares/Third_Party/FreeRTOS/Source/CMSIS_RTOS_V2/cmsis_os2.o
 .debug_frame   0x00003e70       0xd8 ./Middlewares/Third_Party/FreeRTOS/Source/list.o
 .debug_frame   0x00003f48      0x5d0 ./Middlewares/Third_Party/FreeRTOS/Source/queue.o
 .debug_frame   0x00004518      0x950 ./Middlewares/Third_Party/FreeRTOS/Source/tasks.o
 .debug_frame   0x00004e68      0x424 ./Middlewares/Third_Party/FreeRTOS/Source/timers.o
 .debug_frame   0x0000528c      0x17c ./Middlewares/Third_Party/FreeRTOS/Source/portable/GCC/ARM_CM33_NTZ/non_secure/port.o
 .debug_frame   0x00005408       0xa0 ./Middlewares/Third_Party/FreeRTOS/Source/portable/GCC/ARM_CM33_NTZ/non_secure/portasm.o
 .debug_frame   0x000054a8      0x150 ./Middlewares/Third_Party/FreeRTOS/Source/portable/MemMang/heap_4.o
 .debug_frame   0x000055f8       0x20 C:/ST/STM32CubeIDE_1.16.1/STM32CubeIDE/plugins/com.st.stm32cube.ide.mcu.externaltools.gnu-tools-for-stm32.12.3.rel1.win32_1.0.200.202406191623/tools/bin/../lib/gcc/arm-none-eabi/12.3.1/../../../../arm-none-eabi/lib/thumb/v8-m.main+fp/hard\libc_nano.a(libc_a-memset.o)
 .debug_frame   0x00005618       0x2c C:/ST/STM32CubeIDE_1.16.1/STM32CubeIDE/plugins/com.st.stm32cube.ide.mcu.externaltools.gnu-tools-for-stm32.12.3.rel1.win32_1.0.200.202406191623/tools/bin/../lib/gcc/arm-none-eabi/12.3.1/../../../../arm-none-eabi/lib/thumb/v8-m.main+fp/hard\libc_nano.a(libc_a-init.o)
 .debug_frame   0x00005644       0x28 C:/ST/STM32CubeIDE_1.16.1/STM32CubeIDE/plugins/com.st.stm32cube.ide.mcu.externaltools.gnu-tools-for-stm32.12.3.rel1.win32_1.0.200.202406191623/tools/bin/../lib/gcc/arm-none-eabi/12.3.1/../../../../arm-none-eabi/lib/thumb/v8-m.main+fp/hard\libc_nano.a(libc_a-memcpy-stub.o)

.debug_line_str
                0x00000000       0x73
 .debug_line_str
                0x00000000       0x73 ./Core/Startup/startup_stm32h533retx.o
